-- The C compiler identification is GNU 13.3.0
-- The CXX compiler identification is GNU 13.3.0
-- Detecting C compiler ABI info
-- Detecting C compiler ABI info - done
-- Check for working C compiler: /usr/bin/cc - skipped
-- Detecting C compile features
-- Detecting C compile features - done
-- Detecting CXX compiler ABI info
-- Detecting CXX compiler ABI info - done
-- Check for working CXX compiler: /usr/bin/c++ - skipped
-- Detecting CXX compile features
-- Detecting CXX compile features - done
-- Found ament_cmake: 2.5.6 (/opt/ros/jazzy/share/ament_cmake/cmake)
-- Found Python3: /usr/bin/python3 (found version "3.12.3") found components: Interpreter 
-- Override CMake install command with custom implementation using symlinks instead of copying resources
-- Found rclcpp: 28.1.18 (/opt/ros/jazzy/share/rclcpp/cmake)
-- Found rosidl_generator_c: 4.6.7 (/opt/ros/jazzy/share/rosidl_generator_c/cmake)
-- Found rosidl_generator_cpp: 4.6.7 (/opt/ros/jazzy/share/rosidl_generator_cpp/cmake)
-- Using all available rosidl_typesupport_c: rosidl_typesupport_fastrtps_c;rosidl_typesupport_introspection_c
-- Using all available rosidl_typesupport_cpp: rosidl_typesupport_fastrtps_cpp;rosidl_typesupport_introspection_cpp
-- Found rmw_implementation_cmake: 7.3.3 (/opt/ros/jazzy/share/rmw_implementation_cmake/cmake)
-- Found rmw_fastrtps_cpp: 8.4.3 (/opt/ros/jazzy/share/rmw_fastrtps_cpp/cmake)
-- Found OpenSSL: /usr/lib/aarch64-linux-gnu/libcrypto.so (found version "3.0.13")  
-- Found FastRTPS: /opt/ros/jazzy/include (Required is at least version "2.13") 
-- Using RMW implementation 'rmw_fastrtps_cpp' as default
-- Found std_msgs: 5.3.7 (/opt/ros/jazzy/share/std_msgs/cmake)
-- Found geometry_msgs: 5.3.7 (/opt/ros/jazzy/share/geometry_msgs/cmake)
-- Found marvelmind_ros2_msgs: 1.0.2 (/home/hutalia/ROS2_Hutalia/ros2_ws/install/marvelmind_ros2_msgs/share/marvelmind_ros2_msgs/cmake)
-- Found rosidl_default_generators: 1.6.0 (/opt/ros/jazzy/share/rosidl_default_generators/cmake)
-- Found rosidl_adapter: 4.6.7 (/opt/ros/jazzy/share/rosidl_adapter/cmake)
-- Found ament_lint_auto: 0.17.5 (/opt/ros/jazzy/share/ament_lint_auto/cmake)
-- Added test 'cppcheck' to perform static code analysis on C / C++ code
-- Configured cppcheck include dirs: /home/hutalia/ROS2_Hutalia/ros2_ws/src/marvelmind_ros2_upstream/include
-- Configured cppcheck exclude dirs and/or files: 
-- Added test 'cpplint' to check C / C++ code against the Google style
-- Configured cpplint exclude dirs and/or files: 
-- Added test 'flake8' to check Python code syntax and style conventions
-- Configured 'flake8' exclude dirs and/or files: 
-- Added test 'lint_cmake' to check CMake code style
-- Added test 'pep257' to check Python code against some of the docstring style conventions in PEP 257
-- Added test 'uncrustify' to check C / C++ code style
-- Configured uncrustify additional arguments: 
-- Added test 'xmllint' to check XML markup files
-- Configuring done (7.3s)
-- Generating done (0.1s)
-- Build files have been written to: /home/hutalia/ROS2_Hutalia/ros2_ws/build/marvelmind_ros2
[ 12%] [32mBuilding C object CMakeFiles/marvelmind_hedge_lib.dir/src/marvelmind_hedge.c.o[0m
[ 25%] [32mBuilding C object CMakeFiles/marvelmind_api_lib.dir/src/marvelmind_api.c.o[0m
[ 37%] [32m[1mLinking C static library libmarvelmind_hedge_lib.a[0m
[ 37%] Built target marvelmind_hedge_lib
[ 50%] [32mBuilding CXX object CMakeFiles/marvelmind_ros2.dir/src/marvelmind_ros2.cpp.o[0m
[ 62%] [32m[1mLinking C static library libmarvelmind_api_lib.a[0m
[ 62%] Built target marvelmind_api_lib
[ 75%] [32mBuilding CXX object CMakeFiles/marvelmind_api_ros2.dir/src/marvelmind_api_ros2.cpp.o[0m
[ 87%] [32m[1mLinking CXX executable marvelmind_api_ros2[0m
[ 87%] Built target marvelmind_api_ros2
[100%] [32m[1mLinking CXX executable marvelmind_ros2[0m
[100%] Built target marvelmind_ros2
-- Install configuration: ""
-- Execute custom install script
-- Symlinking: /home/hutalia/ROS2_Hutalia/ros2_ws/install/marvelmind_ros2/lib/marvelmind_ros2/marvelmind_ros2
-- Symlinking: /home/hutalia/ROS2_Hutalia/ros2_ws/install/marvelmind_ros2/lib/marvelmind_ros2/marvelmind_api_ros2
-- Symlinking: /home/hutalia/ROS2_Hutalia/ros2_ws/install/marvelmind_ros2/share/marvelmind_ros2/config/marvelmind_ros2_config.yaml
-- Symlinking: /home/hutalia/ROS2_Hutalia/ros2_ws/install/marvelmind_ros2/share/marvelmind_ros2/launch/marvelmind_api_ros2.launch.py
-- Symlinking: /home/hutalia/ROS2_Hutalia/ros2_ws/install/marvelmind_ros2/share/marvelmind_ros2/launch/marvelmind_ros2.launch.py
-- Symlinking: /home/hutalia/ROS2_Hutalia/ros2_ws/install/marvelmind_ros2/share/ament_index/resource_index/package_run_dependencies/marvelmind_ros2
-- Symlinking: /home/hutalia/ROS2_Hutalia/ros2_ws/install/marvelmind_ros2/share/ament_index/resource_index/parent_prefix_path/marvelmind_ros2
-- Symlinking: /home/hutalia/ROS2_Hutalia/ros2_ws/install/marvelmind_ros2/share/marvelmind_ros2/environment/ament_prefix_path.sh
-- Symlinking: /home/hutalia/ROS2_Hutalia/ros2_ws/install/marvelmind_ros2/share/marvelmind_ros2/environment/ament_prefix_path.dsv
-- Symlinking: /home/hutalia/ROS2_Hutalia/ros2_ws/install/marvelmind_ros2/share/marvelmind_ros2/environment/path.sh
-- Symlinking: /home/hutalia/ROS2_Hutalia/ros2_ws/install/marvelmind_ros2/share/marvelmind_ros2/environment/path.dsv
-- Symlinking: /home/hutalia/ROS2_Hutalia/ros2_ws/install/marvelmind_ros2/share/marvelmind_ros2/local_setup.bash
-- Symlinking: /home/hutalia/ROS2_Hutalia/ros2_ws/install/marvelmind_ros2/share/marvelmind_ros2/local_setup.sh
-- Symlinking: /home/hutalia/ROS2_Hutalia/ros2_ws/install/marvelmind_ros2/share/marvelmind_ros2/local_setup.zsh
-- Symlinking: /home/hutalia/ROS2_Hutalia/ros2_ws/install/marvelmind_ros2/share/marvelmind_ros2/local_setup.dsv
-- Symlinking: /home/hutalia/ROS2_Hutalia/ros2_ws/install/marvelmind_ros2/share/marvelmind_ros2/package.dsv
-- Symlinking: /home/hutalia/ROS2_Hutalia/ros2_ws/install/marvelmind_ros2/share/ament_index/resource_index/packages/marvelmind_ros2
-- Symlinking: /home/hutalia/ROS2_Hutalia/ros2_ws/install/marvelmind_ros2/share/marvelmind_ros2/cmake/marvelmind_ros2Config.cmake
-- Symlinking: /home/hutalia/ROS2_Hutalia/ros2_ws/install/marvelmind_ros2/share/marvelmind_ros2/cmake/marvelmind_ros2Config-version.cmake
-- Symlinking: /home/hutalia/ROS2_Hutalia/ros2_ws/install/marvelmind_ros2/share/marvelmind_ros2/package.xml
