[0.565s] DEBUG:colcon:Command line arguments: ['/usr/bin/colcon', 'build', '--symlink-install']
[0.566s] DEBUG:colcon:Parsed command line arguments: Namespace(log_base=None, log_level=None, verb_name='build', build_base='build', install_base='install', merge_install=False, symlink_install=True, test_result_base=None, continue_on_error=False, executor='parallel', parallel_workers=4, event_handlers=None, ignore_user_meta=False, metas=['./colcon.meta'], base_paths=['.'], packages_ignore=None, packages_ignore_regex=None, paths=None, packages_up_to=None, packages_up_to_regex=None, packages_above=None, packages_above_and_dependencies=None, packages_above_depth=None, packages_select_by_dep=None, packages_skip_by_dep=None, packages_skip_up_to=None, packages_select_build_failed=False, packages_skip_build_finished=False, packages_select_test_failures=False, packages_skip_test_passed=False, packages_select=None, packages_skip=None, packages_select_regex=None, packages_skip_regex=None, packages_start=None, packages_end=None, allow_overriding=[], cmake_args=None, cmake_target=None, cmake_target_skip_unavailable=False, cmake_clean_cache=False, cmake_clean_first=False, cmake_force_configure=False, ament_cmake_args=None, catkin_cmake_args=None, catkin_skip_building_tests=False, mixin_files=None, mixin=None, verb_parser=<colcon_mixin.mixin.mixin_argument.MixinArgumentDecorator object at 0xffff81f708f0>, verb_extension=<colcon_core.verb.build.BuildVerb object at 0xffff821250d0>, main=<bound method BuildVerb.main of <colcon_core.verb.build.BuildVerb object at 0xffff821250d0>>, mixin_verb=('build',))
[0.816s] Level 1:colcon.colcon_core.package_discovery:discover_packages(colcon_meta) check parameters
[0.817s] Level 1:colcon.colcon_core.package_discovery:discover_packages(recursive) check parameters
[0.817s] Level 1:colcon.colcon_core.package_discovery:discover_packages(ignore) check parameters
[0.817s] Level 1:colcon.colcon_core.package_discovery:discover_packages(path) check parameters
[0.817s] Level 1:colcon.colcon_core.package_discovery:discover_packages(colcon_meta) discover
[0.817s] Level 1:colcon.colcon_core.package_discovery:discover_packages(recursive) discover
[0.818s] INFO:colcon.colcon_core.package_discovery:Crawling recursively for packages in '/home/hutalia/ROS2_Hutalia/ros2_ws'
[0.818s] Level 1:colcon.colcon_core.package_identification:_identify(.) by extensions ['ignore', 'ignore_ament_install']
[0.818s] Level 1:colcon.colcon_core.package_identification:_identify(.) by extension 'ignore'
[0.819s] Level 1:colcon.colcon_core.package_identification:_identify(.) by extension 'ignore_ament_install'
[0.819s] Level 1:colcon.colcon_core.package_identification:_identify(.) by extensions ['colcon_pkg']
[0.819s] Level 1:colcon.colcon_core.package_identification:_identify(.) by extension 'colcon_pkg'
[0.819s] Level 1:colcon.colcon_core.package_identification:_identify(.) by extensions ['colcon_meta']
[0.819s] Level 1:colcon.colcon_core.package_identification:_identify(.) by extension 'colcon_meta'
[0.819s] Level 1:colcon.colcon_core.package_identification:_identify(.) by extensions ['ros']
[0.820s] Level 1:colcon.colcon_core.package_identification:_identify(.) by extension 'ros'
[0.925s] Level 1:colcon.colcon_core.package_identification:_identify(.) by extensions ['cmake', 'python']
[0.925s] Level 1:colcon.colcon_core.package_identification:_identify(.) by extension 'cmake'
[0.925s] Level 1:colcon.colcon_core.package_identification:_identify(.) by extension 'python'
[0.925s] Level 1:colcon.colcon_core.package_identification:_identify(.) by extensions ['python_setup_py']
[0.925s] Level 1:colcon.colcon_core.package_identification:_identify(.) by extension 'python_setup_py'
[0.926s] Level 1:colcon.colcon_core.package_identification:_identify(build) by extensions ['ignore', 'ignore_ament_install']
[0.926s] Level 1:colcon.colcon_core.package_identification:_identify(build) by extension 'ignore'
[0.926s] Level 1:colcon.colcon_core.package_identification:_identify(build) ignored
[0.927s] Level 1:colcon.colcon_core.package_identification:_identify(install) by extensions ['ignore', 'ignore_ament_install']
[0.928s] Level 1:colcon.colcon_core.package_identification:_identify(install) by extension 'ignore'
[0.928s] Level 1:colcon.colcon_core.package_identification:_identify(install) ignored
[0.928s] Level 1:colcon.colcon_core.package_identification:_identify(log) by extensions ['ignore', 'ignore_ament_install']
[0.928s] Level 1:colcon.colcon_core.package_identification:_identify(log) by extension 'ignore'
[0.929s] Level 1:colcon.colcon_core.package_identification:_identify(log) ignored
[0.929s] Level 1:colcon.colcon_core.package_identification:_identify(src) by extensions ['ignore', 'ignore_ament_install']
[0.929s] Level 1:colcon.colcon_core.package_identification:_identify(src) by extension 'ignore'
[0.930s] Level 1:colcon.colcon_core.package_identification:_identify(src) by extension 'ignore_ament_install'
[0.930s] Level 1:colcon.colcon_core.package_identification:_identify(src) by extensions ['colcon_pkg']
[0.930s] Level 1:colcon.colcon_core.package_identification:_identify(src) by extension 'colcon_pkg'
[0.930s] Level 1:colcon.colcon_core.package_identification:_identify(src) by extensions ['colcon_meta']
[0.930s] Level 1:colcon.colcon_core.package_identification:_identify(src) by extension 'colcon_meta'
[0.930s] Level 1:colcon.colcon_core.package_identification:_identify(src) by extensions ['ros']
[0.931s] Level 1:colcon.colcon_core.package_identification:_identify(src) by extension 'ros'
[0.931s] Level 1:colcon.colcon_core.package_identification:_identify(src) by extensions ['cmake', 'python']
[0.931s] Level 1:colcon.colcon_core.package_identification:_identify(src) by extension 'cmake'
[0.931s] Level 1:colcon.colcon_core.package_identification:_identify(src) by extension 'python'
[0.931s] Level 1:colcon.colcon_core.package_identification:_identify(src) by extensions ['python_setup_py']
[0.932s] Level 1:colcon.colcon_core.package_identification:_identify(src) by extension 'python_setup_py'
[0.932s] Level 1:colcon.colcon_core.package_identification:_identify(src/droneload) by extensions ['ignore', 'ignore_ament_install']
[0.932s] Level 1:colcon.colcon_core.package_identification:_identify(src/droneload) by extension 'ignore'
[0.933s] Level 1:colcon.colcon_core.package_identification:_identify(src/droneload) by extension 'ignore_ament_install'
[0.933s] Level 1:colcon.colcon_core.package_identification:_identify(src/droneload) by extensions ['colcon_pkg']
[0.933s] Level 1:colcon.colcon_core.package_identification:_identify(src/droneload) by extension 'colcon_pkg'
[0.933s] Level 1:colcon.colcon_core.package_identification:_identify(src/droneload) by extensions ['colcon_meta']
[0.933s] Level 1:colcon.colcon_core.package_identification:_identify(src/droneload) by extension 'colcon_meta'
[0.933s] Level 1:colcon.colcon_core.package_identification:_identify(src/droneload) by extensions ['ros']
[0.933s] Level 1:colcon.colcon_core.package_identification:_identify(src/droneload) by extension 'ros'
[0.942s] DEBUG:colcon.colcon_core.package_identification:Package 'src/droneload' with type 'ros.ament_python' and name 'droneload'
[0.943s] Level 1:colcon.colcon_core.package_identification:_identify(src/marvelmind_ros2_msgs_upstream) by extensions ['ignore', 'ignore_ament_install']
[0.943s] Level 1:colcon.colcon_core.package_identification:_identify(src/marvelmind_ros2_msgs_upstream) by extension 'ignore'
[0.943s] Level 1:colcon.colcon_core.package_identification:_identify(src/marvelmind_ros2_msgs_upstream) by extension 'ignore_ament_install'
[0.944s] Level 1:colcon.colcon_core.package_identification:_identify(src/marvelmind_ros2_msgs_upstream) by extensions ['colcon_pkg']
[0.944s] Level 1:colcon.colcon_core.package_identification:_identify(src/marvelmind_ros2_msgs_upstream) by extension 'colcon_pkg'
[0.944s] Level 1:colcon.colcon_core.package_identification:_identify(src/marvelmind_ros2_msgs_upstream) by extensions ['colcon_meta']
[0.944s] Level 1:colcon.colcon_core.package_identification:_identify(src/marvelmind_ros2_msgs_upstream) by extension 'colcon_meta'
[0.944s] Level 1:colcon.colcon_core.package_identification:_identify(src/marvelmind_ros2_msgs_upstream) by extensions ['ros']
[0.944s] Level 1:colcon.colcon_core.package_identification:_identify(src/marvelmind_ros2_msgs_upstream) by extension 'ros'
[0.947s] DEBUG:colcon.colcon_core.package_identification:Package 'src/marvelmind_ros2_msgs_upstream' with type 'ros.ament_cmake' and name 'marvelmind_ros2_msgs'
[0.948s] Level 1:colcon.colcon_core.package_identification:_identify(src/marvelmind_ros2_upstream) by extensions ['ignore', 'ignore_ament_install']
[0.948s] Level 1:colcon.colcon_core.package_identification:_identify(src/marvelmind_ros2_upstream) by extension 'ignore'
[0.949s] Level 1:colcon.colcon_core.package_identification:_identify(src/marvelmind_ros2_upstream) by extension 'ignore_ament_install'
[0.949s] Level 1:colcon.colcon_core.package_identification:_identify(src/marvelmind_ros2_upstream) by extensions ['colcon_pkg']
[0.949s] Level 1:colcon.colcon_core.package_identification:_identify(src/marvelmind_ros2_upstream) by extension 'colcon_pkg'
[0.949s] Level 1:colcon.colcon_core.package_identification:_identify(src/marvelmind_ros2_upstream) by extensions ['colcon_meta']
[0.949s] Level 1:colcon.colcon_core.package_identification:_identify(src/marvelmind_ros2_upstream) by extension 'colcon_meta'
[0.950s] Level 1:colcon.colcon_core.package_identification:_identify(src/marvelmind_ros2_upstream) by extensions ['ros']
[0.950s] Level 1:colcon.colcon_core.package_identification:_identify(src/marvelmind_ros2_upstream) by extension 'ros'
[0.953s] DEBUG:colcon.colcon_core.package_identification:Package 'src/marvelmind_ros2_upstream' with type 'ros.ament_cmake' and name 'marvelmind_ros2'
[0.953s] Level 1:colcon.colcon_core.package_discovery:discover_packages(recursive) using defaults
[0.953s] Level 1:colcon.colcon_core.package_discovery:discover_packages(ignore) discover
[0.953s] Level 1:colcon.colcon_core.package_discovery:discover_packages(ignore) using defaults
[0.953s] Level 1:colcon.colcon_core.package_discovery:discover_packages(path) discover
[0.953s] Level 1:colcon.colcon_core.package_discovery:discover_packages(path) using defaults
[1.024s] Level 1:colcon.colcon_core.package_discovery:discover_packages(prefix_path) check parameters
[1.024s] Level 1:colcon.colcon_core.package_discovery:discover_packages(prefix_path) discover
[1.037s] DEBUG:colcon.colcon_installed_package_information.package_discovery:Found 205 installed packages in /opt/ros/jazzy
[1.040s] Level 1:colcon.colcon_core.package_discovery:discover_packages(prefix_path) using defaults
[1.179s] Level 5:colcon.colcon_core.verb:set package 'marvelmind_ros2_msgs' build argument 'cmake_args' from command line to 'None'
[1.180s] Level 5:colcon.colcon_core.verb:set package 'marvelmind_ros2_msgs' build argument 'cmake_target' from command line to 'None'
[1.180s] Level 5:colcon.colcon_core.verb:set package 'marvelmind_ros2_msgs' build argument 'cmake_target_skip_unavailable' from command line to 'False'
[1.180s] Level 5:colcon.colcon_core.verb:set package 'marvelmind_ros2_msgs' build argument 'cmake_clean_cache' from command line to 'False'
[1.180s] Level 5:colcon.colcon_core.verb:set package 'marvelmind_ros2_msgs' build argument 'cmake_clean_first' from command line to 'False'
[1.180s] Level 5:colcon.colcon_core.verb:set package 'marvelmind_ros2_msgs' build argument 'cmake_force_configure' from command line to 'False'
[1.180s] Level 5:colcon.colcon_core.verb:set package 'marvelmind_ros2_msgs' build argument 'ament_cmake_args' from command line to 'None'
[1.180s] Level 5:colcon.colcon_core.verb:set package 'marvelmind_ros2_msgs' build argument 'catkin_cmake_args' from command line to 'None'
[1.180s] Level 5:colcon.colcon_core.verb:set package 'marvelmind_ros2_msgs' build argument 'catkin_skip_building_tests' from command line to 'False'
[1.181s] DEBUG:colcon.colcon_core.verb:Building package 'marvelmind_ros2_msgs' with the following arguments: {'ament_cmake_args': None, 'build_base': '/home/hutalia/ROS2_Hutalia/ros2_ws/build/marvelmind_ros2_msgs', 'catkin_cmake_args': None, 'catkin_skip_building_tests': False, 'cmake_args': None, 'cmake_clean_cache': False, 'cmake_clean_first': False, 'cmake_force_configure': False, 'cmake_target': None, 'cmake_target_skip_unavailable': False, 'install_base': '/home/hutalia/ROS2_Hutalia/ros2_ws/install/marvelmind_ros2_msgs', 'merge_install': False, 'path': '/home/hutalia/ROS2_Hutalia/ros2_ws/src/marvelmind_ros2_msgs_upstream', 'symlink_install': True, 'test_result_base': None}
[1.182s] Level 5:colcon.colcon_core.verb:set package 'droneload' build argument 'cmake_args' from command line to 'None'
[1.182s] Level 5:colcon.colcon_core.verb:set package 'droneload' build argument 'cmake_target' from command line to 'None'
[1.182s] Level 5:colcon.colcon_core.verb:set package 'droneload' build argument 'cmake_target_skip_unavailable' from command line to 'False'
[1.182s] Level 5:colcon.colcon_core.verb:set package 'droneload' build argument 'cmake_clean_cache' from command line to 'False'
[1.183s] Level 5:colcon.colcon_core.verb:set package 'droneload' build argument 'cmake_clean_first' from command line to 'False'
[1.183s] Level 5:colcon.colcon_core.verb:set package 'droneload' build argument 'cmake_force_configure' from command line to 'False'
[1.183s] Level 5:colcon.colcon_core.verb:set package 'droneload' build argument 'ament_cmake_args' from command line to 'None'
[1.183s] Level 5:colcon.colcon_core.verb:set package 'droneload' build argument 'catkin_cmake_args' from command line to 'None'
[1.183s] Level 5:colcon.colcon_core.verb:set package 'droneload' build argument 'catkin_skip_building_tests' from command line to 'False'
[1.183s] DEBUG:colcon.colcon_core.verb:Building package 'droneload' with the following arguments: {'ament_cmake_args': None, 'build_base': '/home/hutalia/ROS2_Hutalia/ros2_ws/build/droneload', 'catkin_cmake_args': None, 'catkin_skip_building_tests': False, 'cmake_args': None, 'cmake_clean_cache': False, 'cmake_clean_first': False, 'cmake_force_configure': False, 'cmake_target': None, 'cmake_target_skip_unavailable': False, 'install_base': '/home/hutalia/ROS2_Hutalia/ros2_ws/install/droneload', 'merge_install': False, 'path': '/home/hutalia/ROS2_Hutalia/ros2_ws/src/droneload', 'symlink_install': True, 'test_result_base': None}
[1.184s] Level 5:colcon.colcon_core.verb:set package 'marvelmind_ros2' build argument 'cmake_args' from command line to 'None'
[1.185s] Level 5:colcon.colcon_core.verb:set package 'marvelmind_ros2' build argument 'cmake_target' from command line to 'None'
[1.185s] Level 5:colcon.colcon_core.verb:set package 'marvelmind_ros2' build argument 'cmake_target_skip_unavailable' from command line to 'False'
[1.185s] Level 5:colcon.colcon_core.verb:set package 'marvelmind_ros2' build argument 'cmake_clean_cache' from command line to 'False'
[1.185s] Level 5:colcon.colcon_core.verb:set package 'marvelmind_ros2' build argument 'cmake_clean_first' from command line to 'False'
[1.185s] Level 5:colcon.colcon_core.verb:set package 'marvelmind_ros2' build argument 'cmake_force_configure' from command line to 'False'
[1.185s] Level 5:colcon.colcon_core.verb:set package 'marvelmind_ros2' build argument 'ament_cmake_args' from command line to 'None'
[1.185s] Level 5:colcon.colcon_core.verb:set package 'marvelmind_ros2' build argument 'catkin_cmake_args' from command line to 'None'
[1.185s] Level 5:colcon.colcon_core.verb:set package 'marvelmind_ros2' build argument 'catkin_skip_building_tests' from command line to 'False'
[1.185s] DEBUG:colcon.colcon_core.verb:Building package 'marvelmind_ros2' with the following arguments: {'ament_cmake_args': None, 'build_base': '/home/hutalia/ROS2_Hutalia/ros2_ws/build/marvelmind_ros2', 'catkin_cmake_args': None, 'catkin_skip_building_tests': False, 'cmake_args': None, 'cmake_clean_cache': False, 'cmake_clean_first': False, 'cmake_force_configure': False, 'cmake_target': None, 'cmake_target_skip_unavailable': False, 'install_base': '/home/hutalia/ROS2_Hutalia/ros2_ws/install/marvelmind_ros2', 'merge_install': False, 'path': '/home/hutalia/ROS2_Hutalia/ros2_ws/src/marvelmind_ros2_upstream', 'symlink_install': True, 'test_result_base': None}
[1.186s] INFO:colcon.colcon_core.executor:Executing jobs using 'parallel' executor
[1.189s] DEBUG:colcon.colcon_parallel_executor.executor.parallel:run_until_complete
[1.190s] INFO:colcon.colcon_ros.task.ament_cmake.build:Building ROS package in '/home/hutalia/ROS2_Hutalia/ros2_ws/src/marvelmind_ros2_msgs_upstream' with build type 'ament_cmake'
[1.191s] INFO:colcon.colcon_cmake.task.cmake.build:Building CMake package in '/home/hutalia/ROS2_Hutalia/ros2_ws/src/marvelmind_ros2_msgs_upstream'
[1.199s] INFO:colcon.colcon_core.plugin_system:Skipping extension 'colcon_core.shell.bat': Not used on non-Windows systems
[1.200s] INFO:colcon.colcon_core.shell:Skip shell extension 'powershell' for command environment: Not usable outside of PowerShell
[1.201s] DEBUG:colcon.colcon_core.shell:Skip shell extension 'dsv' for command environment
[1.242s] DEBUG:colcon.colcon_core.event_handler.log_command:Invoking command in '/home/hutalia/ROS2_Hutalia/ros2_ws/build/marvelmind_ros2_msgs': CMAKE_PREFIX_PATH=/opt/ros/jazzy /usr/bin/cmake /home/hutalia/ROS2_Hutalia/ros2_ws/src/marvelmind_ros2_msgs_upstream -DAMENT_CMAKE_SYMLINK_INSTALL=1 -DCMAKE_INSTALL_PREFIX=/home/hutalia/ROS2_Hutalia/ros2_ws/install/marvelmind_ros2_msgs
[21.177s] DEBUG:colcon.colcon_core.event_handler.log_command:Invoked command in '/home/hutalia/ROS2_Hutalia/ros2_ws/build/marvelmind_ros2_msgs' returned '0': CMAKE_PREFIX_PATH=/opt/ros/jazzy /usr/bin/cmake /home/hutalia/ROS2_Hutalia/ros2_ws/src/marvelmind_ros2_msgs_upstream -DAMENT_CMAKE_SYMLINK_INSTALL=1 -DCMAKE_INSTALL_PREFIX=/home/hutalia/ROS2_Hutalia/ros2_ws/install/marvelmind_ros2_msgs
[21.183s] DEBUG:colcon.colcon_core.event_handler.log_command:Invoking command in '/home/hutalia/ROS2_Hutalia/ros2_ws/build/marvelmind_ros2_msgs': CMAKE_PREFIX_PATH=/opt/ros/jazzy /usr/bin/cmake --build /home/hutalia/ROS2_Hutalia/ros2_ws/build/marvelmind_ros2_msgs -- -j4 -l4
[94.323s] DEBUG:colcon.colcon_core.event_handler.log_command:Invoked command in '/home/hutalia/ROS2_Hutalia/ros2_ws/build/marvelmind_ros2_msgs' returned '0': CMAKE_PREFIX_PATH=/opt/ros/jazzy /usr/bin/cmake --build /home/hutalia/ROS2_Hutalia/ros2_ws/build/marvelmind_ros2_msgs -- -j4 -l4
[94.371s] DEBUG:colcon.colcon_core.event_handler.log_command:Invoking command in '/home/hutalia/ROS2_Hutalia/ros2_ws/build/marvelmind_ros2_msgs': CMAKE_PREFIX_PATH=/opt/ros/jazzy /usr/bin/cmake --install /home/hutalia/ROS2_Hutalia/ros2_ws/build/marvelmind_ros2_msgs
[107.026s] Level 1:colcon.colcon_core.environment:create_environment_scripts_only(marvelmind_ros2_msgs)
[107.027s] DEBUG:colcon.colcon_core.event_handler.log_command:Invoked command in '/home/hutalia/ROS2_Hutalia/ros2_ws/build/marvelmind_ros2_msgs' returned '0': CMAKE_PREFIX_PATH=/opt/ros/jazzy /usr/bin/cmake --install /home/hutalia/ROS2_Hutalia/ros2_ws/build/marvelmind_ros2_msgs
[107.052s] Level 1:colcon.colcon_core.environment:checking '/home/hutalia/ROS2_Hutalia/ros2_ws/install/marvelmind_ros2_msgs' for CMake module files
[107.059s] Level 1:colcon.colcon_core.environment:checking '/home/hutalia/ROS2_Hutalia/ros2_ws/install/marvelmind_ros2_msgs' for CMake config files
[107.066s] Level 1:colcon.colcon_core.shell:create_environment_hook('marvelmind_ros2_msgs', 'cmake_prefix_path')
[107.066s] INFO:colcon.colcon_core.shell:Creating environment hook '/home/hutalia/ROS2_Hutalia/ros2_ws/install/marvelmind_ros2_msgs/share/marvelmind_ros2_msgs/hook/cmake_prefix_path.ps1'
[107.069s] INFO:colcon.colcon_core.shell:Creating environment descriptor '/home/hutalia/ROS2_Hutalia/ros2_ws/install/marvelmind_ros2_msgs/share/marvelmind_ros2_msgs/hook/cmake_prefix_path.dsv'
[107.071s] INFO:colcon.colcon_core.shell:Creating environment hook '/home/hutalia/ROS2_Hutalia/ros2_ws/install/marvelmind_ros2_msgs/share/marvelmind_ros2_msgs/hook/cmake_prefix_path.sh'
[107.074s] Level 1:colcon.colcon_core.environment:checking '/home/hutalia/ROS2_Hutalia/ros2_ws/install/marvelmind_ros2_msgs/lib'
[107.074s] Level 1:colcon.colcon_core.shell:create_environment_hook('marvelmind_ros2_msgs', 'ld_library_path_lib')
[107.075s] INFO:colcon.colcon_core.shell:Creating environment hook '/home/hutalia/ROS2_Hutalia/ros2_ws/install/marvelmind_ros2_msgs/share/marvelmind_ros2_msgs/hook/ld_library_path_lib.ps1'
[107.077s] INFO:colcon.colcon_core.shell:Creating environment descriptor '/home/hutalia/ROS2_Hutalia/ros2_ws/install/marvelmind_ros2_msgs/share/marvelmind_ros2_msgs/hook/ld_library_path_lib.dsv'
[107.078s] INFO:colcon.colcon_core.shell:Creating environment hook '/home/hutalia/ROS2_Hutalia/ros2_ws/install/marvelmind_ros2_msgs/share/marvelmind_ros2_msgs/hook/ld_library_path_lib.sh'
[107.080s] Level 1:colcon.colcon_core.environment:checking '/home/hutalia/ROS2_Hutalia/ros2_ws/install/marvelmind_ros2_msgs/bin'
[107.080s] Level 1:colcon.colcon_core.environment:checking '/home/hutalia/ROS2_Hutalia/ros2_ws/install/marvelmind_ros2_msgs/lib/pkgconfig/marvelmind_ros2_msgs.pc'
[107.081s] Level 1:colcon.colcon_core.environment:checking '/home/hutalia/ROS2_Hutalia/ros2_ws/install/marvelmind_ros2_msgs/lib/python3.12/site-packages'
[107.082s] Level 1:colcon.colcon_core.shell:create_environment_hook('marvelmind_ros2_msgs', 'pythonpath')
[107.083s] INFO:colcon.colcon_core.shell:Creating environment hook '/home/hutalia/ROS2_Hutalia/ros2_ws/install/marvelmind_ros2_msgs/share/marvelmind_ros2_msgs/hook/pythonpath.ps1'
[107.084s] INFO:colcon.colcon_core.shell:Creating environment descriptor '/home/hutalia/ROS2_Hutalia/ros2_ws/install/marvelmind_ros2_msgs/share/marvelmind_ros2_msgs/hook/pythonpath.dsv'
[107.086s] INFO:colcon.colcon_core.shell:Creating environment hook '/home/hutalia/ROS2_Hutalia/ros2_ws/install/marvelmind_ros2_msgs/share/marvelmind_ros2_msgs/hook/pythonpath.sh'
[107.089s] Level 1:colcon.colcon_core.environment:checking '/home/hutalia/ROS2_Hutalia/ros2_ws/install/marvelmind_ros2_msgs/bin'
[107.090s] INFO:colcon.colcon_core.shell:Creating package script '/home/hutalia/ROS2_Hutalia/ros2_ws/install/marvelmind_ros2_msgs/share/marvelmind_ros2_msgs/package.ps1'
[107.095s] INFO:colcon.colcon_core.shell:Creating package descriptor '/home/hutalia/ROS2_Hutalia/ros2_ws/install/marvelmind_ros2_msgs/share/marvelmind_ros2_msgs/package.dsv'
[107.098s] INFO:colcon.colcon_core.shell:Creating package script '/home/hutalia/ROS2_Hutalia/ros2_ws/install/marvelmind_ros2_msgs/share/marvelmind_ros2_msgs/package.sh'
[107.102s] INFO:colcon.colcon_core.shell:Creating package script '/home/hutalia/ROS2_Hutalia/ros2_ws/install/marvelmind_ros2_msgs/share/marvelmind_ros2_msgs/package.bash'
[107.105s] INFO:colcon.colcon_core.shell:Creating package script '/home/hutalia/ROS2_Hutalia/ros2_ws/install/marvelmind_ros2_msgs/share/marvelmind_ros2_msgs/package.zsh'
[107.108s] Level 1:colcon.colcon_core.environment:create_file_with_runtime_dependencies(/home/hutalia/ROS2_Hutalia/ros2_ws/install/marvelmind_ros2_msgs/share/colcon-core/packages/marvelmind_ros2_msgs)
[107.111s] Level 1:colcon.colcon_core.environment:create_environment_scripts_only(marvelmind_ros2_msgs)
[107.113s] Level 1:colcon.colcon_core.environment:checking '/home/hutalia/ROS2_Hutalia/ros2_ws/install/marvelmind_ros2_msgs' for CMake module files
[107.118s] Level 1:colcon.colcon_core.environment:checking '/home/hutalia/ROS2_Hutalia/ros2_ws/install/marvelmind_ros2_msgs' for CMake config files
[107.125s] Level 1:colcon.colcon_core.shell:create_environment_hook('marvelmind_ros2_msgs', 'cmake_prefix_path')
[107.126s] INFO:colcon.colcon_core.shell:Creating environment hook '/home/hutalia/ROS2_Hutalia/ros2_ws/install/marvelmind_ros2_msgs/share/marvelmind_ros2_msgs/hook/cmake_prefix_path.ps1'
[107.127s] INFO:colcon.colcon_core.shell:Creating environment descriptor '/home/hutalia/ROS2_Hutalia/ros2_ws/install/marvelmind_ros2_msgs/share/marvelmind_ros2_msgs/hook/cmake_prefix_path.dsv'
[107.129s] INFO:colcon.colcon_core.shell:Creating environment hook '/home/hutalia/ROS2_Hutalia/ros2_ws/install/marvelmind_ros2_msgs/share/marvelmind_ros2_msgs/hook/cmake_prefix_path.sh'
[107.132s] Level 1:colcon.colcon_core.environment:checking '/home/hutalia/ROS2_Hutalia/ros2_ws/install/marvelmind_ros2_msgs/lib'
[107.132s] Level 1:colcon.colcon_core.shell:create_environment_hook('marvelmind_ros2_msgs', 'ld_library_path_lib')
[107.133s] INFO:colcon.colcon_core.shell:Creating environment hook '/home/hutalia/ROS2_Hutalia/ros2_ws/install/marvelmind_ros2_msgs/share/marvelmind_ros2_msgs/hook/ld_library_path_lib.ps1'
[107.135s] INFO:colcon.colcon_core.shell:Creating environment descriptor '/home/hutalia/ROS2_Hutalia/ros2_ws/install/marvelmind_ros2_msgs/share/marvelmind_ros2_msgs/hook/ld_library_path_lib.dsv'
[107.137s] INFO:colcon.colcon_core.shell:Creating environment hook '/home/hutalia/ROS2_Hutalia/ros2_ws/install/marvelmind_ros2_msgs/share/marvelmind_ros2_msgs/hook/ld_library_path_lib.sh'
[107.138s] Level 1:colcon.colcon_core.environment:checking '/home/hutalia/ROS2_Hutalia/ros2_ws/install/marvelmind_ros2_msgs/bin'
[107.139s] Level 1:colcon.colcon_core.environment:checking '/home/hutalia/ROS2_Hutalia/ros2_ws/install/marvelmind_ros2_msgs/lib/pkgconfig/marvelmind_ros2_msgs.pc'
[107.140s] Level 1:colcon.colcon_core.environment:checking '/home/hutalia/ROS2_Hutalia/ros2_ws/install/marvelmind_ros2_msgs/lib/python3.12/site-packages'
[107.140s] Level 1:colcon.colcon_core.shell:create_environment_hook('marvelmind_ros2_msgs', 'pythonpath')
[107.141s] INFO:colcon.colcon_core.shell:Creating environment hook '/home/hutalia/ROS2_Hutalia/ros2_ws/install/marvelmind_ros2_msgs/share/marvelmind_ros2_msgs/hook/pythonpath.ps1'
[107.143s] INFO:colcon.colcon_core.shell:Creating environment descriptor '/home/hutalia/ROS2_Hutalia/ros2_ws/install/marvelmind_ros2_msgs/share/marvelmind_ros2_msgs/hook/pythonpath.dsv'
[107.144s] INFO:colcon.colcon_core.shell:Creating environment hook '/home/hutalia/ROS2_Hutalia/ros2_ws/install/marvelmind_ros2_msgs/share/marvelmind_ros2_msgs/hook/pythonpath.sh'
[107.147s] Level 1:colcon.colcon_core.environment:checking '/home/hutalia/ROS2_Hutalia/ros2_ws/install/marvelmind_ros2_msgs/bin'
[107.148s] INFO:colcon.colcon_core.shell:Creating package script '/home/hutalia/ROS2_Hutalia/ros2_ws/install/marvelmind_ros2_msgs/share/marvelmind_ros2_msgs/package.ps1'
[107.151s] INFO:colcon.colcon_core.shell:Creating package descriptor '/home/hutalia/ROS2_Hutalia/ros2_ws/install/marvelmind_ros2_msgs/share/marvelmind_ros2_msgs/package.dsv'
[107.154s] INFO:colcon.colcon_core.shell:Creating package script '/home/hutalia/ROS2_Hutalia/ros2_ws/install/marvelmind_ros2_msgs/share/marvelmind_ros2_msgs/package.sh'
[107.156s] INFO:colcon.colcon_core.shell:Creating package script '/home/hutalia/ROS2_Hutalia/ros2_ws/install/marvelmind_ros2_msgs/share/marvelmind_ros2_msgs/package.bash'
[107.158s] INFO:colcon.colcon_core.shell:Creating package script '/home/hutalia/ROS2_Hutalia/ros2_ws/install/marvelmind_ros2_msgs/share/marvelmind_ros2_msgs/package.zsh'
[107.160s] Level 1:colcon.colcon_core.environment:create_file_with_runtime_dependencies(/home/hutalia/ROS2_Hutalia/ros2_ws/install/marvelmind_ros2_msgs/share/colcon-core/packages/marvelmind_ros2_msgs)
[107.161s] INFO:colcon.colcon_ros.task.ament_python.build:Building ROS package in '/home/hutalia/ROS2_Hutalia/ros2_ws/src/droneload' with build type 'ament_python'
[107.162s] Level 1:colcon.colcon_core.shell:create_environment_hook('droneload', 'ament_prefix_path')
[107.163s] INFO:colcon.colcon_core.shell:Creating environment hook '/home/hutalia/ROS2_Hutalia/ros2_ws/install/droneload/share/droneload/hook/ament_prefix_path.ps1'
[107.166s] INFO:colcon.colcon_core.shell:Creating environment descriptor '/home/hutalia/ROS2_Hutalia/ros2_ws/install/droneload/share/droneload/hook/ament_prefix_path.dsv'
[107.168s] INFO:colcon.colcon_core.shell:Creating environment hook '/home/hutalia/ROS2_Hutalia/ros2_ws/install/droneload/share/droneload/hook/ament_prefix_path.sh'
[107.170s] INFO:colcon.colcon_core.shell:Skip shell extension 'powershell' for command environment: Not usable outside of PowerShell
[107.171s] DEBUG:colcon.colcon_core.shell:Skip shell extension 'dsv' for command environment
[107.184s] INFO:colcon.colcon_ros.task.ament_cmake.build:Building ROS package in '/home/hutalia/ROS2_Hutalia/ros2_ws/src/marvelmind_ros2_upstream' with build type 'ament_cmake'
[107.185s] INFO:colcon.colcon_cmake.task.cmake.build:Building CMake package in '/home/hutalia/ROS2_Hutalia/ros2_ws/src/marvelmind_ros2_upstream'
[107.186s] INFO:colcon.colcon_core.shell:Skip shell extension 'powershell' for command environment: Not usable outside of PowerShell
[107.186s] DEBUG:colcon.colcon_core.shell:Skip shell extension 'dsv' for command environment
[108.130s] INFO:colcon.colcon_core.task.python.build:Building Python package in '/home/hutalia/ROS2_Hutalia/ros2_ws/src/droneload'
[108.131s] INFO:colcon.colcon_core.shell:Skip shell extension 'powershell' for command environment: Not usable outside of PowerShell
[108.131s] DEBUG:colcon.colcon_core.shell:Skip shell extension 'dsv' for command environment
[108.158s] DEBUG:colcon.colcon_core.event_handler.log_command:Invoking command in '/home/hutalia/ROS2_Hutalia/ros2_ws/build/marvelmind_ros2': AMENT_PREFIX_PATH=/home/hutalia/ROS2_Hutalia/ros2_ws/install/marvelmind_ros2_msgs:${AMENT_PREFIX_PATH} CMAKE_PREFIX_PATH=/home/hutalia/ROS2_Hutalia/ros2_ws/install/marvelmind_ros2_msgs:/opt/ros/jazzy LD_LIBRARY_PATH=/home/hutalia/ROS2_Hutalia/ros2_ws/install/marvelmind_ros2_msgs/lib:${LD_LIBRARY_PATH} PYTHONPATH=/home/hutalia/ROS2_Hutalia/ros2_ws/install/marvelmind_ros2_msgs/lib/python3.12/site-packages:${PYTHONPATH} /usr/bin/cmake /home/hutalia/ROS2_Hutalia/ros2_ws/src/marvelmind_ros2_upstream -DAMENT_CMAKE_SYMLINK_INSTALL=1 -DCMAKE_INSTALL_PREFIX=/home/hutalia/ROS2_Hutalia/ros2_ws/install/marvelmind_ros2
[112.260s] DEBUG:colcon.colcon_core.event_handler.log_command:Invoking command in '/home/hutalia/ROS2_Hutalia/ros2_ws/build/droneload': AMENT_PREFIX_PATH=/home/hutalia/ROS2_Hutalia/ros2_ws/install/marvelmind_ros2_msgs:${AMENT_PREFIX_PATH} CMAKE_PREFIX_PATH=/home/hutalia/ROS2_Hutalia/ros2_ws/install/marvelmind_ros2_msgs LD_LIBRARY_PATH=/home/hutalia/ROS2_Hutalia/ros2_ws/install/marvelmind_ros2_msgs/lib:${LD_LIBRARY_PATH} PYTHONPATH=/home/hutalia/ROS2_Hutalia/ros2_ws/build/droneload/prefix_override:/usr/lib/python3/dist-packages/colcon_core/task/python/colcon_distutils_commands:/home/hutalia/ROS2_Hutalia/ros2_ws/install/droneload/lib/python3.12/site-packages:/home/hutalia/ROS2_Hutalia/ros2_ws/install/marvelmind_ros2_msgs/lib/python3.12/site-packages:${PYTHONPATH} /usr/bin/python3 -W ignore:setup.py install is deprecated -W ignore:easy_install command is deprecated setup.py develop --editable --build-directory /home/hutalia/ROS2_Hutalia/ros2_ws/build/droneload/build --no-deps symlink_data
[115.514s] Level 1:colcon.colcon_core.shell:create_environment_hook('droneload', 'pythonpath_develop')
[115.515s] INFO:colcon.colcon_core.shell:Creating environment hook '/home/hutalia/ROS2_Hutalia/ros2_ws/build/droneload/share/droneload/hook/pythonpath_develop.ps1'
[115.517s] DEBUG:colcon.colcon_core.event_handler.log_command:Invoked command in '/home/hutalia/ROS2_Hutalia/ros2_ws/build/droneload' returned '0': AMENT_PREFIX_PATH=/home/hutalia/ROS2_Hutalia/ros2_ws/install/marvelmind_ros2_msgs:${AMENT_PREFIX_PATH} CMAKE_PREFIX_PATH=/home/hutalia/ROS2_Hutalia/ros2_ws/install/marvelmind_ros2_msgs LD_LIBRARY_PATH=/home/hutalia/ROS2_Hutalia/ros2_ws/install/marvelmind_ros2_msgs/lib:${LD_LIBRARY_PATH} PYTHONPATH=/home/hutalia/ROS2_Hutalia/ros2_ws/build/droneload/prefix_override:/usr/lib/python3/dist-packages/colcon_core/task/python/colcon_distutils_commands:/home/hutalia/ROS2_Hutalia/ros2_ws/install/droneload/lib/python3.12/site-packages:/home/hutalia/ROS2_Hutalia/ros2_ws/install/marvelmind_ros2_msgs/lib/python3.12/site-packages:${PYTHONPATH} /usr/bin/python3 -W ignore:setup.py install is deprecated -W ignore:easy_install command is deprecated setup.py develop --editable --build-directory /home/hutalia/ROS2_Hutalia/ros2_ws/build/droneload/build --no-deps symlink_data
[115.518s] INFO:colcon.colcon_core.shell:Creating environment descriptor '/home/hutalia/ROS2_Hutalia/ros2_ws/build/droneload/share/droneload/hook/pythonpath_develop.dsv'
[115.520s] INFO:colcon.colcon_core.shell:Creating environment hook '/home/hutalia/ROS2_Hutalia/ros2_ws/build/droneload/share/droneload/hook/pythonpath_develop.sh'
[115.524s] Level 1:colcon.colcon_core.environment:checking '/home/hutalia/ROS2_Hutalia/ros2_ws/install/droneload' for CMake module files
[115.526s] Level 1:colcon.colcon_core.environment:checking '/home/hutalia/ROS2_Hutalia/ros2_ws/install/droneload' for CMake config files
[115.528s] Level 1:colcon.colcon_core.environment:checking '/home/hutalia/ROS2_Hutalia/ros2_ws/install/droneload/lib'
[115.529s] Level 1:colcon.colcon_core.environment:checking '/home/hutalia/ROS2_Hutalia/ros2_ws/install/droneload/bin'
[115.529s] Level 1:colcon.colcon_core.environment:checking '/home/hutalia/ROS2_Hutalia/ros2_ws/install/droneload/lib/pkgconfig/droneload.pc'
[115.530s] Level 1:colcon.colcon_core.environment:checking '/home/hutalia/ROS2_Hutalia/ros2_ws/install/droneload/lib/python3.12/site-packages'
[115.530s] Level 1:colcon.colcon_core.shell:create_environment_hook('droneload', 'pythonpath')
[115.531s] INFO:colcon.colcon_core.shell:Creating environment hook '/home/hutalia/ROS2_Hutalia/ros2_ws/install/droneload/share/droneload/hook/pythonpath.ps1'
[115.533s] INFO:colcon.colcon_core.shell:Creating environment descriptor '/home/hutalia/ROS2_Hutalia/ros2_ws/install/droneload/share/droneload/hook/pythonpath.dsv'
[115.534s] INFO:colcon.colcon_core.shell:Creating environment hook '/home/hutalia/ROS2_Hutalia/ros2_ws/install/droneload/share/droneload/hook/pythonpath.sh'
[115.537s] Level 1:colcon.colcon_core.environment:checking '/home/hutalia/ROS2_Hutalia/ros2_ws/install/droneload/bin'
[115.537s] Level 1:colcon.colcon_core.environment:create_environment_scripts_only(droneload)
[115.538s] INFO:colcon.colcon_core.shell:Creating package script '/home/hutalia/ROS2_Hutalia/ros2_ws/install/droneload/share/droneload/package.ps1'
[115.541s] INFO:colcon.colcon_core.shell:Creating package descriptor '/home/hutalia/ROS2_Hutalia/ros2_ws/install/droneload/share/droneload/package.dsv'
[115.543s] INFO:colcon.colcon_core.shell:Creating package script '/home/hutalia/ROS2_Hutalia/ros2_ws/install/droneload/share/droneload/package.sh'
[115.545s] INFO:colcon.colcon_core.shell:Creating package script '/home/hutalia/ROS2_Hutalia/ros2_ws/install/droneload/share/droneload/package.bash'
[115.547s] INFO:colcon.colcon_core.shell:Creating package script '/home/hutalia/ROS2_Hutalia/ros2_ws/install/droneload/share/droneload/package.zsh'
[115.548s] Level 1:colcon.colcon_core.environment:create_file_with_runtime_dependencies(/home/hutalia/ROS2_Hutalia/ros2_ws/install/droneload/share/colcon-core/packages/droneload)
[115.717s] DEBUG:colcon.colcon_core.event_handler.log_command:Invoked command in '/home/hutalia/ROS2_Hutalia/ros2_ws/build/marvelmind_ros2' returned '0': AMENT_PREFIX_PATH=/home/hutalia/ROS2_Hutalia/ros2_ws/install/marvelmind_ros2_msgs:${AMENT_PREFIX_PATH} CMAKE_PREFIX_PATH=/home/hutalia/ROS2_Hutalia/ros2_ws/install/marvelmind_ros2_msgs:/opt/ros/jazzy LD_LIBRARY_PATH=/home/hutalia/ROS2_Hutalia/ros2_ws/install/marvelmind_ros2_msgs/lib:${LD_LIBRARY_PATH} PYTHONPATH=/home/hutalia/ROS2_Hutalia/ros2_ws/install/marvelmind_ros2_msgs/lib/python3.12/site-packages:${PYTHONPATH} /usr/bin/cmake /home/hutalia/ROS2_Hutalia/ros2_ws/src/marvelmind_ros2_upstream -DAMENT_CMAKE_SYMLINK_INSTALL=1 -DCMAKE_INSTALL_PREFIX=/home/hutalia/ROS2_Hutalia/ros2_ws/install/marvelmind_ros2
[115.723s] DEBUG:colcon.colcon_core.event_handler.log_command:Invoking command in '/home/hutalia/ROS2_Hutalia/ros2_ws/build/marvelmind_ros2': AMENT_PREFIX_PATH=/home/hutalia/ROS2_Hutalia/ros2_ws/install/marvelmind_ros2_msgs:${AMENT_PREFIX_PATH} CMAKE_PREFIX_PATH=/home/hutalia/ROS2_Hutalia/ros2_ws/install/marvelmind_ros2_msgs:/opt/ros/jazzy LD_LIBRARY_PATH=/home/hutalia/ROS2_Hutalia/ros2_ws/install/marvelmind_ros2_msgs/lib:${LD_LIBRARY_PATH} PYTHONPATH=/home/hutalia/ROS2_Hutalia/ros2_ws/install/marvelmind_ros2_msgs/lib/python3.12/site-packages:${PYTHONPATH} /usr/bin/cmake --build /home/hutalia/ROS2_Hutalia/ros2_ws/build/marvelmind_ros2 -- -j4 -l4
[174.629s] DEBUG:colcon.colcon_core.event_handler.log_command:Invoked command in '/home/hutalia/ROS2_Hutalia/ros2_ws/build/marvelmind_ros2' returned '0': AMENT_PREFIX_PATH=/home/hutalia/ROS2_Hutalia/ros2_ws/install/marvelmind_ros2_msgs:${AMENT_PREFIX_PATH} CMAKE_PREFIX_PATH=/home/hutalia/ROS2_Hutalia/ros2_ws/install/marvelmind_ros2_msgs:/opt/ros/jazzy LD_LIBRARY_PATH=/home/hutalia/ROS2_Hutalia/ros2_ws/install/marvelmind_ros2_msgs/lib:${LD_LIBRARY_PATH} PYTHONPATH=/home/hutalia/ROS2_Hutalia/ros2_ws/install/marvelmind_ros2_msgs/lib/python3.12/site-packages:${PYTHONPATH} /usr/bin/cmake --build /home/hutalia/ROS2_Hutalia/ros2_ws/build/marvelmind_ros2 -- -j4 -l4
[174.637s] DEBUG:colcon.colcon_core.event_handler.log_command:Invoking command in '/home/hutalia/ROS2_Hutalia/ros2_ws/build/marvelmind_ros2': AMENT_PREFIX_PATH=/home/hutalia/ROS2_Hutalia/ros2_ws/install/marvelmind_ros2_msgs:${AMENT_PREFIX_PATH} CMAKE_PREFIX_PATH=/home/hutalia/ROS2_Hutalia/ros2_ws/install/marvelmind_ros2_msgs:/opt/ros/jazzy LD_LIBRARY_PATH=/home/hutalia/ROS2_Hutalia/ros2_ws/install/marvelmind_ros2_msgs/lib:${LD_LIBRARY_PATH} PYTHONPATH=/home/hutalia/ROS2_Hutalia/ros2_ws/install/marvelmind_ros2_msgs/lib/python3.12/site-packages:${PYTHONPATH} /usr/bin/cmake --install /home/hutalia/ROS2_Hutalia/ros2_ws/build/marvelmind_ros2
[175.705s] Level 1:colcon.colcon_core.environment:create_environment_scripts_only(marvelmind_ros2)
[175.706s] Level 1:colcon.colcon_core.environment:checking '/home/hutalia/ROS2_Hutalia/ros2_ws/install/marvelmind_ros2' for CMake module files
[175.708s] DEBUG:colcon.colcon_core.event_handler.log_command:Invoked command in '/home/hutalia/ROS2_Hutalia/ros2_ws/build/marvelmind_ros2' returned '0': AMENT_PREFIX_PATH=/home/hutalia/ROS2_Hutalia/ros2_ws/install/marvelmind_ros2_msgs:${AMENT_PREFIX_PATH} CMAKE_PREFIX_PATH=/home/hutalia/ROS2_Hutalia/ros2_ws/install/marvelmind_ros2_msgs:/opt/ros/jazzy LD_LIBRARY_PATH=/home/hutalia/ROS2_Hutalia/ros2_ws/install/marvelmind_ros2_msgs/lib:${LD_LIBRARY_PATH} PYTHONPATH=/home/hutalia/ROS2_Hutalia/ros2_ws/install/marvelmind_ros2_msgs/lib/python3.12/site-packages:${PYTHONPATH} /usr/bin/cmake --install /home/hutalia/ROS2_Hutalia/ros2_ws/build/marvelmind_ros2
[175.711s] Level 1:colcon.colcon_core.environment:checking '/home/hutalia/ROS2_Hutalia/ros2_ws/install/marvelmind_ros2' for CMake config files
[175.713s] Level 1:colcon.colcon_core.shell:create_environment_hook('marvelmind_ros2', 'cmake_prefix_path')
[175.714s] INFO:colcon.colcon_core.shell:Creating environment hook '/home/hutalia/ROS2_Hutalia/ros2_ws/install/marvelmind_ros2/share/marvelmind_ros2/hook/cmake_prefix_path.ps1'
[175.716s] INFO:colcon.colcon_core.shell:Creating environment descriptor '/home/hutalia/ROS2_Hutalia/ros2_ws/install/marvelmind_ros2/share/marvelmind_ros2/hook/cmake_prefix_path.dsv'
[175.718s] INFO:colcon.colcon_core.shell:Creating environment hook '/home/hutalia/ROS2_Hutalia/ros2_ws/install/marvelmind_ros2/share/marvelmind_ros2/hook/cmake_prefix_path.sh'
[175.720s] Level 1:colcon.colcon_core.environment:checking '/home/hutalia/ROS2_Hutalia/ros2_ws/install/marvelmind_ros2/lib'
[175.721s] Level 1:colcon.colcon_core.environment:checking '/home/hutalia/ROS2_Hutalia/ros2_ws/install/marvelmind_ros2/bin'
[175.721s] Level 1:colcon.colcon_core.environment:checking '/home/hutalia/ROS2_Hutalia/ros2_ws/install/marvelmind_ros2/lib/pkgconfig/marvelmind_ros2.pc'
[175.722s] Level 1:colcon.colcon_core.environment:checking '/home/hutalia/ROS2_Hutalia/ros2_ws/install/marvelmind_ros2/lib/python3.12/site-packages'
[175.723s] Level 1:colcon.colcon_core.environment:checking '/home/hutalia/ROS2_Hutalia/ros2_ws/install/marvelmind_ros2/bin'
[175.724s] INFO:colcon.colcon_core.shell:Creating package script '/home/hutalia/ROS2_Hutalia/ros2_ws/install/marvelmind_ros2/share/marvelmind_ros2/package.ps1'
[175.727s] INFO:colcon.colcon_core.shell:Creating package descriptor '/home/hutalia/ROS2_Hutalia/ros2_ws/install/marvelmind_ros2/share/marvelmind_ros2/package.dsv'
[175.729s] INFO:colcon.colcon_core.shell:Creating package script '/home/hutalia/ROS2_Hutalia/ros2_ws/install/marvelmind_ros2/share/marvelmind_ros2/package.sh'
[175.730s] INFO:colcon.colcon_core.shell:Creating package script '/home/hutalia/ROS2_Hutalia/ros2_ws/install/marvelmind_ros2/share/marvelmind_ros2/package.bash'
[175.732s] INFO:colcon.colcon_core.shell:Creating package script '/home/hutalia/ROS2_Hutalia/ros2_ws/install/marvelmind_ros2/share/marvelmind_ros2/package.zsh'
[175.733s] Level 1:colcon.colcon_core.environment:create_file_with_runtime_dependencies(/home/hutalia/ROS2_Hutalia/ros2_ws/install/marvelmind_ros2/share/colcon-core/packages/marvelmind_ros2)
[175.736s] Level 1:colcon.colcon_core.environment:create_environment_scripts_only(marvelmind_ros2)
[175.736s] Level 1:colcon.colcon_core.environment:checking '/home/hutalia/ROS2_Hutalia/ros2_ws/install/marvelmind_ros2' for CMake module files
[175.740s] Level 1:colcon.colcon_core.environment:checking '/home/hutalia/ROS2_Hutalia/ros2_ws/install/marvelmind_ros2' for CMake config files
[175.742s] Level 1:colcon.colcon_core.shell:create_environment_hook('marvelmind_ros2', 'cmake_prefix_path')
[175.743s] INFO:colcon.colcon_core.shell:Creating environment hook '/home/hutalia/ROS2_Hutalia/ros2_ws/install/marvelmind_ros2/share/marvelmind_ros2/hook/cmake_prefix_path.ps1'
[175.745s] INFO:colcon.colcon_core.shell:Creating environment descriptor '/home/hutalia/ROS2_Hutalia/ros2_ws/install/marvelmind_ros2/share/marvelmind_ros2/hook/cmake_prefix_path.dsv'
[175.747s] INFO:colcon.colcon_core.shell:Creating environment hook '/home/hutalia/ROS2_Hutalia/ros2_ws/install/marvelmind_ros2/share/marvelmind_ros2/hook/cmake_prefix_path.sh'
[175.750s] Level 1:colcon.colcon_core.environment:checking '/home/hutalia/ROS2_Hutalia/ros2_ws/install/marvelmind_ros2/lib'
[175.751s] Level 1:colcon.colcon_core.environment:checking '/home/hutalia/ROS2_Hutalia/ros2_ws/install/marvelmind_ros2/bin'
[175.751s] Level 1:colcon.colcon_core.environment:checking '/home/hutalia/ROS2_Hutalia/ros2_ws/install/marvelmind_ros2/lib/pkgconfig/marvelmind_ros2.pc'
[175.752s] Level 1:colcon.colcon_core.environment:checking '/home/hutalia/ROS2_Hutalia/ros2_ws/install/marvelmind_ros2/lib/python3.12/site-packages'
[175.754s] Level 1:colcon.colcon_core.environment:checking '/home/hutalia/ROS2_Hutalia/ros2_ws/install/marvelmind_ros2/bin'
[175.754s] INFO:colcon.colcon_core.shell:Creating package script '/home/hutalia/ROS2_Hutalia/ros2_ws/install/marvelmind_ros2/share/marvelmind_ros2/package.ps1'
[175.757s] INFO:colcon.colcon_core.shell:Creating package descriptor '/home/hutalia/ROS2_Hutalia/ros2_ws/install/marvelmind_ros2/share/marvelmind_ros2/package.dsv'
[175.759s] INFO:colcon.colcon_core.shell:Creating package script '/home/hutalia/ROS2_Hutalia/ros2_ws/install/marvelmind_ros2/share/marvelmind_ros2/package.sh'
[175.761s] INFO:colcon.colcon_core.shell:Creating package script '/home/hutalia/ROS2_Hutalia/ros2_ws/install/marvelmind_ros2/share/marvelmind_ros2/package.bash'
[175.763s] INFO:colcon.colcon_core.shell:Creating package script '/home/hutalia/ROS2_Hutalia/ros2_ws/install/marvelmind_ros2/share/marvelmind_ros2/package.zsh'
[175.765s] Level 1:colcon.colcon_core.environment:create_file_with_runtime_dependencies(/home/hutalia/ROS2_Hutalia/ros2_ws/install/marvelmind_ros2/share/colcon-core/packages/marvelmind_ros2)
[175.766s] DEBUG:colcon.colcon_parallel_executor.executor.parallel:closing loop
[175.769s] DEBUG:colcon.colcon_parallel_executor.executor.parallel:loop closed
[175.769s] DEBUG:colcon.colcon_parallel_executor.executor.parallel:run_until_complete finished with '0'
[175.769s] DEBUG:colcon.colcon_core.event_reactor:joining thread
[175.772s] DEBUG:colcon.colcon_core.event_reactor:joined thread
[175.773s] INFO:colcon.colcon_core.shell:Creating prefix script '/home/hutalia/ROS2_Hutalia/ros2_ws/install/local_setup.ps1'
[175.778s] INFO:colcon.colcon_core.shell:Creating prefix util module '/home/hutalia/ROS2_Hutalia/ros2_ws/install/_local_setup_util_ps1.py'
[175.784s] INFO:colcon.colcon_core.shell:Creating prefix chain script '/home/hutalia/ROS2_Hutalia/ros2_ws/install/setup.ps1'
[175.789s] INFO:colcon.colcon_core.shell:Creating prefix script '/home/hutalia/ROS2_Hutalia/ros2_ws/install/local_setup.sh'
[175.792s] INFO:colcon.colcon_core.shell:Creating prefix util module '/home/hutalia/ROS2_Hutalia/ros2_ws/install/_local_setup_util_sh.py'
[175.796s] INFO:colcon.colcon_core.shell:Creating prefix chain script '/home/hutalia/ROS2_Hutalia/ros2_ws/install/setup.sh'
[175.801s] INFO:colcon.colcon_core.shell:Creating prefix script '/home/hutalia/ROS2_Hutalia/ros2_ws/install/local_setup.bash'
[175.804s] INFO:colcon.colcon_core.shell:Creating prefix chain script '/home/hutalia/ROS2_Hutalia/ros2_ws/install/setup.bash'
[175.809s] INFO:colcon.colcon_core.shell:Creating prefix script '/home/hutalia/ROS2_Hutalia/ros2_ws/install/local_setup.zsh'
[175.812s] INFO:colcon.colcon_core.shell:Creating prefix chain script '/home/hutalia/ROS2_Hutalia/ros2_ws/install/setup.zsh'
