-- The C compiler identification is GNU 13.3.0
-- The CXX compiler identification is GNU 13.3.0
-- Detecting C compiler ABI info
-- Detecting C compiler ABI info - done
-- Check for working C compiler: /usr/bin/cc - skipped
-- Detecting C compile features
-- Detecting C compile features - done
-- Detecting CXX compiler ABI info
-- Detecting CXX compiler ABI info - done
-- Check for working CXX compiler: /usr/bin/c++ - skipped
-- Detecting CXX compile features
-- Detecting CXX compile features - done
-- Found ament_cmake: 2.5.6 (/opt/ros/jazzy/share/ament_cmake/cmake)
-- Found Python3: /usr/bin/python3 (found version "3.12.3") found components: Interpreter 
-- Override CMake install command with custom implementation using symlinks instead of copying resources
-- Found rosidl_default_generators: 1.6.0 (/opt/ros/jazzy/share/rosidl_default_generators/cmake)
-- Using all available rosidl_typesupport_c: rosidl_typesupport_fastrtps_c;rosidl_typesupport_introspection_c
-- Using all available rosidl_typesupport_cpp: rosidl_typesupport_fastrtps_cpp;rosidl_typesupport_introspection_cpp
-- Found rosidl_adapter: 4.6.7 (/opt/ros/jazzy/share/rosidl_adapter/cmake)
-- Found std_msgs: 5.3.7 (/opt/ros/jazzy/share/std_msgs/cmake)
-- Found geometry_msgs: 5.3.7 (/opt/ros/jazzy/share/geometry_msgs/cmake)
-- Found ament_cmake_ros: 0.12.0 (/opt/ros/jazzy/share/ament_cmake_ros/cmake)
-- Using all available rosidl_typesupport_c: rosidl_typesupport_fastrtps_c;rosidl_typesupport_introspection_c
-- Using all available rosidl_typesupport_cpp: rosidl_typesupport_fastrtps_cpp;rosidl_typesupport_introspection_cpp
-- Found python_cmake_module: 0.11.1 (/opt/ros/jazzy/share/python_cmake_module/cmake)
-- Found PythonExtra: /usr/bin/python3  
-- Found Python3: /usr/bin/python3 (found version "3.12.3") found components: Interpreter Development NumPy Development.Module Development.Embed 
-- Found Python3: /usr/bin/python3 (found version "3.12.3") found components: Interpreter 
-- Configuring done (19.2s)
-- Generating done (0.3s)
-- Build files have been written to: /home/hutalia/ROS2_Hutalia/ros2_ws/build/marvelmind_ros2_msgs
[  0%] [34m[1mGenerating Rust code for ROS interfaces[0m
[  1%] [34m[1mGenerating type hashes for ROS interfaces[0m
[  1%] Built target ament_cmake_python_symlink_marvelmind_ros2_msgs
running egg_info
creating marvelmind_ros2_msgs.egg-info
writing marvelmind_ros2_msgs.egg-info/PKG-INFO
writing dependency_links to marvelmind_ros2_msgs.egg-info/dependency_links.txt
writing top-level names to marvelmind_ros2_msgs.egg-info/top_level.txt
writing manifest file 'marvelmind_ros2_msgs.egg-info/SOURCES.txt'
reading manifest file 'marvelmind_ros2_msgs.egg-info/SOURCES.txt'
writing manifest file 'marvelmind_ros2_msgs.egg-info/SOURCES.txt'
[  1%] Built target ament_cmake_python_build_marvelmind_ros2_msgs_egg
[  1%] Built target marvelmind_ros2_msgs__rosidl_generator_type_description
[  2%] [34m[1mGenerating C code for ROS interfaces[0m
[  2%] [34m[1mGenerating C++ code for ROS interfaces[0m
[  2%] Built target marvelmind_ros2_msgs__rs
[  2%] Built target marvelmind_ros2_msgs__cpp
[  3%] [32mBuilding C object CMakeFiles/marvelmind_ros2_msgs__rosidl_generator_c.dir/rosidl_generator_c/marvelmind_ros2_msgs/msg/detail/beacon_distance__functions.c.o[0m
[  3%] [32mBuilding C object CMakeFiles/marvelmind_ros2_msgs__rosidl_generator_c.dir/rosidl_generator_c/marvelmind_ros2_msgs/msg/detail/beacon_distance__description.c.o[0m
[  4%] [32mBuilding C object CMakeFiles/marvelmind_ros2_msgs__rosidl_generator_c.dir/rosidl_generator_c/marvelmind_ros2_msgs/msg/detail/beacon_distance__type_support.c.o[0m
[  4%] [32mBuilding C object CMakeFiles/marvelmind_ros2_msgs__rosidl_generator_c.dir/rosidl_generator_c/marvelmind_ros2_msgs/msg/detail/beacon_position_addressed__description.c.o[0m
[  5%] [32mBuilding C object CMakeFiles/marvelmind_ros2_msgs__rosidl_generator_c.dir/rosidl_generator_c/marvelmind_ros2_msgs/msg/detail/beacon_position_addressed__functions.c.o[0m
[  6%] [32mBuilding C object CMakeFiles/marvelmind_ros2_msgs__rosidl_generator_c.dir/rosidl_generator_c/marvelmind_ros2_msgs/msg/detail/beacon_position_addressed__type_support.c.o[0m
[  6%] [32mBuilding C object CMakeFiles/marvelmind_ros2_msgs__rosidl_generator_c.dir/rosidl_generator_c/marvelmind_ros2_msgs/msg/detail/hedge_imu_fusion__description.c.o[0m
[  7%] [32mBuilding C object CMakeFiles/marvelmind_ros2_msgs__rosidl_generator_c.dir/rosidl_generator_c/marvelmind_ros2_msgs/msg/detail/hedge_imu_fusion__functions.c.o[0m
[  8%] [32mBuilding C object CMakeFiles/marvelmind_ros2_msgs__rosidl_generator_c.dir/rosidl_generator_c/marvelmind_ros2_msgs/msg/detail/hedge_imu_fusion__type_support.c.o[0m
[  9%] [32mBuilding C object CMakeFiles/marvelmind_ros2_msgs__rosidl_generator_c.dir/rosidl_generator_c/marvelmind_ros2_msgs/msg/detail/hedge_imu_raw__functions.c.o[0m
[  9%] [32mBuilding C object CMakeFiles/marvelmind_ros2_msgs__rosidl_generator_c.dir/rosidl_generator_c/marvelmind_ros2_msgs/msg/detail/hedge_imu_raw__description.c.o[0m
[ 10%] [32mBuilding C object CMakeFiles/marvelmind_ros2_msgs__rosidl_generator_c.dir/rosidl_generator_c/marvelmind_ros2_msgs/msg/detail/hedge_imu_raw__type_support.c.o[0m
[ 11%] [32mBuilding C object CMakeFiles/marvelmind_ros2_msgs__rosidl_generator_c.dir/rosidl_generator_c/marvelmind_ros2_msgs/msg/detail/hedge_position_addressed__description.c.o[0m
[ 11%] [32mBuilding C object CMakeFiles/marvelmind_ros2_msgs__rosidl_generator_c.dir/rosidl_generator_c/marvelmind_ros2_msgs/msg/detail/hedge_position_addressed__functions.c.o[0m
[ 12%] [32mBuilding C object CMakeFiles/marvelmind_ros2_msgs__rosidl_generator_c.dir/rosidl_generator_c/marvelmind_ros2_msgs/msg/detail/hedge_position_addressed__type_support.c.o[0m
[ 13%] [32mBuilding C object CMakeFiles/marvelmind_ros2_msgs__rosidl_generator_c.dir/rosidl_generator_c/marvelmind_ros2_msgs/msg/detail/hedge_position_angle__description.c.o[0m
[ 13%] [32mBuilding C object CMakeFiles/marvelmind_ros2_msgs__rosidl_generator_c.dir/rosidl_generator_c/marvelmind_ros2_msgs/msg/detail/hedge_position_angle__functions.c.o[0m
[ 14%] [32mBuilding C object CMakeFiles/marvelmind_ros2_msgs__rosidl_generator_c.dir/rosidl_generator_c/marvelmind_ros2_msgs/msg/detail/hedge_position_angle__type_support.c.o[0m
[ 15%] [32mBuilding C object CMakeFiles/marvelmind_ros2_msgs__rosidl_generator_c.dir/rosidl_generator_c/marvelmind_ros2_msgs/msg/detail/hedge_position__description.c.o[0m
[ 15%] [32mBuilding C object CMakeFiles/marvelmind_ros2_msgs__rosidl_generator_c.dir/rosidl_generator_c/marvelmind_ros2_msgs/msg/detail/hedge_position__functions.c.o[0m
[ 16%] [32mBuilding C object CMakeFiles/marvelmind_ros2_msgs__rosidl_generator_c.dir/rosidl_generator_c/marvelmind_ros2_msgs/msg/detail/hedge_position__type_support.c.o[0m
[ 17%] [32mBuilding C object CMakeFiles/marvelmind_ros2_msgs__rosidl_generator_c.dir/rosidl_generator_c/marvelmind_ros2_msgs/msg/detail/hedge_quality__description.c.o[0m
[ 17%] [32mBuilding C object CMakeFiles/marvelmind_ros2_msgs__rosidl_generator_c.dir/rosidl_generator_c/marvelmind_ros2_msgs/msg/detail/hedge_quality__functions.c.o[0m
[ 18%] [32mBuilding C object CMakeFiles/marvelmind_ros2_msgs__rosidl_generator_c.dir/rosidl_generator_c/marvelmind_ros2_msgs/msg/detail/hedge_quality__type_support.c.o[0m
[ 19%] [32mBuilding C object CMakeFiles/marvelmind_ros2_msgs__rosidl_generator_c.dir/rosidl_generator_c/marvelmind_ros2_msgs/msg/detail/hedge_telemetry__description.c.o[0m
[ 20%] [32mBuilding C object CMakeFiles/marvelmind_ros2_msgs__rosidl_generator_c.dir/rosidl_generator_c/marvelmind_ros2_msgs/msg/detail/hedge_telemetry__functions.c.o[0m
[ 20%] [32mBuilding C object CMakeFiles/marvelmind_ros2_msgs__rosidl_generator_c.dir/rosidl_generator_c/marvelmind_ros2_msgs/msg/detail/hedge_telemetry__type_support.c.o[0m
[ 21%] [32mBuilding C object CMakeFiles/marvelmind_ros2_msgs__rosidl_generator_c.dir/rosidl_generator_c/marvelmind_ros2_msgs/msg/detail/marvelmind_waypoint__description.c.o[0m
[ 22%] [32mBuilding C object CMakeFiles/marvelmind_ros2_msgs__rosidl_generator_c.dir/rosidl_generator_c/marvelmind_ros2_msgs/msg/detail/marvelmind_waypoint__functions.c.o[0m
[ 22%] [32mBuilding C object CMakeFiles/marvelmind_ros2_msgs__rosidl_generator_c.dir/rosidl_generator_c/marvelmind_ros2_msgs/msg/detail/marvelmind_waypoint__type_support.c.o[0m
[ 23%] [32mBuilding C object CMakeFiles/marvelmind_ros2_msgs__rosidl_generator_c.dir/rosidl_generator_c/marvelmind_ros2_msgs/msg/detail/marvelmind_user_data__description.c.o[0m
[ 24%] [32mBuilding C object CMakeFiles/marvelmind_ros2_msgs__rosidl_generator_c.dir/rosidl_generator_c/marvelmind_ros2_msgs/msg/detail/marvelmind_user_data__functions.c.o[0m
[ 24%] [32mBuilding C object CMakeFiles/marvelmind_ros2_msgs__rosidl_generator_c.dir/rosidl_generator_c/marvelmind_ros2_msgs/msg/detail/marvelmind_user_data__type_support.c.o[0m
[ 25%] [32mBuilding C object CMakeFiles/marvelmind_ros2_msgs__rosidl_generator_c.dir/rosidl_generator_c/marvelmind_ros2_msgs/srv/detail/marvelmind_api__description.c.o[0m
[ 26%] [32mBuilding C object CMakeFiles/marvelmind_ros2_msgs__rosidl_generator_c.dir/rosidl_generator_c/marvelmind_ros2_msgs/srv/detail/marvelmind_api__functions.c.o[0m
[ 26%] [32mBuilding C object CMakeFiles/marvelmind_ros2_msgs__rosidl_generator_c.dir/rosidl_generator_c/marvelmind_ros2_msgs/srv/detail/marvelmind_api__type_support.c.o[0m
[ 27%] [32m[1mLinking C shared library libmarvelmind_ros2_msgs__rosidl_generator_c.so[0m
[ 27%] Built target marvelmind_ros2_msgs__rosidl_generator_c
[ 28%] [34m[1mGenerating C introspection for ROS interfaces[0m
[ 28%] [34m[1mGenerating C type support dispatch for ROS interfaces[0m
[ 28%] [34m[1mGenerating C++ type support for eProsima Fast-RTPS[0m
[ 29%] [34m[1mGenerating C++ introspection for ROS interfaces[0m
[ 30%] [32mBuilding CXX object CMakeFiles/marvelmind_ros2_msgs__rosidl_typesupport_c.dir/rosidl_typesupport_c/marvelmind_ros2_msgs/msg/beacon_distance__type_support.cpp.o[0m
[ 31%] [32mBuilding CXX object CMakeFiles/marvelmind_ros2_msgs__rosidl_typesupport_c.dir/rosidl_typesupport_c/marvelmind_ros2_msgs/msg/beacon_position_addressed__type_support.cpp.o[0m
[ 32%] [32mBuilding CXX object CMakeFiles/marvelmind_ros2_msgs__rosidl_typesupport_c.dir/rosidl_typesupport_c/marvelmind_ros2_msgs/msg/hedge_imu_fusion__type_support.cpp.o[0m
[ 32%] [32mBuilding CXX object CMakeFiles/marvelmind_ros2_msgs__rosidl_typesupport_c.dir/rosidl_typesupport_c/marvelmind_ros2_msgs/msg/hedge_imu_raw__type_support.cpp.o[0m
[ 32%] [32mBuilding CXX object CMakeFiles/marvelmind_ros2_msgs__rosidl_typesupport_introspection_cpp.dir/rosidl_typesupport_introspection_cpp/marvelmind_ros2_msgs/msg/detail/beacon_distance__type_support.cpp.o[0m
[ 33%] [32mBuilding C object CMakeFiles/marvelmind_ros2_msgs__rosidl_typesupport_introspection_c.dir/rosidl_typesupport_introspection_c/marvelmind_ros2_msgs/msg/detail/beacon_distance__type_support.c.o[0m
[ 34%] [32mBuilding CXX object CMakeFiles/marvelmind_ros2_msgs__rosidl_typesupport_c.dir/rosidl_typesupport_c/marvelmind_ros2_msgs/msg/hedge_position_addressed__type_support.cpp.o[0m
[ 34%] [32mBuilding C object CMakeFiles/marvelmind_ros2_msgs__rosidl_typesupport_introspection_c.dir/rosidl_typesupport_introspection_c/marvelmind_ros2_msgs/msg/detail/beacon_position_addressed__type_support.c.o[0m
[ 35%] [32mBuilding CXX object CMakeFiles/marvelmind_ros2_msgs__rosidl_typesupport_c.dir/rosidl_typesupport_c/marvelmind_ros2_msgs/msg/hedge_position_angle__type_support.cpp.o[0m
[ 36%] [32mBuilding C object CMakeFiles/marvelmind_ros2_msgs__rosidl_typesupport_introspection_c.dir/rosidl_typesupport_introspection_c/marvelmind_ros2_msgs/msg/detail/hedge_imu_fusion__type_support.c.o[0m
[ 37%] [32mBuilding C object CMakeFiles/marvelmind_ros2_msgs__rosidl_typesupport_introspection_c.dir/rosidl_typesupport_introspection_c/marvelmind_ros2_msgs/msg/detail/hedge_imu_raw__type_support.c.o[0m
[ 37%] [32mBuilding CXX object CMakeFiles/marvelmind_ros2_msgs__rosidl_typesupport_c.dir/rosidl_typesupport_c/marvelmind_ros2_msgs/msg/hedge_position__type_support.cpp.o[0m
[ 38%] [32mBuilding C object CMakeFiles/marvelmind_ros2_msgs__rosidl_typesupport_introspection_c.dir/rosidl_typesupport_introspection_c/marvelmind_ros2_msgs/msg/detail/hedge_position_addressed__type_support.c.o[0m
[ 39%] [32mBuilding CXX object CMakeFiles/marvelmind_ros2_msgs__rosidl_typesupport_c.dir/rosidl_typesupport_c/marvelmind_ros2_msgs/msg/hedge_quality__type_support.cpp.o[0m
[ 39%] [32mBuilding C object CMakeFiles/marvelmind_ros2_msgs__rosidl_typesupport_introspection_c.dir/rosidl_typesupport_introspection_c/marvelmind_ros2_msgs/msg/detail/hedge_position_angle__type_support.c.o[0m
[ 40%] [32mBuilding CXX object CMakeFiles/marvelmind_ros2_msgs__rosidl_typesupport_c.dir/rosidl_typesupport_c/marvelmind_ros2_msgs/msg/hedge_telemetry__type_support.cpp.o[0m
[ 41%] [32mBuilding C object CMakeFiles/marvelmind_ros2_msgs__rosidl_typesupport_introspection_c.dir/rosidl_typesupport_introspection_c/marvelmind_ros2_msgs/msg/detail/hedge_position__type_support.c.o[0m
[ 42%] [32mBuilding CXX object CMakeFiles/marvelmind_ros2_msgs__rosidl_typesupport_fastrtps_cpp.dir/rosidl_typesupport_fastrtps_cpp/marvelmind_ros2_msgs/msg/detail/dds_fastrtps/beacon_distance__type_support.cpp.o[0m
[ 42%] [32mBuilding CXX object CMakeFiles/marvelmind_ros2_msgs__rosidl_typesupport_c.dir/rosidl_typesupport_c/marvelmind_ros2_msgs/msg/marvelmind_waypoint__type_support.cpp.o[0m
[ 43%] [32mBuilding C object CMakeFiles/marvelmind_ros2_msgs__rosidl_typesupport_introspection_c.dir/rosidl_typesupport_introspection_c/marvelmind_ros2_msgs/msg/detail/hedge_quality__type_support.c.o[0m
[ 44%] [32mBuilding CXX object CMakeFiles/marvelmind_ros2_msgs__rosidl_typesupport_c.dir/rosidl_typesupport_c/marvelmind_ros2_msgs/msg/marvelmind_user_data__type_support.cpp.o[0m
[ 44%] [32mBuilding C object CMakeFiles/marvelmind_ros2_msgs__rosidl_typesupport_introspection_c.dir/rosidl_typesupport_introspection_c/marvelmind_ros2_msgs/msg/detail/hedge_telemetry__type_support.c.o[0m
[ 45%] [32mBuilding C object CMakeFiles/marvelmind_ros2_msgs__rosidl_typesupport_introspection_c.dir/rosidl_typesupport_introspection_c/marvelmind_ros2_msgs/msg/detail/marvelmind_waypoint__type_support.c.o[0m
[ 46%] [32mBuilding CXX object CMakeFiles/marvelmind_ros2_msgs__rosidl_typesupport_c.dir/rosidl_typesupport_c/marvelmind_ros2_msgs/srv/marvelmind_api__type_support.cpp.o[0m
[ 47%] [32mBuilding CXX object CMakeFiles/marvelmind_ros2_msgs__rosidl_typesupport_introspection_cpp.dir/rosidl_typesupport_introspection_cpp/marvelmind_ros2_msgs/msg/detail/beacon_position_addressed__type_support.cpp.o[0m
[ 48%] [32mBuilding C object CMakeFiles/marvelmind_ros2_msgs__rosidl_typesupport_introspection_c.dir/rosidl_typesupport_introspection_c/marvelmind_ros2_msgs/msg/detail/marvelmind_user_data__type_support.c.o[0m
[ 48%] [32m[1mLinking CXX shared library libmarvelmind_ros2_msgs__rosidl_typesupport_c.so[0m
[ 48%] [32mBuilding C object CMakeFiles/marvelmind_ros2_msgs__rosidl_typesupport_introspection_c.dir/rosidl_typesupport_introspection_c/marvelmind_ros2_msgs/srv/detail/marvelmind_api__type_support.c.o[0m
[ 48%] Built target marvelmind_ros2_msgs__rosidl_typesupport_c
[ 49%] [34m[1mGenerating C++ type support dispatch for ROS interfaces[0m
[ 50%] [32m[1mLinking C shared library libmarvelmind_ros2_msgs__rosidl_typesupport_introspection_c.so[0m
[ 50%] Built target marvelmind_ros2_msgs__rosidl_typesupport_introspection_c
[ 51%] [32mBuilding CXX object CMakeFiles/marvelmind_ros2_msgs__rosidl_typesupport_fastrtps_cpp.dir/rosidl_typesupport_fastrtps_cpp/marvelmind_ros2_msgs/msg/detail/dds_fastrtps/beacon_position_addressed__type_support.cpp.o[0m
[ 52%] [32mBuilding CXX object CMakeFiles/marvelmind_ros2_msgs__rosidl_typesupport_introspection_cpp.dir/rosidl_typesupport_introspection_cpp/marvelmind_ros2_msgs/msg/detail/hedge_imu_fusion__type_support.cpp.o[0m
[ 52%] [32mBuilding CXX object CMakeFiles/marvelmind_ros2_msgs__rosidl_typesupport_fastrtps_cpp.dir/rosidl_typesupport_fastrtps_cpp/marvelmind_ros2_msgs/msg/detail/dds_fastrtps/hedge_imu_fusion__type_support.cpp.o[0m
[ 53%] [32mBuilding CXX object CMakeFiles/marvelmind_ros2_msgs__rosidl_typesupport_cpp.dir/rosidl_typesupport_cpp/marvelmind_ros2_msgs/msg/beacon_distance__type_support.cpp.o[0m
[ 53%] [32mBuilding CXX object CMakeFiles/marvelmind_ros2_msgs__rosidl_typesupport_introspection_cpp.dir/rosidl_typesupport_introspection_cpp/marvelmind_ros2_msgs/msg/detail/hedge_imu_raw__type_support.cpp.o[0m
[ 53%] [32mBuilding CXX object CMakeFiles/marvelmind_ros2_msgs__rosidl_typesupport_cpp.dir/rosidl_typesupport_cpp/marvelmind_ros2_msgs/msg/beacon_position_addressed__type_support.cpp.o[0m
[ 54%] [32mBuilding CXX object CMakeFiles/marvelmind_ros2_msgs__rosidl_typesupport_fastrtps_cpp.dir/rosidl_typesupport_fastrtps_cpp/marvelmind_ros2_msgs/msg/detail/dds_fastrtps/hedge_imu_raw__type_support.cpp.o[0m
[ 55%] [34m[1mGenerating C type support for eProsima Fast-RTPS[0m
[ 56%] [32mBuilding CXX object CMakeFiles/marvelmind_ros2_msgs__rosidl_typesupport_introspection_cpp.dir/rosidl_typesupport_introspection_cpp/marvelmind_ros2_msgs/msg/detail/hedge_position_addressed__type_support.cpp.o[0m
[ 57%] [32mBuilding CXX object CMakeFiles/marvelmind_ros2_msgs__rosidl_typesupport_cpp.dir/rosidl_typesupport_cpp/marvelmind_ros2_msgs/msg/hedge_imu_fusion__type_support.cpp.o[0m
[ 58%] [32mBuilding CXX object CMakeFiles/marvelmind_ros2_msgs__rosidl_typesupport_introspection_cpp.dir/rosidl_typesupport_introspection_cpp/marvelmind_ros2_msgs/msg/detail/hedge_position_angle__type_support.cpp.o[0m
[ 59%] [32mBuilding CXX object CMakeFiles/marvelmind_ros2_msgs__rosidl_typesupport_cpp.dir/rosidl_typesupport_cpp/marvelmind_ros2_msgs/msg/hedge_imu_raw__type_support.cpp.o[0m
[ 60%] [32mBuilding CXX object CMakeFiles/marvelmind_ros2_msgs__rosidl_typesupport_fastrtps_cpp.dir/rosidl_typesupport_fastrtps_cpp/marvelmind_ros2_msgs/msg/detail/dds_fastrtps/hedge_position_addressed__type_support.cpp.o[0m
[ 61%] [32mBuilding CXX object CMakeFiles/marvelmind_ros2_msgs__rosidl_typesupport_introspection_cpp.dir/rosidl_typesupport_introspection_cpp/marvelmind_ros2_msgs/msg/detail/hedge_position__type_support.cpp.o[0m
[ 62%] [32mBuilding CXX object CMakeFiles/marvelmind_ros2_msgs__rosidl_typesupport_cpp.dir/rosidl_typesupport_cpp/marvelmind_ros2_msgs/msg/hedge_position_addressed__type_support.cpp.o[0m
[ 63%] [32mBuilding CXX object CMakeFiles/marvelmind_ros2_msgs__rosidl_typesupport_fastrtps_cpp.dir/rosidl_typesupport_fastrtps_cpp/marvelmind_ros2_msgs/msg/detail/dds_fastrtps/hedge_position_angle__type_support.cpp.o[0m
[ 63%] [32mBuilding CXX object CMakeFiles/marvelmind_ros2_msgs__rosidl_typesupport_fastrtps_c.dir/rosidl_typesupport_fastrtps_c/marvelmind_ros2_msgs/msg/detail/beacon_distance__type_support_c.cpp.o[0m
[ 63%] [32mBuilding CXX object CMakeFiles/marvelmind_ros2_msgs__rosidl_typesupport_introspection_cpp.dir/rosidl_typesupport_introspection_cpp/marvelmind_ros2_msgs/msg/detail/hedge_quality__type_support.cpp.o[0m
[ 63%] [32mBuilding CXX object CMakeFiles/marvelmind_ros2_msgs__rosidl_typesupport_cpp.dir/rosidl_typesupport_cpp/marvelmind_ros2_msgs/msg/hedge_position_angle__type_support.cpp.o[0m
[ 64%] [32mBuilding CXX object CMakeFiles/marvelmind_ros2_msgs__rosidl_typesupport_introspection_cpp.dir/rosidl_typesupport_introspection_cpp/marvelmind_ros2_msgs/msg/detail/hedge_telemetry__type_support.cpp.o[0m
[ 65%] [32mBuilding CXX object CMakeFiles/marvelmind_ros2_msgs__rosidl_typesupport_fastrtps_c.dir/rosidl_typesupport_fastrtps_c/marvelmind_ros2_msgs/msg/detail/beacon_position_addressed__type_support_c.cpp.o[0m
[ 66%] [32mBuilding CXX object CMakeFiles/marvelmind_ros2_msgs__rosidl_typesupport_cpp.dir/rosidl_typesupport_cpp/marvelmind_ros2_msgs/msg/hedge_position__type_support.cpp.o[0m
[ 66%] [32mBuilding CXX object CMakeFiles/marvelmind_ros2_msgs__rosidl_typesupport_fastrtps_cpp.dir/rosidl_typesupport_fastrtps_cpp/marvelmind_ros2_msgs/msg/detail/dds_fastrtps/hedge_position__type_support.cpp.o[0m
[ 67%] [32mBuilding CXX object CMakeFiles/marvelmind_ros2_msgs__rosidl_typesupport_introspection_cpp.dir/rosidl_typesupport_introspection_cpp/marvelmind_ros2_msgs/msg/detail/marvelmind_waypoint__type_support.cpp.o[0m
[ 68%] [32mBuilding CXX object CMakeFiles/marvelmind_ros2_msgs__rosidl_typesupport_cpp.dir/rosidl_typesupport_cpp/marvelmind_ros2_msgs/msg/hedge_quality__type_support.cpp.o[0m
[ 69%] [32mBuilding CXX object CMakeFiles/marvelmind_ros2_msgs__rosidl_typesupport_fastrtps_c.dir/rosidl_typesupport_fastrtps_c/marvelmind_ros2_msgs/msg/detail/hedge_imu_fusion__type_support_c.cpp.o[0m
[ 70%] [32mBuilding CXX object CMakeFiles/marvelmind_ros2_msgs__rosidl_typesupport_fastrtps_cpp.dir/rosidl_typesupport_fastrtps_cpp/marvelmind_ros2_msgs/msg/detail/dds_fastrtps/hedge_quality__type_support.cpp.o[0m
[ 70%] [32mBuilding CXX object CMakeFiles/marvelmind_ros2_msgs__rosidl_typesupport_introspection_cpp.dir/rosidl_typesupport_introspection_cpp/marvelmind_ros2_msgs/msg/detail/marvelmind_user_data__type_support.cpp.o[0m
[ 70%] [32mBuilding CXX object CMakeFiles/marvelmind_ros2_msgs__rosidl_typesupport_cpp.dir/rosidl_typesupport_cpp/marvelmind_ros2_msgs/msg/hedge_telemetry__type_support.cpp.o[0m
[ 71%] [32mBuilding CXX object CMakeFiles/marvelmind_ros2_msgs__rosidl_typesupport_introspection_cpp.dir/rosidl_typesupport_introspection_cpp/marvelmind_ros2_msgs/srv/detail/marvelmind_api__type_support.cpp.o[0m
[ 72%] [32mBuilding CXX object CMakeFiles/marvelmind_ros2_msgs__rosidl_typesupport_fastrtps_cpp.dir/rosidl_typesupport_fastrtps_cpp/marvelmind_ros2_msgs/msg/detail/dds_fastrtps/hedge_telemetry__type_support.cpp.o[0m
[ 73%] [32mBuilding CXX object CMakeFiles/marvelmind_ros2_msgs__rosidl_typesupport_fastrtps_c.dir/rosidl_typesupport_fastrtps_c/marvelmind_ros2_msgs/msg/detail/hedge_imu_raw__type_support_c.cpp.o[0m
[ 74%] [32mBuilding CXX object CMakeFiles/marvelmind_ros2_msgs__rosidl_typesupport_cpp.dir/rosidl_typesupport_cpp/marvelmind_ros2_msgs/msg/marvelmind_waypoint__type_support.cpp.o[0m
[ 75%] [32mBuilding CXX object CMakeFiles/marvelmind_ros2_msgs__rosidl_typesupport_cpp.dir/rosidl_typesupport_cpp/marvelmind_ros2_msgs/msg/marvelmind_user_data__type_support.cpp.o[0m
[ 75%] [32mBuilding CXX object CMakeFiles/marvelmind_ros2_msgs__rosidl_typesupport_fastrtps_cpp.dir/rosidl_typesupport_fastrtps_cpp/marvelmind_ros2_msgs/msg/detail/dds_fastrtps/marvelmind_waypoint__type_support.cpp.o[0m
[ 76%] [32m[1mLinking CXX shared library libmarvelmind_ros2_msgs__rosidl_typesupport_introspection_cpp.so[0m
[ 76%] Built target marvelmind_ros2_msgs__rosidl_typesupport_introspection_cpp
[ 76%] [32mBuilding CXX object CMakeFiles/marvelmind_ros2_msgs__rosidl_typesupport_fastrtps_c.dir/rosidl_typesupport_fastrtps_c/marvelmind_ros2_msgs/msg/detail/hedge_position_addressed__type_support_c.cpp.o[0m
[ 77%] [32mBuilding CXX object CMakeFiles/marvelmind_ros2_msgs__rosidl_typesupport_fastrtps_c.dir/rosidl_typesupport_fastrtps_c/marvelmind_ros2_msgs/msg/detail/hedge_position_angle__type_support_c.cpp.o[0m
[ 77%] [32mBuilding CXX object CMakeFiles/marvelmind_ros2_msgs__rosidl_typesupport_cpp.dir/rosidl_typesupport_cpp/marvelmind_ros2_msgs/srv/marvelmind_api__type_support.cpp.o[0m
[ 78%] [32mBuilding CXX object CMakeFiles/marvelmind_ros2_msgs__rosidl_typesupport_fastrtps_cpp.dir/rosidl_typesupport_fastrtps_cpp/marvelmind_ros2_msgs/msg/detail/dds_fastrtps/marvelmind_user_data__type_support.cpp.o[0m
[ 79%] [32mBuilding CXX object CMakeFiles/marvelmind_ros2_msgs__rosidl_typesupport_fastrtps_c.dir/rosidl_typesupport_fastrtps_c/marvelmind_ros2_msgs/msg/detail/hedge_position__type_support_c.cpp.o[0m
[ 79%] [32mBuilding CXX object CMakeFiles/marvelmind_ros2_msgs__rosidl_typesupport_fastrtps_c.dir/rosidl_typesupport_fastrtps_c/marvelmind_ros2_msgs/msg/detail/hedge_quality__type_support_c.cpp.o[0m
[ 80%] [32m[1mLinking CXX shared library libmarvelmind_ros2_msgs__rosidl_typesupport_cpp.so[0m
[ 80%] Built target marvelmind_ros2_msgs__rosidl_typesupport_cpp
[ 81%] [32mBuilding CXX object CMakeFiles/marvelmind_ros2_msgs__rosidl_typesupport_fastrtps_c.dir/rosidl_typesupport_fastrtps_c/marvelmind_ros2_msgs/msg/detail/hedge_telemetry__type_support_c.cpp.o[0m
[ 82%] [32mBuilding CXX object CMakeFiles/marvelmind_ros2_msgs__rosidl_typesupport_fastrtps_cpp.dir/rosidl_typesupport_fastrtps_cpp/marvelmind_ros2_msgs/srv/detail/dds_fastrtps/marvelmind_api__type_support.cpp.o[0m
[ 83%] [32mBuilding CXX object CMakeFiles/marvelmind_ros2_msgs__rosidl_typesupport_fastrtps_c.dir/rosidl_typesupport_fastrtps_c/marvelmind_ros2_msgs/msg/detail/marvelmind_waypoint__type_support_c.cpp.o[0m
[ 83%] [32mBuilding CXX object CMakeFiles/marvelmind_ros2_msgs__rosidl_typesupport_fastrtps_c.dir/rosidl_typesupport_fastrtps_c/marvelmind_ros2_msgs/msg/detail/marvelmind_user_data__type_support_c.cpp.o[0m
[ 84%] [32mBuilding CXX object CMakeFiles/marvelmind_ros2_msgs__rosidl_typesupport_fastrtps_c.dir/rosidl_typesupport_fastrtps_c/marvelmind_ros2_msgs/srv/detail/marvelmind_api__type_support_c.cpp.o[0m
[ 84%] [32m[1mLinking CXX shared library libmarvelmind_ros2_msgs__rosidl_typesupport_fastrtps_cpp.so[0m
[ 84%] Built target marvelmind_ros2_msgs__rosidl_typesupport_fastrtps_cpp
[ 85%] [32m[1mLinking CXX shared library libmarvelmind_ros2_msgs__rosidl_typesupport_fastrtps_c.so[0m
[ 85%] Built target marvelmind_ros2_msgs__rosidl_typesupport_fastrtps_c
[ 85%] Built target marvelmind_ros2_msgs
[ 86%] [34m[1mGenerating Python code for ROS interfaces[0m
[ 86%] Built target marvelmind_ros2_msgs__py
[ 87%] [32mBuilding C object CMakeFiles/marvelmind_ros2_msgs__rosidl_generator_py.dir/rosidl_generator_py/marvelmind_ros2_msgs/msg/_beacon_distance_s.c.o[0m
[ 87%] [32mBuilding C object CMakeFiles/marvelmind_ros2_msgs__rosidl_generator_py.dir/rosidl_generator_py/marvelmind_ros2_msgs/msg/_beacon_position_addressed_s.c.o[0m
[ 88%] [32mBuilding C object CMakeFiles/marvelmind_ros2_msgs__rosidl_generator_py.dir/rosidl_generator_py/marvelmind_ros2_msgs/msg/_hedge_imu_fusion_s.c.o[0m
[ 89%] [32mBuilding C object CMakeFiles/marvelmind_ros2_msgs__rosidl_generator_py.dir/rosidl_generator_py/marvelmind_ros2_msgs/msg/_hedge_imu_raw_s.c.o[0m
[ 90%] [32mBuilding C object CMakeFiles/marvelmind_ros2_msgs__rosidl_generator_py.dir/rosidl_generator_py/marvelmind_ros2_msgs/msg/_hedge_position_addressed_s.c.o[0m
[ 91%] [32mBuilding C object CMakeFiles/marvelmind_ros2_msgs__rosidl_generator_py.dir/rosidl_generator_py/marvelmind_ros2_msgs/msg/_hedge_position_s.c.o[0m
[ 91%] [32mBuilding C object CMakeFiles/marvelmind_ros2_msgs__rosidl_generator_py.dir/rosidl_generator_py/marvelmind_ros2_msgs/msg/_hedge_position_angle_s.c.o[0m
[ 92%] [32mBuilding C object CMakeFiles/marvelmind_ros2_msgs__rosidl_generator_py.dir/rosidl_generator_py/marvelmind_ros2_msgs/msg/_hedge_quality_s.c.o[0m
[ 92%] [32mBuilding C object CMakeFiles/marvelmind_ros2_msgs__rosidl_generator_py.dir/rosidl_generator_py/marvelmind_ros2_msgs/msg/_hedge_telemetry_s.c.o[0m
[ 93%] [32mBuilding C object CMakeFiles/marvelmind_ros2_msgs__rosidl_generator_py.dir/rosidl_generator_py/marvelmind_ros2_msgs/msg/_marvelmind_waypoint_s.c.o[0m
[ 94%] [32mBuilding C object CMakeFiles/marvelmind_ros2_msgs__rosidl_generator_py.dir/rosidl_generator_py/marvelmind_ros2_msgs/msg/_marvelmind_user_data_s.c.o[0m
[ 94%] [32mBuilding C object CMakeFiles/marvelmind_ros2_msgs__rosidl_generator_py.dir/rosidl_generator_py/marvelmind_ros2_msgs/srv/_marvelmind_api_s.c.o[0m
[ 95%] [32m[1mLinking C shared library libmarvelmind_ros2_msgs__rosidl_generator_py.so[0m
[ 95%] Built target marvelmind_ros2_msgs__rosidl_generator_py
[ 95%] [32mBuilding C object CMakeFiles/marvelmind_ros2_msgs_s__rosidl_typesupport_fastrtps_c.dir/rosidl_generator_py/marvelmind_ros2_msgs/_marvelmind_ros2_msgs_s.ep.rosidl_typesupport_fastrtps_c.c.o[0m
[ 96%] [32mBuilding C object CMakeFiles/marvelmind_ros2_msgs_s__rosidl_typesupport_introspection_c.dir/rosidl_generator_py/marvelmind_ros2_msgs/_marvelmind_ros2_msgs_s.ep.rosidl_typesupport_introspection_c.c.o[0m
[ 97%] [32mBuilding C object CMakeFiles/marvelmind_ros2_msgs_s__rosidl_typesupport_c.dir/rosidl_generator_py/marvelmind_ros2_msgs/_marvelmind_ros2_msgs_s.ep.rosidl_typesupport_c.c.o[0m
[ 98%] [32m[1mLinking C shared module rosidl_generator_py/marvelmind_ros2_msgs/marvelmind_ros2_msgs_s__rosidl_typesupport_c.so[0m
[100%] [32m[1mLinking C shared module rosidl_generator_py/marvelmind_ros2_msgs/marvelmind_ros2_msgs_s__rosidl_typesupport_fastrtps_c.so[0m
[100%] [32m[1mLinking C shared module rosidl_generator_py/marvelmind_ros2_msgs/marvelmind_ros2_msgs_s__rosidl_typesupport_introspection_c.so[0m
[100%] Built target marvelmind_ros2_msgs_s__rosidl_typesupport_c
[100%] Built target marvelmind_ros2_msgs_s__rosidl_typesupport_fastrtps_c
[100%] Built target marvelmind_ros2_msgs_s__rosidl_typesupport_introspection_c
-- Install configuration: ""
-- Execute custom install script
-- Symlinking: /home/hutalia/ROS2_Hutalia/ros2_ws/install/marvelmind_ros2_msgs/share/ament_index/resource_index/rosidl_interfaces/marvelmind_ros2_msgs
-- Symlinking: /home/hutalia/ROS2_Hutalia/ros2_ws/install/marvelmind_ros2_msgs/share/marvelmind_ros2_msgs/msg/BeaconDistance.json
-- Symlinking: /home/hutalia/ROS2_Hutalia/ros2_ws/install/marvelmind_ros2_msgs/share/marvelmind_ros2_msgs/msg/BeaconPositionAddressed.json
-- Symlinking: /home/hutalia/ROS2_Hutalia/ros2_ws/install/marvelmind_ros2_msgs/share/marvelmind_ros2_msgs/msg/HedgeImuFusion.json
-- Symlinking: /home/hutalia/ROS2_Hutalia/ros2_ws/install/marvelmind_ros2_msgs/share/marvelmind_ros2_msgs/msg/HedgeImuRaw.json
-- Symlinking: /home/hutalia/ROS2_Hutalia/ros2_ws/install/marvelmind_ros2_msgs/share/marvelmind_ros2_msgs/msg/HedgePositionAddressed.json
-- Symlinking: /home/hutalia/ROS2_Hutalia/ros2_ws/install/marvelmind_ros2_msgs/share/marvelmind_ros2_msgs/msg/HedgePositionAngle.json
-- Symlinking: /home/hutalia/ROS2_Hutalia/ros2_ws/install/marvelmind_ros2_msgs/share/marvelmind_ros2_msgs/msg/HedgePosition.json
-- Symlinking: /home/hutalia/ROS2_Hutalia/ros2_ws/install/marvelmind_ros2_msgs/share/marvelmind_ros2_msgs/msg/HedgeQuality.json
-- Symlinking: /home/hutalia/ROS2_Hutalia/ros2_ws/install/marvelmind_ros2_msgs/share/marvelmind_ros2_msgs/msg/HedgeTelemetry.json
-- Symlinking: /home/hutalia/ROS2_Hutalia/ros2_ws/install/marvelmind_ros2_msgs/share/marvelmind_ros2_msgs/msg/MarvelmindWaypoint.json
-- Symlinking: /home/hutalia/ROS2_Hutalia/ros2_ws/install/marvelmind_ros2_msgs/share/marvelmind_ros2_msgs/msg/MarvelmindUserData.json
-- Symlinking: /home/hutalia/ROS2_Hutalia/ros2_ws/install/marvelmind_ros2_msgs/share/marvelmind_ros2_msgs/srv/MarvelmindAPI.json
-- Symlinking: /home/hutalia/ROS2_Hutalia/ros2_ws/install/marvelmind_ros2_msgs/include/marvelmind_ros2_msgs/marvelmind_ros2_msgs/msg/beacon_distance.h
-- Symlinking: /home/hutalia/ROS2_Hutalia/ros2_ws/install/marvelmind_ros2_msgs/include/marvelmind_ros2_msgs/marvelmind_ros2_msgs/msg/beacon_position_addressed.h
-- Symlinking: /home/hutalia/ROS2_Hutalia/ros2_ws/install/marvelmind_ros2_msgs/include/marvelmind_ros2_msgs/marvelmind_ros2_msgs/msg/detail/beacon_distance__functions.h
-- Symlinking: /home/hutalia/ROS2_Hutalia/ros2_ws/install/marvelmind_ros2_msgs/include/marvelmind_ros2_msgs/marvelmind_ros2_msgs/msg/detail/beacon_distance__struct.h
-- Symlinking: /home/hutalia/ROS2_Hutalia/ros2_ws/install/marvelmind_ros2_msgs/include/marvelmind_ros2_msgs/marvelmind_ros2_msgs/msg/detail/beacon_distance__type_support.h
-- Symlinking: /home/hutalia/ROS2_Hutalia/ros2_ws/install/marvelmind_ros2_msgs/include/marvelmind_ros2_msgs/marvelmind_ros2_msgs/msg/detail/beacon_position_addressed__functions.h
-- Symlinking: /home/hutalia/ROS2_Hutalia/ros2_ws/install/marvelmind_ros2_msgs/include/marvelmind_ros2_msgs/marvelmind_ros2_msgs/msg/detail/beacon_position_addressed__struct.h
-- Symlinking: /home/hutalia/ROS2_Hutalia/ros2_ws/install/marvelmind_ros2_msgs/include/marvelmind_ros2_msgs/marvelmind_ros2_msgs/msg/detail/beacon_position_addressed__type_support.h
-- Symlinking: /home/hutalia/ROS2_Hutalia/ros2_ws/install/marvelmind_ros2_msgs/include/marvelmind_ros2_msgs/marvelmind_ros2_msgs/msg/detail/hedge_imu_fusion__functions.h
-- Symlinking: /home/hutalia/ROS2_Hutalia/ros2_ws/install/marvelmind_ros2_msgs/include/marvelmind_ros2_msgs/marvelmind_ros2_msgs/msg/detail/hedge_imu_fusion__struct.h
-- Symlinking: /home/hutalia/ROS2_Hutalia/ros2_ws/install/marvelmind_ros2_msgs/include/marvelmind_ros2_msgs/marvelmind_ros2_msgs/msg/detail/hedge_imu_fusion__type_support.h
-- Symlinking: /home/hutalia/ROS2_Hutalia/ros2_ws/install/marvelmind_ros2_msgs/include/marvelmind_ros2_msgs/marvelmind_ros2_msgs/msg/detail/hedge_imu_raw__functions.h
-- Symlinking: /home/hutalia/ROS2_Hutalia/ros2_ws/install/marvelmind_ros2_msgs/include/marvelmind_ros2_msgs/marvelmind_ros2_msgs/msg/detail/hedge_imu_raw__struct.h
-- Symlinking: /home/hutalia/ROS2_Hutalia/ros2_ws/install/marvelmind_ros2_msgs/include/marvelmind_ros2_msgs/marvelmind_ros2_msgs/msg/detail/hedge_imu_raw__type_support.h
-- Symlinking: /home/hutalia/ROS2_Hutalia/ros2_ws/install/marvelmind_ros2_msgs/include/marvelmind_ros2_msgs/marvelmind_ros2_msgs/msg/detail/hedge_position__functions.h
-- Symlinking: /home/hutalia/ROS2_Hutalia/ros2_ws/install/marvelmind_ros2_msgs/include/marvelmind_ros2_msgs/marvelmind_ros2_msgs/msg/detail/hedge_position__struct.h
-- Symlinking: /home/hutalia/ROS2_Hutalia/ros2_ws/install/marvelmind_ros2_msgs/include/marvelmind_ros2_msgs/marvelmind_ros2_msgs/msg/detail/hedge_position__type_support.h
-- Symlinking: /home/hutalia/ROS2_Hutalia/ros2_ws/install/marvelmind_ros2_msgs/include/marvelmind_ros2_msgs/marvelmind_ros2_msgs/msg/detail/hedge_position_addressed__functions.h
-- Symlinking: /home/hutalia/ROS2_Hutalia/ros2_ws/install/marvelmind_ros2_msgs/include/marvelmind_ros2_msgs/marvelmind_ros2_msgs/msg/detail/hedge_position_addressed__struct.h
-- Symlinking: /home/hutalia/ROS2_Hutalia/ros2_ws/install/marvelmind_ros2_msgs/include/marvelmind_ros2_msgs/marvelmind_ros2_msgs/msg/detail/hedge_position_addressed__type_support.h
-- Symlinking: /home/hutalia/ROS2_Hutalia/ros2_ws/install/marvelmind_ros2_msgs/include/marvelmind_ros2_msgs/marvelmind_ros2_msgs/msg/detail/hedge_position_angle__functions.h
-- Symlinking: /home/hutalia/ROS2_Hutalia/ros2_ws/install/marvelmind_ros2_msgs/include/marvelmind_ros2_msgs/marvelmind_ros2_msgs/msg/detail/hedge_position_angle__struct.h
-- Symlinking: /home/hutalia/ROS2_Hutalia/ros2_ws/install/marvelmind_ros2_msgs/include/marvelmind_ros2_msgs/marvelmind_ros2_msgs/msg/detail/hedge_position_angle__type_support.h
-- Symlinking: /home/hutalia/ROS2_Hutalia/ros2_ws/install/marvelmind_ros2_msgs/include/marvelmind_ros2_msgs/marvelmind_ros2_msgs/msg/detail/hedge_quality__functions.h
-- Symlinking: /home/hutalia/ROS2_Hutalia/ros2_ws/install/marvelmind_ros2_msgs/include/marvelmind_ros2_msgs/marvelmind_ros2_msgs/msg/detail/hedge_quality__struct.h
-- Symlinking: /home/hutalia/ROS2_Hutalia/ros2_ws/install/marvelmind_ros2_msgs/include/marvelmind_ros2_msgs/marvelmind_ros2_msgs/msg/detail/hedge_quality__type_support.h
-- Symlinking: /home/hutalia/ROS2_Hutalia/ros2_ws/install/marvelmind_ros2_msgs/include/marvelmind_ros2_msgs/marvelmind_ros2_msgs/msg/detail/hedge_telemetry__functions.h
-- Symlinking: /home/hutalia/ROS2_Hutalia/ros2_ws/install/marvelmind_ros2_msgs/include/marvelmind_ros2_msgs/marvelmind_ros2_msgs/msg/detail/hedge_telemetry__struct.h
-- Symlinking: /home/hutalia/ROS2_Hutalia/ros2_ws/install/marvelmind_ros2_msgs/include/marvelmind_ros2_msgs/marvelmind_ros2_msgs/msg/detail/hedge_telemetry__type_support.h
-- Symlinking: /home/hutalia/ROS2_Hutalia/ros2_ws/install/marvelmind_ros2_msgs/include/marvelmind_ros2_msgs/marvelmind_ros2_msgs/msg/detail/marvelmind_user_data__functions.h
-- Symlinking: /home/hutalia/ROS2_Hutalia/ros2_ws/install/marvelmind_ros2_msgs/include/marvelmind_ros2_msgs/marvelmind_ros2_msgs/msg/detail/marvelmind_user_data__struct.h
-- Symlinking: /home/hutalia/ROS2_Hutalia/ros2_ws/install/marvelmind_ros2_msgs/include/marvelmind_ros2_msgs/marvelmind_ros2_msgs/msg/detail/marvelmind_user_data__type_support.h
-- Symlinking: /home/hutalia/ROS2_Hutalia/ros2_ws/install/marvelmind_ros2_msgs/include/marvelmind_ros2_msgs/marvelmind_ros2_msgs/msg/detail/marvelmind_waypoint__functions.h
-- Symlinking: /home/hutalia/ROS2_Hutalia/ros2_ws/install/marvelmind_ros2_msgs/include/marvelmind_ros2_msgs/marvelmind_ros2_msgs/msg/detail/marvelmind_waypoint__struct.h
-- Symlinking: /home/hutalia/ROS2_Hutalia/ros2_ws/install/marvelmind_ros2_msgs/include/marvelmind_ros2_msgs/marvelmind_ros2_msgs/msg/detail/marvelmind_waypoint__type_support.h
-- Symlinking: /home/hutalia/ROS2_Hutalia/ros2_ws/install/marvelmind_ros2_msgs/include/marvelmind_ros2_msgs/marvelmind_ros2_msgs/msg/hedge_imu_fusion.h
-- Symlinking: /home/hutalia/ROS2_Hutalia/ros2_ws/install/marvelmind_ros2_msgs/include/marvelmind_ros2_msgs/marvelmind_ros2_msgs/msg/hedge_imu_raw.h
-- Symlinking: /home/hutalia/ROS2_Hutalia/ros2_ws/install/marvelmind_ros2_msgs/include/marvelmind_ros2_msgs/marvelmind_ros2_msgs/msg/hedge_position.h
-- Symlinking: /home/hutalia/ROS2_Hutalia/ros2_ws/install/marvelmind_ros2_msgs/include/marvelmind_ros2_msgs/marvelmind_ros2_msgs/msg/hedge_position_addressed.h
-- Symlinking: /home/hutalia/ROS2_Hutalia/ros2_ws/install/marvelmind_ros2_msgs/include/marvelmind_ros2_msgs/marvelmind_ros2_msgs/msg/hedge_position_angle.h
-- Symlinking: /home/hutalia/ROS2_Hutalia/ros2_ws/install/marvelmind_ros2_msgs/include/marvelmind_ros2_msgs/marvelmind_ros2_msgs/msg/hedge_quality.h
-- Symlinking: /home/hutalia/ROS2_Hutalia/ros2_ws/install/marvelmind_ros2_msgs/include/marvelmind_ros2_msgs/marvelmind_ros2_msgs/msg/hedge_telemetry.h
-- Symlinking: /home/hutalia/ROS2_Hutalia/ros2_ws/install/marvelmind_ros2_msgs/include/marvelmind_ros2_msgs/marvelmind_ros2_msgs/msg/marvelmind_user_data.h
-- Symlinking: /home/hutalia/ROS2_Hutalia/ros2_ws/install/marvelmind_ros2_msgs/include/marvelmind_ros2_msgs/marvelmind_ros2_msgs/msg/marvelmind_waypoint.h
-- Symlinking: /home/hutalia/ROS2_Hutalia/ros2_ws/install/marvelmind_ros2_msgs/include/marvelmind_ros2_msgs/marvelmind_ros2_msgs/msg/rosidl_generator_c__visibility_control.h
-- Symlinking: /home/hutalia/ROS2_Hutalia/ros2_ws/install/marvelmind_ros2_msgs/include/marvelmind_ros2_msgs/marvelmind_ros2_msgs/srv/detail/marvelmind_api__functions.h
-- Symlinking: /home/hutalia/ROS2_Hutalia/ros2_ws/install/marvelmind_ros2_msgs/include/marvelmind_ros2_msgs/marvelmind_ros2_msgs/srv/detail/marvelmind_api__struct.h
-- Symlinking: /home/hutalia/ROS2_Hutalia/ros2_ws/install/marvelmind_ros2_msgs/include/marvelmind_ros2_msgs/marvelmind_ros2_msgs/srv/detail/marvelmind_api__type_support.h
-- Symlinking: /home/hutalia/ROS2_Hutalia/ros2_ws/install/marvelmind_ros2_msgs/include/marvelmind_ros2_msgs/marvelmind_ros2_msgs/srv/marvelmind_api.h
-- Symlinking: /home/hutalia/ROS2_Hutalia/ros2_ws/install/marvelmind_ros2_msgs/share/marvelmind_ros2_msgs/environment/library_path.sh
-- Symlinking: /home/hutalia/ROS2_Hutalia/ros2_ws/install/marvelmind_ros2_msgs/share/marvelmind_ros2_msgs/environment/library_path.dsv
-- Symlinking: /home/hutalia/ROS2_Hutalia/ros2_ws/install/marvelmind_ros2_msgs/include/marvelmind_ros2_msgs/marvelmind_ros2_msgs/msg/detail/beacon_distance__rosidl_typesupport_fastrtps_c.h
-- Symlinking: /home/hutalia/ROS2_Hutalia/ros2_ws/install/marvelmind_ros2_msgs/include/marvelmind_ros2_msgs/marvelmind_ros2_msgs/msg/detail/beacon_position_addressed__rosidl_typesupport_fastrtps_c.h
-- Symlinking: /home/hutalia/ROS2_Hutalia/ros2_ws/install/marvelmind_ros2_msgs/include/marvelmind_ros2_msgs/marvelmind_ros2_msgs/msg/detail/hedge_imu_fusion__rosidl_typesupport_fastrtps_c.h
-- Symlinking: /home/hutalia/ROS2_Hutalia/ros2_ws/install/marvelmind_ros2_msgs/include/marvelmind_ros2_msgs/marvelmind_ros2_msgs/msg/detail/hedge_imu_raw__rosidl_typesupport_fastrtps_c.h
-- Symlinking: /home/hutalia/ROS2_Hutalia/ros2_ws/install/marvelmind_ros2_msgs/include/marvelmind_ros2_msgs/marvelmind_ros2_msgs/msg/detail/hedge_position__rosidl_typesupport_fastrtps_c.h
-- Symlinking: /home/hutalia/ROS2_Hutalia/ros2_ws/install/marvelmind_ros2_msgs/include/marvelmind_ros2_msgs/marvelmind_ros2_msgs/msg/detail/hedge_position_addressed__rosidl_typesupport_fastrtps_c.h
-- Symlinking: /home/hutalia/ROS2_Hutalia/ros2_ws/install/marvelmind_ros2_msgs/include/marvelmind_ros2_msgs/marvelmind_ros2_msgs/msg/detail/hedge_position_angle__rosidl_typesupport_fastrtps_c.h
-- Symlinking: /home/hutalia/ROS2_Hutalia/ros2_ws/install/marvelmind_ros2_msgs/include/marvelmind_ros2_msgs/marvelmind_ros2_msgs/msg/detail/hedge_quality__rosidl_typesupport_fastrtps_c.h
-- Symlinking: /home/hutalia/ROS2_Hutalia/ros2_ws/install/marvelmind_ros2_msgs/include/marvelmind_ros2_msgs/marvelmind_ros2_msgs/msg/detail/hedge_telemetry__rosidl_typesupport_fastrtps_c.h
-- Symlinking: /home/hutalia/ROS2_Hutalia/ros2_ws/install/marvelmind_ros2_msgs/include/marvelmind_ros2_msgs/marvelmind_ros2_msgs/msg/detail/marvelmind_user_data__rosidl_typesupport_fastrtps_c.h
-- Symlinking: /home/hutalia/ROS2_Hutalia/ros2_ws/install/marvelmind_ros2_msgs/include/marvelmind_ros2_msgs/marvelmind_ros2_msgs/msg/detail/marvelmind_waypoint__rosidl_typesupport_fastrtps_c.h
-- Symlinking: /home/hutalia/ROS2_Hutalia/ros2_ws/install/marvelmind_ros2_msgs/include/marvelmind_ros2_msgs/marvelmind_ros2_msgs/msg/rosidl_typesupport_fastrtps_c__visibility_control.h
-- Symlinking: /home/hutalia/ROS2_Hutalia/ros2_ws/install/marvelmind_ros2_msgs/include/marvelmind_ros2_msgs/marvelmind_ros2_msgs/srv/detail/marvelmind_api__rosidl_typesupport_fastrtps_c.h
-- Symlinking: /home/hutalia/ROS2_Hutalia/ros2_ws/install/marvelmind_ros2_msgs/include/marvelmind_ros2_msgs/marvelmind_ros2_msgs/msg/detail/beacon_distance__rosidl_typesupport_introspection_c.h
-- Symlinking: /home/hutalia/ROS2_Hutalia/ros2_ws/install/marvelmind_ros2_msgs/include/marvelmind_ros2_msgs/marvelmind_ros2_msgs/msg/detail/beacon_position_addressed__rosidl_typesupport_introspection_c.h
-- Symlinking: /home/hutalia/ROS2_Hutalia/ros2_ws/install/marvelmind_ros2_msgs/include/marvelmind_ros2_msgs/marvelmind_ros2_msgs/msg/detail/hedge_imu_fusion__rosidl_typesupport_introspection_c.h
-- Symlinking: /home/hutalia/ROS2_Hutalia/ros2_ws/install/marvelmind_ros2_msgs/include/marvelmind_ros2_msgs/marvelmind_ros2_msgs/msg/detail/hedge_imu_raw__rosidl_typesupport_introspection_c.h
-- Symlinking: /home/hutalia/ROS2_Hutalia/ros2_ws/install/marvelmind_ros2_msgs/include/marvelmind_ros2_msgs/marvelmind_ros2_msgs/msg/detail/hedge_position__rosidl_typesupport_introspection_c.h
-- Symlinking: /home/hutalia/ROS2_Hutalia/ros2_ws/install/marvelmind_ros2_msgs/include/marvelmind_ros2_msgs/marvelmind_ros2_msgs/msg/detail/hedge_position_addressed__rosidl_typesupport_introspection_c.h
-- Symlinking: /home/hutalia/ROS2_Hutalia/ros2_ws/install/marvelmind_ros2_msgs/include/marvelmind_ros2_msgs/marvelmind_ros2_msgs/msg/detail/hedge_position_angle__rosidl_typesupport_introspection_c.h
-- Symlinking: /home/hutalia/ROS2_Hutalia/ros2_ws/install/marvelmind_ros2_msgs/include/marvelmind_ros2_msgs/marvelmind_ros2_msgs/msg/detail/hedge_quality__rosidl_typesupport_introspection_c.h
-- Symlinking: /home/hutalia/ROS2_Hutalia/ros2_ws/install/marvelmind_ros2_msgs/include/marvelmind_ros2_msgs/marvelmind_ros2_msgs/msg/detail/hedge_telemetry__rosidl_typesupport_introspection_c.h
-- Symlinking: /home/hutalia/ROS2_Hutalia/ros2_ws/install/marvelmind_ros2_msgs/include/marvelmind_ros2_msgs/marvelmind_ros2_msgs/msg/detail/marvelmind_user_data__rosidl_typesupport_introspection_c.h
-- Symlinking: /home/hutalia/ROS2_Hutalia/ros2_ws/install/marvelmind_ros2_msgs/include/marvelmind_ros2_msgs/marvelmind_ros2_msgs/msg/detail/marvelmind_waypoint__rosidl_typesupport_introspection_c.h
-- Symlinking: /home/hutalia/ROS2_Hutalia/ros2_ws/install/marvelmind_ros2_msgs/include/marvelmind_ros2_msgs/marvelmind_ros2_msgs/msg/rosidl_typesupport_introspection_c__visibility_control.h
-- Symlinking: /home/hutalia/ROS2_Hutalia/ros2_ws/install/marvelmind_ros2_msgs/include/marvelmind_ros2_msgs/marvelmind_ros2_msgs/srv/detail/marvelmind_api__rosidl_typesupport_introspection_c.h
-- Symlinking: /home/hutalia/ROS2_Hutalia/ros2_ws/install/marvelmind_ros2_msgs/include/marvelmind_ros2_msgs/marvelmind_ros2_msgs/msg/beacon_distance.hpp
-- Symlinking: /home/hutalia/ROS2_Hutalia/ros2_ws/install/marvelmind_ros2_msgs/include/marvelmind_ros2_msgs/marvelmind_ros2_msgs/msg/beacon_position_addressed.hpp
-- Symlinking: /home/hutalia/ROS2_Hutalia/ros2_ws/install/marvelmind_ros2_msgs/include/marvelmind_ros2_msgs/marvelmind_ros2_msgs/msg/detail/beacon_distance__builder.hpp
-- Symlinking: /home/hutalia/ROS2_Hutalia/ros2_ws/install/marvelmind_ros2_msgs/include/marvelmind_ros2_msgs/marvelmind_ros2_msgs/msg/detail/beacon_distance__struct.hpp
-- Symlinking: /home/hutalia/ROS2_Hutalia/ros2_ws/install/marvelmind_ros2_msgs/include/marvelmind_ros2_msgs/marvelmind_ros2_msgs/msg/detail/beacon_distance__traits.hpp
-- Symlinking: /home/hutalia/ROS2_Hutalia/ros2_ws/install/marvelmind_ros2_msgs/include/marvelmind_ros2_msgs/marvelmind_ros2_msgs/msg/detail/beacon_distance__type_support.hpp
-- Symlinking: /home/hutalia/ROS2_Hutalia/ros2_ws/install/marvelmind_ros2_msgs/include/marvelmind_ros2_msgs/marvelmind_ros2_msgs/msg/detail/beacon_position_addressed__builder.hpp
-- Symlinking: /home/hutalia/ROS2_Hutalia/ros2_ws/install/marvelmind_ros2_msgs/include/marvelmind_ros2_msgs/marvelmind_ros2_msgs/msg/detail/beacon_position_addressed__struct.hpp
-- Symlinking: /home/hutalia/ROS2_Hutalia/ros2_ws/install/marvelmind_ros2_msgs/include/marvelmind_ros2_msgs/marvelmind_ros2_msgs/msg/detail/beacon_position_addressed__traits.hpp
-- Symlinking: /home/hutalia/ROS2_Hutalia/ros2_ws/install/marvelmind_ros2_msgs/include/marvelmind_ros2_msgs/marvelmind_ros2_msgs/msg/detail/beacon_position_addressed__type_support.hpp
-- Symlinking: /home/hutalia/ROS2_Hutalia/ros2_ws/install/marvelmind_ros2_msgs/include/marvelmind_ros2_msgs/marvelmind_ros2_msgs/msg/detail/hedge_imu_fusion__builder.hpp
-- Symlinking: /home/hutalia/ROS2_Hutalia/ros2_ws/install/marvelmind_ros2_msgs/include/marvelmind_ros2_msgs/marvelmind_ros2_msgs/msg/detail/hedge_imu_fusion__struct.hpp
-- Symlinking: /home/hutalia/ROS2_Hutalia/ros2_ws/install/marvelmind_ros2_msgs/include/marvelmind_ros2_msgs/marvelmind_ros2_msgs/msg/detail/hedge_imu_fusion__traits.hpp
-- Symlinking: /home/hutalia/ROS2_Hutalia/ros2_ws/install/marvelmind_ros2_msgs/include/marvelmind_ros2_msgs/marvelmind_ros2_msgs/msg/detail/hedge_imu_fusion__type_support.hpp
-- Symlinking: /home/hutalia/ROS2_Hutalia/ros2_ws/install/marvelmind_ros2_msgs/include/marvelmind_ros2_msgs/marvelmind_ros2_msgs/msg/detail/hedge_imu_raw__builder.hpp
-- Symlinking: /home/hutalia/ROS2_Hutalia/ros2_ws/install/marvelmind_ros2_msgs/include/marvelmind_ros2_msgs/marvelmind_ros2_msgs/msg/detail/hedge_imu_raw__struct.hpp
-- Symlinking: /home/hutalia/ROS2_Hutalia/ros2_ws/install/marvelmind_ros2_msgs/include/marvelmind_ros2_msgs/marvelmind_ros2_msgs/msg/detail/hedge_imu_raw__traits.hpp
-- Symlinking: /home/hutalia/ROS2_Hutalia/ros2_ws/install/marvelmind_ros2_msgs/include/marvelmind_ros2_msgs/marvelmind_ros2_msgs/msg/detail/hedge_imu_raw__type_support.hpp
-- Symlinking: /home/hutalia/ROS2_Hutalia/ros2_ws/install/marvelmind_ros2_msgs/include/marvelmind_ros2_msgs/marvelmind_ros2_msgs/msg/detail/hedge_position__builder.hpp
-- Symlinking: /home/hutalia/ROS2_Hutalia/ros2_ws/install/marvelmind_ros2_msgs/include/marvelmind_ros2_msgs/marvelmind_ros2_msgs/msg/detail/hedge_position__struct.hpp
-- Symlinking: /home/hutalia/ROS2_Hutalia/ros2_ws/install/marvelmind_ros2_msgs/include/marvelmind_ros2_msgs/marvelmind_ros2_msgs/msg/detail/hedge_position__traits.hpp
-- Symlinking: /home/hutalia/ROS2_Hutalia/ros2_ws/install/marvelmind_ros2_msgs/include/marvelmind_ros2_msgs/marvelmind_ros2_msgs/msg/detail/hedge_position__type_support.hpp
-- Symlinking: /home/hutalia/ROS2_Hutalia/ros2_ws/install/marvelmind_ros2_msgs/include/marvelmind_ros2_msgs/marvelmind_ros2_msgs/msg/detail/hedge_position_addressed__builder.hpp
-- Symlinking: /home/hutalia/ROS2_Hutalia/ros2_ws/install/marvelmind_ros2_msgs/include/marvelmind_ros2_msgs/marvelmind_ros2_msgs/msg/detail/hedge_position_addressed__struct.hpp
-- Symlinking: /home/hutalia/ROS2_Hutalia/ros2_ws/install/marvelmind_ros2_msgs/include/marvelmind_ros2_msgs/marvelmind_ros2_msgs/msg/detail/hedge_position_addressed__traits.hpp
-- Symlinking: /home/hutalia/ROS2_Hutalia/ros2_ws/install/marvelmind_ros2_msgs/include/marvelmind_ros2_msgs/marvelmind_ros2_msgs/msg/detail/hedge_position_addressed__type_support.hpp
-- Symlinking: /home/hutalia/ROS2_Hutalia/ros2_ws/install/marvelmind_ros2_msgs/include/marvelmind_ros2_msgs/marvelmind_ros2_msgs/msg/detail/hedge_position_angle__builder.hpp
-- Symlinking: /home/hutalia/ROS2_Hutalia/ros2_ws/install/marvelmind_ros2_msgs/include/marvelmind_ros2_msgs/marvelmind_ros2_msgs/msg/detail/hedge_position_angle__struct.hpp
-- Symlinking: /home/hutalia/ROS2_Hutalia/ros2_ws/install/marvelmind_ros2_msgs/include/marvelmind_ros2_msgs/marvelmind_ros2_msgs/msg/detail/hedge_position_angle__traits.hpp
-- Symlinking: /home/hutalia/ROS2_Hutalia/ros2_ws/install/marvelmind_ros2_msgs/include/marvelmind_ros2_msgs/marvelmind_ros2_msgs/msg/detail/hedge_position_angle__type_support.hpp
-- Symlinking: /home/hutalia/ROS2_Hutalia/ros2_ws/install/marvelmind_ros2_msgs/include/marvelmind_ros2_msgs/marvelmind_ros2_msgs/msg/detail/hedge_quality__builder.hpp
-- Symlinking: /home/hutalia/ROS2_Hutalia/ros2_ws/install/marvelmind_ros2_msgs/include/marvelmind_ros2_msgs/marvelmind_ros2_msgs/msg/detail/hedge_quality__struct.hpp
-- Symlinking: /home/hutalia/ROS2_Hutalia/ros2_ws/install/marvelmind_ros2_msgs/include/marvelmind_ros2_msgs/marvelmind_ros2_msgs/msg/detail/hedge_quality__traits.hpp
-- Symlinking: /home/hutalia/ROS2_Hutalia/ros2_ws/install/marvelmind_ros2_msgs/include/marvelmind_ros2_msgs/marvelmind_ros2_msgs/msg/detail/hedge_quality__type_support.hpp
-- Symlinking: /home/hutalia/ROS2_Hutalia/ros2_ws/install/marvelmind_ros2_msgs/include/marvelmind_ros2_msgs/marvelmind_ros2_msgs/msg/detail/hedge_telemetry__builder.hpp
-- Symlinking: /home/hutalia/ROS2_Hutalia/ros2_ws/install/marvelmind_ros2_msgs/include/marvelmind_ros2_msgs/marvelmind_ros2_msgs/msg/detail/hedge_telemetry__struct.hpp
-- Symlinking: /home/hutalia/ROS2_Hutalia/ros2_ws/install/marvelmind_ros2_msgs/include/marvelmind_ros2_msgs/marvelmind_ros2_msgs/msg/detail/hedge_telemetry__traits.hpp
-- Symlinking: /home/hutalia/ROS2_Hutalia/ros2_ws/install/marvelmind_ros2_msgs/include/marvelmind_ros2_msgs/marvelmind_ros2_msgs/msg/detail/hedge_telemetry__type_support.hpp
-- Symlinking: /home/hutalia/ROS2_Hutalia/ros2_ws/install/marvelmind_ros2_msgs/include/marvelmind_ros2_msgs/marvelmind_ros2_msgs/msg/detail/marvelmind_user_data__builder.hpp
-- Symlinking: /home/hutalia/ROS2_Hutalia/ros2_ws/install/marvelmind_ros2_msgs/include/marvelmind_ros2_msgs/marvelmind_ros2_msgs/msg/detail/marvelmind_user_data__struct.hpp
-- Symlinking: /home/hutalia/ROS2_Hutalia/ros2_ws/install/marvelmind_ros2_msgs/include/marvelmind_ros2_msgs/marvelmind_ros2_msgs/msg/detail/marvelmind_user_data__traits.hpp
-- Symlinking: /home/hutalia/ROS2_Hutalia/ros2_ws/install/marvelmind_ros2_msgs/include/marvelmind_ros2_msgs/marvelmind_ros2_msgs/msg/detail/marvelmind_user_data__type_support.hpp
-- Symlinking: /home/hutalia/ROS2_Hutalia/ros2_ws/install/marvelmind_ros2_msgs/include/marvelmind_ros2_msgs/marvelmind_ros2_msgs/msg/detail/marvelmind_waypoint__builder.hpp
-- Symlinking: /home/hutalia/ROS2_Hutalia/ros2_ws/install/marvelmind_ros2_msgs/include/marvelmind_ros2_msgs/marvelmind_ros2_msgs/msg/detail/marvelmind_waypoint__struct.hpp
-- Symlinking: /home/hutalia/ROS2_Hutalia/ros2_ws/install/marvelmind_ros2_msgs/include/marvelmind_ros2_msgs/marvelmind_ros2_msgs/msg/detail/marvelmind_waypoint__traits.hpp
-- Symlinking: /home/hutalia/ROS2_Hutalia/ros2_ws/install/marvelmind_ros2_msgs/include/marvelmind_ros2_msgs/marvelmind_ros2_msgs/msg/detail/marvelmind_waypoint__type_support.hpp
-- Symlinking: /home/hutalia/ROS2_Hutalia/ros2_ws/install/marvelmind_ros2_msgs/include/marvelmind_ros2_msgs/marvelmind_ros2_msgs/msg/hedge_imu_fusion.hpp
-- Symlinking: /home/hutalia/ROS2_Hutalia/ros2_ws/install/marvelmind_ros2_msgs/include/marvelmind_ros2_msgs/marvelmind_ros2_msgs/msg/hedge_imu_raw.hpp
-- Symlinking: /home/hutalia/ROS2_Hutalia/ros2_ws/install/marvelmind_ros2_msgs/include/marvelmind_ros2_msgs/marvelmind_ros2_msgs/msg/hedge_position.hpp
-- Symlinking: /home/hutalia/ROS2_Hutalia/ros2_ws/install/marvelmind_ros2_msgs/include/marvelmind_ros2_msgs/marvelmind_ros2_msgs/msg/hedge_position_addressed.hpp
-- Symlinking: /home/hutalia/ROS2_Hutalia/ros2_ws/install/marvelmind_ros2_msgs/include/marvelmind_ros2_msgs/marvelmind_ros2_msgs/msg/hedge_position_angle.hpp
-- Symlinking: /home/hutalia/ROS2_Hutalia/ros2_ws/install/marvelmind_ros2_msgs/include/marvelmind_ros2_msgs/marvelmind_ros2_msgs/msg/hedge_quality.hpp
-- Symlinking: /home/hutalia/ROS2_Hutalia/ros2_ws/install/marvelmind_ros2_msgs/include/marvelmind_ros2_msgs/marvelmind_ros2_msgs/msg/hedge_telemetry.hpp
-- Symlinking: /home/hutalia/ROS2_Hutalia/ros2_ws/install/marvelmind_ros2_msgs/include/marvelmind_ros2_msgs/marvelmind_ros2_msgs/msg/marvelmind_user_data.hpp
-- Symlinking: /home/hutalia/ROS2_Hutalia/ros2_ws/install/marvelmind_ros2_msgs/include/marvelmind_ros2_msgs/marvelmind_ros2_msgs/msg/marvelmind_waypoint.hpp
-- Symlinking: /home/hutalia/ROS2_Hutalia/ros2_ws/install/marvelmind_ros2_msgs/include/marvelmind_ros2_msgs/marvelmind_ros2_msgs/msg/rosidl_generator_cpp__visibility_control.hpp
-- Symlinking: /home/hutalia/ROS2_Hutalia/ros2_ws/install/marvelmind_ros2_msgs/include/marvelmind_ros2_msgs/marvelmind_ros2_msgs/srv/detail/marvelmind_api__builder.hpp
-- Symlinking: /home/hutalia/ROS2_Hutalia/ros2_ws/install/marvelmind_ros2_msgs/include/marvelmind_ros2_msgs/marvelmind_ros2_msgs/srv/detail/marvelmind_api__struct.hpp
-- Symlinking: /home/hutalia/ROS2_Hutalia/ros2_ws/install/marvelmind_ros2_msgs/include/marvelmind_ros2_msgs/marvelmind_ros2_msgs/srv/detail/marvelmind_api__traits.hpp
-- Symlinking: /home/hutalia/ROS2_Hutalia/ros2_ws/install/marvelmind_ros2_msgs/include/marvelmind_ros2_msgs/marvelmind_ros2_msgs/srv/detail/marvelmind_api__type_support.hpp
-- Symlinking: /home/hutalia/ROS2_Hutalia/ros2_ws/install/marvelmind_ros2_msgs/include/marvelmind_ros2_msgs/marvelmind_ros2_msgs/srv/marvelmind_api.hpp
-- Symlinking: /home/hutalia/ROS2_Hutalia/ros2_ws/install/marvelmind_ros2_msgs/include/marvelmind_ros2_msgs/marvelmind_ros2_msgs/msg/detail/beacon_distance__rosidl_typesupport_fastrtps_cpp.hpp
-- Symlinking: /home/hutalia/ROS2_Hutalia/ros2_ws/install/marvelmind_ros2_msgs/include/marvelmind_ros2_msgs/marvelmind_ros2_msgs/msg/detail/beacon_position_addressed__rosidl_typesupport_fastrtps_cpp.hpp
-- Symlinking: /home/hutalia/ROS2_Hutalia/ros2_ws/install/marvelmind_ros2_msgs/include/marvelmind_ros2_msgs/marvelmind_ros2_msgs/msg/detail/hedge_imu_fusion__rosidl_typesupport_fastrtps_cpp.hpp
-- Symlinking: /home/hutalia/ROS2_Hutalia/ros2_ws/install/marvelmind_ros2_msgs/include/marvelmind_ros2_msgs/marvelmind_ros2_msgs/msg/detail/hedge_imu_raw__rosidl_typesupport_fastrtps_cpp.hpp
-- Symlinking: /home/hutalia/ROS2_Hutalia/ros2_ws/install/marvelmind_ros2_msgs/include/marvelmind_ros2_msgs/marvelmind_ros2_msgs/msg/detail/hedge_position__rosidl_typesupport_fastrtps_cpp.hpp
-- Symlinking: /home/hutalia/ROS2_Hutalia/ros2_ws/install/marvelmind_ros2_msgs/include/marvelmind_ros2_msgs/marvelmind_ros2_msgs/msg/detail/hedge_position_addressed__rosidl_typesupport_fastrtps_cpp.hpp
-- Symlinking: /home/hutalia/ROS2_Hutalia/ros2_ws/install/marvelmind_ros2_msgs/include/marvelmind_ros2_msgs/marvelmind_ros2_msgs/msg/detail/hedge_position_angle__rosidl_typesupport_fastrtps_cpp.hpp
-- Symlinking: /home/hutalia/ROS2_Hutalia/ros2_ws/install/marvelmind_ros2_msgs/include/marvelmind_ros2_msgs/marvelmind_ros2_msgs/msg/detail/hedge_quality__rosidl_typesupport_fastrtps_cpp.hpp
-- Symlinking: /home/hutalia/ROS2_Hutalia/ros2_ws/install/marvelmind_ros2_msgs/include/marvelmind_ros2_msgs/marvelmind_ros2_msgs/msg/detail/hedge_telemetry__rosidl_typesupport_fastrtps_cpp.hpp
-- Symlinking: /home/hutalia/ROS2_Hutalia/ros2_ws/install/marvelmind_ros2_msgs/include/marvelmind_ros2_msgs/marvelmind_ros2_msgs/msg/detail/marvelmind_user_data__rosidl_typesupport_fastrtps_cpp.hpp
-- Symlinking: /home/hutalia/ROS2_Hutalia/ros2_ws/install/marvelmind_ros2_msgs/include/marvelmind_ros2_msgs/marvelmind_ros2_msgs/msg/detail/marvelmind_waypoint__rosidl_typesupport_fastrtps_cpp.hpp
-- Symlinking: /home/hutalia/ROS2_Hutalia/ros2_ws/install/marvelmind_ros2_msgs/include/marvelmind_ros2_msgs/marvelmind_ros2_msgs/msg/rosidl_typesupport_fastrtps_cpp__visibility_control.h
-- Symlinking: /home/hutalia/ROS2_Hutalia/ros2_ws/install/marvelmind_ros2_msgs/include/marvelmind_ros2_msgs/marvelmind_ros2_msgs/srv/detail/marvelmind_api__rosidl_typesupport_fastrtps_cpp.hpp
-- Symlinking: /home/hutalia/ROS2_Hutalia/ros2_ws/install/marvelmind_ros2_msgs/include/marvelmind_ros2_msgs/marvelmind_ros2_msgs/msg/detail/beacon_distance__rosidl_typesupport_introspection_cpp.hpp
-- Symlinking: /home/hutalia/ROS2_Hutalia/ros2_ws/install/marvelmind_ros2_msgs/include/marvelmind_ros2_msgs/marvelmind_ros2_msgs/msg/detail/beacon_position_addressed__rosidl_typesupport_introspection_cpp.hpp
-- Symlinking: /home/hutalia/ROS2_Hutalia/ros2_ws/install/marvelmind_ros2_msgs/include/marvelmind_ros2_msgs/marvelmind_ros2_msgs/msg/detail/hedge_imu_fusion__rosidl_typesupport_introspection_cpp.hpp
-- Symlinking: /home/hutalia/ROS2_Hutalia/ros2_ws/install/marvelmind_ros2_msgs/include/marvelmind_ros2_msgs/marvelmind_ros2_msgs/msg/detail/hedge_imu_raw__rosidl_typesupport_introspection_cpp.hpp
-- Symlinking: /home/hutalia/ROS2_Hutalia/ros2_ws/install/marvelmind_ros2_msgs/include/marvelmind_ros2_msgs/marvelmind_ros2_msgs/msg/detail/hedge_position__rosidl_typesupport_introspection_cpp.hpp
-- Symlinking: /home/hutalia/ROS2_Hutalia/ros2_ws/install/marvelmind_ros2_msgs/include/marvelmind_ros2_msgs/marvelmind_ros2_msgs/msg/detail/hedge_position_addressed__rosidl_typesupport_introspection_cpp.hpp
-- Symlinking: /home/hutalia/ROS2_Hutalia/ros2_ws/install/marvelmind_ros2_msgs/include/marvelmind_ros2_msgs/marvelmind_ros2_msgs/msg/detail/hedge_position_angle__rosidl_typesupport_introspection_cpp.hpp
-- Symlinking: /home/hutalia/ROS2_Hutalia/ros2_ws/install/marvelmind_ros2_msgs/include/marvelmind_ros2_msgs/marvelmind_ros2_msgs/msg/detail/hedge_quality__rosidl_typesupport_introspection_cpp.hpp
-- Symlinking: /home/hutalia/ROS2_Hutalia/ros2_ws/install/marvelmind_ros2_msgs/include/marvelmind_ros2_msgs/marvelmind_ros2_msgs/msg/detail/hedge_telemetry__rosidl_typesupport_introspection_cpp.hpp
-- Symlinking: /home/hutalia/ROS2_Hutalia/ros2_ws/install/marvelmind_ros2_msgs/include/marvelmind_ros2_msgs/marvelmind_ros2_msgs/msg/detail/marvelmind_user_data__rosidl_typesupport_introspection_cpp.hpp
-- Symlinking: /home/hutalia/ROS2_Hutalia/ros2_ws/install/marvelmind_ros2_msgs/include/marvelmind_ros2_msgs/marvelmind_ros2_msgs/msg/detail/marvelmind_waypoint__rosidl_typesupport_introspection_cpp.hpp
-- Symlinking: /home/hutalia/ROS2_Hutalia/ros2_ws/install/marvelmind_ros2_msgs/include/marvelmind_ros2_msgs/marvelmind_ros2_msgs/srv/detail/marvelmind_api__rosidl_typesupport_introspection_cpp.hpp
-- Symlinking: /home/hutalia/ROS2_Hutalia/ros2_ws/install/marvelmind_ros2_msgs/share/marvelmind_ros2_msgs/environment/pythonpath.sh
-- Symlinking: /home/hutalia/ROS2_Hutalia/ros2_ws/install/marvelmind_ros2_msgs/share/marvelmind_ros2_msgs/environment/pythonpath.dsv
-- Symlinking: /home/hutalia/ROS2_Hutalia/ros2_ws/install/marvelmind_ros2_msgs/lib/python3.12/site-packages/marvelmind_ros2_msgs-1.0.2-py3.12.egg-info/PKG-INFO
-- Symlinking: /home/hutalia/ROS2_Hutalia/ros2_ws/install/marvelmind_ros2_msgs/lib/python3.12/site-packages/marvelmind_ros2_msgs-1.0.2-py3.12.egg-info/SOURCES.txt
-- Symlinking: /home/hutalia/ROS2_Hutalia/ros2_ws/install/marvelmind_ros2_msgs/lib/python3.12/site-packages/marvelmind_ros2_msgs-1.0.2-py3.12.egg-info/dependency_links.txt
-- Symlinking: /home/hutalia/ROS2_Hutalia/ros2_ws/install/marvelmind_ros2_msgs/lib/python3.12/site-packages/marvelmind_ros2_msgs-1.0.2-py3.12.egg-info/top_level.txt
-- Symlinking: /home/hutalia/ROS2_Hutalia/ros2_ws/install/marvelmind_ros2_msgs/lib/python3.12/site-packages/marvelmind_ros2_msgs/__init__.py
-- Symlinking: /home/hutalia/ROS2_Hutalia/ros2_ws/install/marvelmind_ros2_msgs/lib/python3.12/site-packages/marvelmind_ros2_msgs/_marvelmind_ros2_msgs_s.ep.rosidl_typesupport_c.c
-- Symlinking: /home/hutalia/ROS2_Hutalia/ros2_ws/install/marvelmind_ros2_msgs/lib/python3.12/site-packages/marvelmind_ros2_msgs/_marvelmind_ros2_msgs_s.ep.rosidl_typesupport_fastrtps_c.c
-- Symlinking: /home/hutalia/ROS2_Hutalia/ros2_ws/install/marvelmind_ros2_msgs/lib/python3.12/site-packages/marvelmind_ros2_msgs/_marvelmind_ros2_msgs_s.ep.rosidl_typesupport_introspection_c.c
-- Symlinking: /home/hutalia/ROS2_Hutalia/ros2_ws/install/marvelmind_ros2_msgs/lib/python3.12/site-packages/marvelmind_ros2_msgs/marvelmind_ros2_msgs_s__rosidl_typesupport_c.so
-- Symlinking: /home/hutalia/ROS2_Hutalia/ros2_ws/install/marvelmind_ros2_msgs/lib/python3.12/site-packages/marvelmind_ros2_msgs/marvelmind_ros2_msgs_s__rosidl_typesupport_fastrtps_c.so
-- Symlinking: /home/hutalia/ROS2_Hutalia/ros2_ws/install/marvelmind_ros2_msgs/lib/python3.12/site-packages/marvelmind_ros2_msgs/marvelmind_ros2_msgs_s__rosidl_typesupport_introspection_c.so
-- Symlinking: /home/hutalia/ROS2_Hutalia/ros2_ws/install/marvelmind_ros2_msgs/lib/python3.12/site-packages/marvelmind_ros2_msgs/msg/__init__.py
-- Symlinking: /home/hutalia/ROS2_Hutalia/ros2_ws/install/marvelmind_ros2_msgs/lib/python3.12/site-packages/marvelmind_ros2_msgs/msg/_beacon_distance.py
-- Symlinking: /home/hutalia/ROS2_Hutalia/ros2_ws/install/marvelmind_ros2_msgs/lib/python3.12/site-packages/marvelmind_ros2_msgs/msg/_beacon_distance_s.c
-- Symlinking: /home/hutalia/ROS2_Hutalia/ros2_ws/install/marvelmind_ros2_msgs/lib/python3.12/site-packages/marvelmind_ros2_msgs/msg/_beacon_position_addressed.py
-- Symlinking: /home/hutalia/ROS2_Hutalia/ros2_ws/install/marvelmind_ros2_msgs/lib/python3.12/site-packages/marvelmind_ros2_msgs/msg/_beacon_position_addressed_s.c
-- Symlinking: /home/hutalia/ROS2_Hutalia/ros2_ws/install/marvelmind_ros2_msgs/lib/python3.12/site-packages/marvelmind_ros2_msgs/msg/_hedge_imu_fusion.py
-- Symlinking: /home/hutalia/ROS2_Hutalia/ros2_ws/install/marvelmind_ros2_msgs/lib/python3.12/site-packages/marvelmind_ros2_msgs/msg/_hedge_imu_fusion_s.c
-- Symlinking: /home/hutalia/ROS2_Hutalia/ros2_ws/install/marvelmind_ros2_msgs/lib/python3.12/site-packages/marvelmind_ros2_msgs/msg/_hedge_imu_raw.py
-- Symlinking: /home/hutalia/ROS2_Hutalia/ros2_ws/install/marvelmind_ros2_msgs/lib/python3.12/site-packages/marvelmind_ros2_msgs/msg/_hedge_imu_raw_s.c
-- Symlinking: /home/hutalia/ROS2_Hutalia/ros2_ws/install/marvelmind_ros2_msgs/lib/python3.12/site-packages/marvelmind_ros2_msgs/msg/_hedge_position.py
-- Symlinking: /home/hutalia/ROS2_Hutalia/ros2_ws/install/marvelmind_ros2_msgs/lib/python3.12/site-packages/marvelmind_ros2_msgs/msg/_hedge_position_addressed.py
-- Symlinking: /home/hutalia/ROS2_Hutalia/ros2_ws/install/marvelmind_ros2_msgs/lib/python3.12/site-packages/marvelmind_ros2_msgs/msg/_hedge_position_addressed_s.c
-- Symlinking: /home/hutalia/ROS2_Hutalia/ros2_ws/install/marvelmind_ros2_msgs/lib/python3.12/site-packages/marvelmind_ros2_msgs/msg/_hedge_position_angle.py
-- Symlinking: /home/hutalia/ROS2_Hutalia/ros2_ws/install/marvelmind_ros2_msgs/lib/python3.12/site-packages/marvelmind_ros2_msgs/msg/_hedge_position_angle_s.c
-- Symlinking: /home/hutalia/ROS2_Hutalia/ros2_ws/install/marvelmind_ros2_msgs/lib/python3.12/site-packages/marvelmind_ros2_msgs/msg/_hedge_position_s.c
-- Symlinking: /home/hutalia/ROS2_Hutalia/ros2_ws/install/marvelmind_ros2_msgs/lib/python3.12/site-packages/marvelmind_ros2_msgs/msg/_hedge_quality.py
-- Symlinking: /home/hutalia/ROS2_Hutalia/ros2_ws/install/marvelmind_ros2_msgs/lib/python3.12/site-packages/marvelmind_ros2_msgs/msg/_hedge_quality_s.c
-- Symlinking: /home/hutalia/ROS2_Hutalia/ros2_ws/install/marvelmind_ros2_msgs/lib/python3.12/site-packages/marvelmind_ros2_msgs/msg/_hedge_telemetry.py
-- Symlinking: /home/hutalia/ROS2_Hutalia/ros2_ws/install/marvelmind_ros2_msgs/lib/python3.12/site-packages/marvelmind_ros2_msgs/msg/_hedge_telemetry_s.c
-- Symlinking: /home/hutalia/ROS2_Hutalia/ros2_ws/install/marvelmind_ros2_msgs/lib/python3.12/site-packages/marvelmind_ros2_msgs/msg/_marvelmind_user_data.py
-- Symlinking: /home/hutalia/ROS2_Hutalia/ros2_ws/install/marvelmind_ros2_msgs/lib/python3.12/site-packages/marvelmind_ros2_msgs/msg/_marvelmind_user_data_s.c
-- Symlinking: /home/hutalia/ROS2_Hutalia/ros2_ws/install/marvelmind_ros2_msgs/lib/python3.12/site-packages/marvelmind_ros2_msgs/msg/_marvelmind_waypoint.py
-- Symlinking: /home/hutalia/ROS2_Hutalia/ros2_ws/install/marvelmind_ros2_msgs/lib/python3.12/site-packages/marvelmind_ros2_msgs/msg/_marvelmind_waypoint_s.c
-- Symlinking: /home/hutalia/ROS2_Hutalia/ros2_ws/install/marvelmind_ros2_msgs/lib/python3.12/site-packages/marvelmind_ros2_msgs/srv/__init__.py
-- Symlinking: /home/hutalia/ROS2_Hutalia/ros2_ws/install/marvelmind_ros2_msgs/lib/python3.12/site-packages/marvelmind_ros2_msgs/srv/_marvelmind_api.py
-- Symlinking: /home/hutalia/ROS2_Hutalia/ros2_ws/install/marvelmind_ros2_msgs/lib/python3.12/site-packages/marvelmind_ros2_msgs/srv/_marvelmind_api_s.c
-- Up-to-date symlink: /home/hutalia/ROS2_Hutalia/ros2_ws/install/marvelmind_ros2_msgs/lib/python3.12/site-packages/marvelmind_ros2_msgs/marvelmind_ros2_msgs_s__rosidl_typesupport_fastrtps_c.so
-- Up-to-date symlink: /home/hutalia/ROS2_Hutalia/ros2_ws/install/marvelmind_ros2_msgs/lib/python3.12/site-packages/marvelmind_ros2_msgs/marvelmind_ros2_msgs_s__rosidl_typesupport_introspection_c.so
-- Up-to-date symlink: /home/hutalia/ROS2_Hutalia/ros2_ws/install/marvelmind_ros2_msgs/lib/python3.12/site-packages/marvelmind_ros2_msgs/marvelmind_ros2_msgs_s__rosidl_typesupport_c.so
-- Symlinking: /home/hutalia/ROS2_Hutalia/ros2_ws/install/marvelmind_ros2_msgs/share/ament_index/resource_index/rust_packages/marvelmind_ros2_msgs
-- Symlinking: /home/hutalia/ROS2_Hutalia/ros2_ws/install/marvelmind_ros2_msgs/share/marvelmind_ros2_msgs/rust/Cargo.toml
-- Symlinking: /home/hutalia/ROS2_Hutalia/ros2_ws/install/marvelmind_ros2_msgs/share/marvelmind_ros2_msgs/rust/build.rs
-- Symlinking: /home/hutalia/ROS2_Hutalia/ros2_ws/install/marvelmind_ros2_msgs/share/marvelmind_ros2_msgs/rust/src/lib.rs
-- Symlinking: /home/hutalia/ROS2_Hutalia/ros2_ws/install/marvelmind_ros2_msgs/share/marvelmind_ros2_msgs/rust/src/msg.rs
-- Symlinking: /home/hutalia/ROS2_Hutalia/ros2_ws/install/marvelmind_ros2_msgs/share/marvelmind_ros2_msgs/rust/src/msg/rmw.rs
-- Symlinking: /home/hutalia/ROS2_Hutalia/ros2_ws/install/marvelmind_ros2_msgs/share/marvelmind_ros2_msgs/rust/src/srv.rs
-- Symlinking: /home/hutalia/ROS2_Hutalia/ros2_ws/install/marvelmind_ros2_msgs/share/marvelmind_ros2_msgs/rust/src/srv/rmw.rs
-- Symlinking: /home/hutalia/ROS2_Hutalia/ros2_ws/install/marvelmind_ros2_msgs/share/marvelmind_ros2_msgs/msg/BeaconDistance.idl
-- Symlinking: /home/hutalia/ROS2_Hutalia/ros2_ws/install/marvelmind_ros2_msgs/share/marvelmind_ros2_msgs/msg/BeaconPositionAddressed.idl
-- Symlinking: /home/hutalia/ROS2_Hutalia/ros2_ws/install/marvelmind_ros2_msgs/share/marvelmind_ros2_msgs/msg/HedgeImuFusion.idl
-- Symlinking: /home/hutalia/ROS2_Hutalia/ros2_ws/install/marvelmind_ros2_msgs/share/marvelmind_ros2_msgs/msg/HedgeImuRaw.idl
-- Symlinking: /home/hutalia/ROS2_Hutalia/ros2_ws/install/marvelmind_ros2_msgs/share/marvelmind_ros2_msgs/msg/HedgePositionAddressed.idl
-- Symlinking: /home/hutalia/ROS2_Hutalia/ros2_ws/install/marvelmind_ros2_msgs/share/marvelmind_ros2_msgs/msg/HedgePositionAngle.idl
-- Symlinking: /home/hutalia/ROS2_Hutalia/ros2_ws/install/marvelmind_ros2_msgs/share/marvelmind_ros2_msgs/msg/HedgePosition.idl
-- Symlinking: /home/hutalia/ROS2_Hutalia/ros2_ws/install/marvelmind_ros2_msgs/share/marvelmind_ros2_msgs/msg/HedgeQuality.idl
-- Symlinking: /home/hutalia/ROS2_Hutalia/ros2_ws/install/marvelmind_ros2_msgs/share/marvelmind_ros2_msgs/msg/HedgeTelemetry.idl
-- Symlinking: /home/hutalia/ROS2_Hutalia/ros2_ws/install/marvelmind_ros2_msgs/share/marvelmind_ros2_msgs/msg/MarvelmindWaypoint.idl
-- Symlinking: /home/hutalia/ROS2_Hutalia/ros2_ws/install/marvelmind_ros2_msgs/share/marvelmind_ros2_msgs/msg/MarvelmindUserData.idl
-- Symlinking: /home/hutalia/ROS2_Hutalia/ros2_ws/install/marvelmind_ros2_msgs/share/marvelmind_ros2_msgs/srv/MarvelmindAPI.idl
-- Symlinking: /home/hutalia/ROS2_Hutalia/ros2_ws/install/marvelmind_ros2_msgs/share/marvelmind_ros2_msgs/msg/BeaconDistance.msg
-- Symlinking: /home/hutalia/ROS2_Hutalia/ros2_ws/install/marvelmind_ros2_msgs/share/marvelmind_ros2_msgs/msg/BeaconPositionAddressed.msg
-- Symlinking: /home/hutalia/ROS2_Hutalia/ros2_ws/install/marvelmind_ros2_msgs/share/marvelmind_ros2_msgs/msg/HedgeImuFusion.msg
-- Symlinking: /home/hutalia/ROS2_Hutalia/ros2_ws/install/marvelmind_ros2_msgs/share/marvelmind_ros2_msgs/msg/HedgeImuRaw.msg
-- Symlinking: /home/hutalia/ROS2_Hutalia/ros2_ws/install/marvelmind_ros2_msgs/share/marvelmind_ros2_msgs/msg/HedgePositionAddressed.msg
-- Symlinking: /home/hutalia/ROS2_Hutalia/ros2_ws/install/marvelmind_ros2_msgs/share/marvelmind_ros2_msgs/msg/HedgePositionAngle.msg
-- Symlinking: /home/hutalia/ROS2_Hutalia/ros2_ws/install/marvelmind_ros2_msgs/share/marvelmind_ros2_msgs/msg/HedgePosition.msg
-- Symlinking: /home/hutalia/ROS2_Hutalia/ros2_ws/install/marvelmind_ros2_msgs/share/marvelmind_ros2_msgs/msg/HedgeQuality.msg
-- Symlinking: /home/hutalia/ROS2_Hutalia/ros2_ws/install/marvelmind_ros2_msgs/share/marvelmind_ros2_msgs/msg/HedgeTelemetry.msg
-- Symlinking: /home/hutalia/ROS2_Hutalia/ros2_ws/install/marvelmind_ros2_msgs/share/marvelmind_ros2_msgs/msg/MarvelmindWaypoint.msg
-- Symlinking: /home/hutalia/ROS2_Hutalia/ros2_ws/install/marvelmind_ros2_msgs/share/marvelmind_ros2_msgs/msg/MarvelmindUserData.msg
-- Symlinking: /home/hutalia/ROS2_Hutalia/ros2_ws/install/marvelmind_ros2_msgs/share/marvelmind_ros2_msgs/srv/MarvelmindAPI.srv
-- Symlinking: /home/hutalia/ROS2_Hutalia/ros2_ws/install/marvelmind_ros2_msgs/share/ament_index/resource_index/package_run_dependencies/marvelmind_ros2_msgs
-- Symlinking: /home/hutalia/ROS2_Hutalia/ros2_ws/install/marvelmind_ros2_msgs/share/ament_index/resource_index/parent_prefix_path/marvelmind_ros2_msgs
-- Symlinking: /home/hutalia/ROS2_Hutalia/ros2_ws/install/marvelmind_ros2_msgs/share/marvelmind_ros2_msgs/environment/ament_prefix_path.sh
-- Symlinking: /home/hutalia/ROS2_Hutalia/ros2_ws/install/marvelmind_ros2_msgs/share/marvelmind_ros2_msgs/environment/ament_prefix_path.dsv
-- Symlinking: /home/hutalia/ROS2_Hutalia/ros2_ws/install/marvelmind_ros2_msgs/share/marvelmind_ros2_msgs/environment/path.sh
-- Symlinking: /home/hutalia/ROS2_Hutalia/ros2_ws/install/marvelmind_ros2_msgs/share/marvelmind_ros2_msgs/environment/path.dsv
-- Symlinking: /home/hutalia/ROS2_Hutalia/ros2_ws/install/marvelmind_ros2_msgs/share/marvelmind_ros2_msgs/local_setup.bash
-- Symlinking: /home/hutalia/ROS2_Hutalia/ros2_ws/install/marvelmind_ros2_msgs/share/marvelmind_ros2_msgs/local_setup.sh
-- Symlinking: /home/hutalia/ROS2_Hutalia/ros2_ws/install/marvelmind_ros2_msgs/share/marvelmind_ros2_msgs/local_setup.zsh
-- Symlinking: /home/hutalia/ROS2_Hutalia/ros2_ws/install/marvelmind_ros2_msgs/share/marvelmind_ros2_msgs/local_setup.dsv
-- Symlinking: /home/hutalia/ROS2_Hutalia/ros2_ws/install/marvelmind_ros2_msgs/share/marvelmind_ros2_msgs/package.dsv
-- Symlinking: /home/hutalia/ROS2_Hutalia/ros2_ws/install/marvelmind_ros2_msgs/share/ament_index/resource_index/packages/marvelmind_ros2_msgs
-- Symlinking: /home/hutalia/ROS2_Hutalia/ros2_ws/install/marvelmind_ros2_msgs/share/marvelmind_ros2_msgs/cmake/rosidl_cmake-extras.cmake
-- Symlinking: /home/hutalia/ROS2_Hutalia/ros2_ws/install/marvelmind_ros2_msgs/share/marvelmind_ros2_msgs/cmake/ament_cmake_export_dependencies-extras.cmake
-- Symlinking: /home/hutalia/ROS2_Hutalia/ros2_ws/install/marvelmind_ros2_msgs/share/marvelmind_ros2_msgs/cmake/ament_cmake_export_include_directories-extras.cmake
-- Symlinking: /home/hutalia/ROS2_Hutalia/ros2_ws/install/marvelmind_ros2_msgs/share/marvelmind_ros2_msgs/cmake/ament_cmake_export_libraries-extras.cmake
-- Symlinking: /home/hutalia/ROS2_Hutalia/ros2_ws/install/marvelmind_ros2_msgs/share/marvelmind_ros2_msgs/cmake/ament_cmake_export_targets-extras.cmake
-- Symlinking: /home/hutalia/ROS2_Hutalia/ros2_ws/install/marvelmind_ros2_msgs/share/marvelmind_ros2_msgs/cmake/rosidl_cmake_export_typesupport_targets-extras.cmake
-- Symlinking: /home/hutalia/ROS2_Hutalia/ros2_ws/install/marvelmind_ros2_msgs/share/marvelmind_ros2_msgs/cmake/rosidl_cmake_export_typesupport_libraries-extras.cmake
-- Symlinking: /home/hutalia/ROS2_Hutalia/ros2_ws/install/marvelmind_ros2_msgs/share/marvelmind_ros2_msgs/cmake/marvelmind_ros2_msgsConfig.cmake
-- Symlinking: /home/hutalia/ROS2_Hutalia/ros2_ws/install/marvelmind_ros2_msgs/share/marvelmind_ros2_msgs/cmake/marvelmind_ros2_msgsConfig-version.cmake
-- Symlinking: /home/hutalia/ROS2_Hutalia/ros2_ws/install/marvelmind_ros2_msgs/share/marvelmind_ros2_msgs/package.xml
-- Installing: /home/hutalia/ROS2_Hutalia/ros2_ws/install/marvelmind_ros2_msgs/lib/libmarvelmind_ros2_msgs__rosidl_generator_c.so
-- Set non-toolchain portion of runtime path of "/home/hutalia/ROS2_Hutalia/ros2_ws/install/marvelmind_ros2_msgs/lib/libmarvelmind_ros2_msgs__rosidl_generator_c.so" to ""
-- Installing: /home/hutalia/ROS2_Hutalia/ros2_ws/install/marvelmind_ros2_msgs/lib/libmarvelmind_ros2_msgs__rosidl_typesupport_fastrtps_c.so
-- Set non-toolchain portion of runtime path of "/home/hutalia/ROS2_Hutalia/ros2_ws/install/marvelmind_ros2_msgs/lib/libmarvelmind_ros2_msgs__rosidl_typesupport_fastrtps_c.so" to ""
-- Installing: /home/hutalia/ROS2_Hutalia/ros2_ws/install/marvelmind_ros2_msgs/lib/libmarvelmind_ros2_msgs__rosidl_typesupport_introspection_c.so
-- Set non-toolchain portion of runtime path of "/home/hutalia/ROS2_Hutalia/ros2_ws/install/marvelmind_ros2_msgs/lib/libmarvelmind_ros2_msgs__rosidl_typesupport_introspection_c.so" to ""
-- Installing: /home/hutalia/ROS2_Hutalia/ros2_ws/install/marvelmind_ros2_msgs/lib/libmarvelmind_ros2_msgs__rosidl_typesupport_c.so
-- Set non-toolchain portion of runtime path of "/home/hutalia/ROS2_Hutalia/ros2_ws/install/marvelmind_ros2_msgs/lib/libmarvelmind_ros2_msgs__rosidl_typesupport_c.so" to ""
-- Installing: /home/hutalia/ROS2_Hutalia/ros2_ws/install/marvelmind_ros2_msgs/lib/libmarvelmind_ros2_msgs__rosidl_typesupport_fastrtps_cpp.so
-- Set non-toolchain portion of runtime path of "/home/hutalia/ROS2_Hutalia/ros2_ws/install/marvelmind_ros2_msgs/lib/libmarvelmind_ros2_msgs__rosidl_typesupport_fastrtps_cpp.so" to ""
-- Installing: /home/hutalia/ROS2_Hutalia/ros2_ws/install/marvelmind_ros2_msgs/lib/libmarvelmind_ros2_msgs__rosidl_typesupport_introspection_cpp.so
-- Set non-toolchain portion of runtime path of "/home/hutalia/ROS2_Hutalia/ros2_ws/install/marvelmind_ros2_msgs/lib/libmarvelmind_ros2_msgs__rosidl_typesupport_introspection_cpp.so" to ""
-- Installing: /home/hutalia/ROS2_Hutalia/ros2_ws/install/marvelmind_ros2_msgs/lib/libmarvelmind_ros2_msgs__rosidl_typesupport_cpp.so
-- Set non-toolchain portion of runtime path of "/home/hutalia/ROS2_Hutalia/ros2_ws/install/marvelmind_ros2_msgs/lib/libmarvelmind_ros2_msgs__rosidl_typesupport_cpp.so" to ""
Listing '/home/hutalia/ROS2_Hutalia/ros2_ws/install/marvelmind_ros2_msgs/lib/python3.12/site-packages/marvelmind_ros2_msgs'...
Compiling '/home/hutalia/ROS2_Hutalia/ros2_ws/install/marvelmind_ros2_msgs/lib/python3.12/site-packages/marvelmind_ros2_msgs/__init__.py'...
Listing '/home/hutalia/ROS2_Hutalia/ros2_ws/install/marvelmind_ros2_msgs/lib/python3.12/site-packages/marvelmind_ros2_msgs/msg'...
Compiling '/home/hutalia/ROS2_Hutalia/ros2_ws/install/marvelmind_ros2_msgs/lib/python3.12/site-packages/marvelmind_ros2_msgs/msg/__init__.py'...
Compiling '/home/hutalia/ROS2_Hutalia/ros2_ws/install/marvelmind_ros2_msgs/lib/python3.12/site-packages/marvelmind_ros2_msgs/msg/_beacon_distance.py'...
Compiling '/home/hutalia/ROS2_Hutalia/ros2_ws/install/marvelmind_ros2_msgs/lib/python3.12/site-packages/marvelmind_ros2_msgs/msg/_beacon_position_addressed.py'...
Compiling '/home/hutalia/ROS2_Hutalia/ros2_ws/install/marvelmind_ros2_msgs/lib/python3.12/site-packages/marvelmind_ros2_msgs/msg/_hedge_imu_fusion.py'...
Compiling '/home/hutalia/ROS2_Hutalia/ros2_ws/install/marvelmind_ros2_msgs/lib/python3.12/site-packages/marvelmind_ros2_msgs/msg/_hedge_imu_raw.py'...
Compiling '/home/hutalia/ROS2_Hutalia/ros2_ws/install/marvelmind_ros2_msgs/lib/python3.12/site-packages/marvelmind_ros2_msgs/msg/_hedge_position.py'...
Compiling '/home/hutalia/ROS2_Hutalia/ros2_ws/install/marvelmind_ros2_msgs/lib/python3.12/site-packages/marvelmind_ros2_msgs/msg/_hedge_position_addressed.py'...
Compiling '/home/hutalia/ROS2_Hutalia/ros2_ws/install/marvelmind_ros2_msgs/lib/python3.12/site-packages/marvelmind_ros2_msgs/msg/_hedge_position_angle.py'...
Compiling '/home/hutalia/ROS2_Hutalia/ros2_ws/install/marvelmind_ros2_msgs/lib/python3.12/site-packages/marvelmind_ros2_msgs/msg/_hedge_quality.py'...
Compiling '/home/hutalia/ROS2_Hutalia/ros2_ws/install/marvelmind_ros2_msgs/lib/python3.12/site-packages/marvelmind_ros2_msgs/msg/_hedge_telemetry.py'...
Compiling '/home/hutalia/ROS2_Hutalia/ros2_ws/install/marvelmind_ros2_msgs/lib/python3.12/site-packages/marvelmind_ros2_msgs/msg/_marvelmind_user_data.py'...
Compiling '/home/hutalia/ROS2_Hutalia/ros2_ws/install/marvelmind_ros2_msgs/lib/python3.12/site-packages/marvelmind_ros2_msgs/msg/_marvelmind_waypoint.py'...
Listing '/home/hutalia/ROS2_Hutalia/ros2_ws/install/marvelmind_ros2_msgs/lib/python3.12/site-packages/marvelmind_ros2_msgs/srv'...
Compiling '/home/hutalia/ROS2_Hutalia/ros2_ws/install/marvelmind_ros2_msgs/lib/python3.12/site-packages/marvelmind_ros2_msgs/srv/__init__.py'...
Compiling '/home/hutalia/ROS2_Hutalia/ros2_ws/install/marvelmind_ros2_msgs/lib/python3.12/site-packages/marvelmind_ros2_msgs/srv/_marvelmind_api.py'...
-- Installing: /home/hutalia/ROS2_Hutalia/ros2_ws/install/marvelmind_ros2_msgs/lib/libmarvelmind_ros2_msgs__rosidl_generator_py.so
-- Set non-toolchain portion of runtime path of "/home/hutalia/ROS2_Hutalia/ros2_ws/install/marvelmind_ros2_msgs/lib/libmarvelmind_ros2_msgs__rosidl_generator_py.so" to ""
-- Installing: /home/hutalia/ROS2_Hutalia/ros2_ws/install/marvelmind_ros2_msgs/share/marvelmind_ros2_msgs/cmake/export_marvelmind_ros2_msgs__rosidl_generator_cExport.cmake
-- Installing: /home/hutalia/ROS2_Hutalia/ros2_ws/install/marvelmind_ros2_msgs/share/marvelmind_ros2_msgs/cmake/export_marvelmind_ros2_msgs__rosidl_generator_cExport-noconfig.cmake
-- Installing: /home/hutalia/ROS2_Hutalia/ros2_ws/install/marvelmind_ros2_msgs/share/marvelmind_ros2_msgs/cmake/export_marvelmind_ros2_msgs__rosidl_typesupport_fastrtps_cExport.cmake
-- Installing: /home/hutalia/ROS2_Hutalia/ros2_ws/install/marvelmind_ros2_msgs/share/marvelmind_ros2_msgs/cmake/export_marvelmind_ros2_msgs__rosidl_typesupport_fastrtps_cExport-noconfig.cmake
-- Installing: /home/hutalia/ROS2_Hutalia/ros2_ws/install/marvelmind_ros2_msgs/share/marvelmind_ros2_msgs/cmake/marvelmind_ros2_msgs__rosidl_typesupport_introspection_cExport.cmake
-- Installing: /home/hutalia/ROS2_Hutalia/ros2_ws/install/marvelmind_ros2_msgs/share/marvelmind_ros2_msgs/cmake/marvelmind_ros2_msgs__rosidl_typesupport_introspection_cExport-noconfig.cmake
-- Installing: /home/hutalia/ROS2_Hutalia/ros2_ws/install/marvelmind_ros2_msgs/share/marvelmind_ros2_msgs/cmake/marvelmind_ros2_msgs__rosidl_typesupport_cExport.cmake
-- Installing: /home/hutalia/ROS2_Hutalia/ros2_ws/install/marvelmind_ros2_msgs/share/marvelmind_ros2_msgs/cmake/marvelmind_ros2_msgs__rosidl_typesupport_cExport-noconfig.cmake
-- Installing: /home/hutalia/ROS2_Hutalia/ros2_ws/install/marvelmind_ros2_msgs/share/marvelmind_ros2_msgs/cmake/export_marvelmind_ros2_msgs__rosidl_generator_cppExport.cmake
-- Installing: /home/hutalia/ROS2_Hutalia/ros2_ws/install/marvelmind_ros2_msgs/share/marvelmind_ros2_msgs/cmake/export_marvelmind_ros2_msgs__rosidl_typesupport_fastrtps_cppExport.cmake
-- Installing: /home/hutalia/ROS2_Hutalia/ros2_ws/install/marvelmind_ros2_msgs/share/marvelmind_ros2_msgs/cmake/export_marvelmind_ros2_msgs__rosidl_typesupport_fastrtps_cppExport-noconfig.cmake
-- Installing: /home/hutalia/ROS2_Hutalia/ros2_ws/install/marvelmind_ros2_msgs/share/marvelmind_ros2_msgs/cmake/marvelmind_ros2_msgs__rosidl_typesupport_introspection_cppExport.cmake
-- Installing: /home/hutalia/ROS2_Hutalia/ros2_ws/install/marvelmind_ros2_msgs/share/marvelmind_ros2_msgs/cmake/marvelmind_ros2_msgs__rosidl_typesupport_introspection_cppExport-noconfig.cmake
-- Installing: /home/hutalia/ROS2_Hutalia/ros2_ws/install/marvelmind_ros2_msgs/share/marvelmind_ros2_msgs/cmake/marvelmind_ros2_msgs__rosidl_typesupport_cppExport.cmake
-- Installing: /home/hutalia/ROS2_Hutalia/ros2_ws/install/marvelmind_ros2_msgs/share/marvelmind_ros2_msgs/cmake/marvelmind_ros2_msgs__rosidl_typesupport_cppExport-noconfig.cmake
-- Installing: /home/hutalia/ROS2_Hutalia/ros2_ws/install/marvelmind_ros2_msgs/share/marvelmind_ros2_msgs/cmake/export_marvelmind_ros2_msgs__rosidl_generator_pyExport.cmake
-- Installing: /home/hutalia/ROS2_Hutalia/ros2_ws/install/marvelmind_ros2_msgs/share/marvelmind_ros2_msgs/cmake/export_marvelmind_ros2_msgs__rosidl_generator_pyExport-noconfig.cmake
