[0.050s] Invoking command in '/home/hutalia/ROS2_Hutalia/ros2_ws/build/marvelmind_ros2_msgs': CMAKE_PREFIX_PATH=/opt/ros/jazzy /usr/bin/cmake /home/hutalia/ROS2_Hutalia/ros2_ws/src/marvelmind_ros2_msgs_upstream -DAMENT_CMAKE_SYMLINK_INSTALL=1 -DCMAKE_INSTALL_PREFIX=/home/hutalia/ROS2_Hutalia/ros2_ws/install/marvelmind_ros2_msgs
[1.462s] -- The C compiler identification is GNU 13.3.0
[2.328s] -- The CXX compiler identification is GNU 13.3.0
[2.439s] -- Detecting C compiler ABI info
[2.986s] -- Detecting C compiler ABI info - done
[3.022s] -- Check for working C compiler: /usr/bin/cc - skipped
[3.024s] -- Detecting C compile features
[3.027s] -- Detecting C compile features - done
[3.081s] -- Detecting CXX compiler ABI info
[3.611s] -- Detecting CXX compiler ABI info - done
[3.649s] -- Check for working CXX compiler: /usr/bin/c++ - skipped
[3.650s] -- Detecting CXX compile features
[3.652s] -- Detecting CXX compile features - done
[3.702s] -- Found ament_cmake: 2.5.6 (/opt/ros/jazzy/share/ament_cmake/cmake)
[4.443s] -- Found Python3: /usr/bin/python3 (found version "3.12.3") found components: Interpreter 
[4.836s] -- Override CMake install command with custom implementation using symlinks instead of copying resources
[5.175s] -- Found rosidl_default_generators: 1.6.0 (/opt/ros/jazzy/share/rosidl_default_generators/cmake)
[5.232s] -- Using all available rosidl_typesupport_c: rosidl_typesupport_fastrtps_c;rosidl_typesupport_introspection_c
[5.716s] -- Using all available rosidl_typesupport_cpp: rosidl_typesupport_fastrtps_cpp;rosidl_typesupport_introspection_cpp
[6.100s] -- Found rosidl_adapter: 4.6.7 (/opt/ros/jazzy/share/rosidl_adapter/cmake)
[6.133s] -- Found std_msgs: 5.3.7 (/opt/ros/jazzy/share/std_msgs/cmake)
[6.364s] -- Found geometry_msgs: 5.3.7 (/opt/ros/jazzy/share/geometry_msgs/cmake)
[9.847s] -- Found ament_cmake_ros: 0.12.0 (/opt/ros/jazzy/share/ament_cmake_ros/cmake)
[12.589s] -- Using all available rosidl_typesupport_c: rosidl_typesupport_fastrtps_c;rosidl_typesupport_introspection_c
[15.915s] -- Using all available rosidl_typesupport_cpp: rosidl_typesupport_fastrtps_cpp;rosidl_typesupport_introspection_cpp
[15.940s] -- Found python_cmake_module: 0.11.1 (/opt/ros/jazzy/share/python_cmake_module/cmake)
[16.615s] -- Found PythonExtra: /usr/bin/python3  
[18.778s] -- Found Python3: /usr/bin/python3 (found version "3.12.3") found components: Interpreter Development NumPy Development.Module Development.Embed 
[19.376s] -- Found Python3: /usr/bin/python3 (found version "3.12.3") found components: Interpreter 
[19.486s] -- Configuring done (19.2s)
[19.866s] -- Generating done (0.3s)
[19.936s] -- Build files have been written to: /home/hutalia/ROS2_Hutalia/ros2_ws/build/marvelmind_ros2_msgs
[19.985s] Invoked command in '/home/hutalia/ROS2_Hutalia/ros2_ws/build/marvelmind_ros2_msgs' returned '0': CMAKE_PREFIX_PATH=/opt/ros/jazzy /usr/bin/cmake /home/hutalia/ROS2_Hutalia/ros2_ws/src/marvelmind_ros2_msgs_upstream -DAMENT_CMAKE_SYMLINK_INSTALL=1 -DCMAKE_INSTALL_PREFIX=/home/hutalia/ROS2_Hutalia/ros2_ws/install/marvelmind_ros2_msgs
[19.991s] Invoking command in '/home/hutalia/ROS2_Hutalia/ros2_ws/build/marvelmind_ros2_msgs': CMAKE_PREFIX_PATH=/opt/ros/jazzy /usr/bin/cmake --build /home/hutalia/ROS2_Hutalia/ros2_ws/build/marvelmind_ros2_msgs -- -j4 -l4
[20.331s] [  0%] [34m[1mGenerating Rust code for ROS interfaces[0m
[20.355s] [  1%] [34m[1mGenerating type hashes for ROS interfaces[0m
[20.376s] [  1%] Built target ament_cmake_python_symlink_marvelmind_ros2_msgs
[21.612s] running egg_info
[21.615s] creating marvelmind_ros2_msgs.egg-info
[21.728s] writing marvelmind_ros2_msgs.egg-info/PKG-INFO
[21.729s] writing dependency_links to marvelmind_ros2_msgs.egg-info/dependency_links.txt
[21.732s] writing top-level names to marvelmind_ros2_msgs.egg-info/top_level.txt
[21.733s] writing manifest file 'marvelmind_ros2_msgs.egg-info/SOURCES.txt'
[22.128s] reading manifest file 'marvelmind_ros2_msgs.egg-info/SOURCES.txt'
[22.135s] writing manifest file 'marvelmind_ros2_msgs.egg-info/SOURCES.txt'
[22.347s] [  1%] Built target ament_cmake_python_build_marvelmind_ros2_msgs_egg
[22.474s] [  1%] Built target marvelmind_ros2_msgs__rosidl_generator_type_description
[22.569s] [  2%] [34m[1mGenerating C code for ROS interfaces[0m
[22.632s] [  2%] [34m[1mGenerating C++ code for ROS interfaces[0m
[22.781s] [  2%] Built target marvelmind_ros2_msgs__rs
[27.160s] [  2%] Built target marvelmind_ros2_msgs__cpp
[28.199s] [  3%] [32mBuilding C object CMakeFiles/marvelmind_ros2_msgs__rosidl_generator_c.dir/rosidl_generator_c/marvelmind_ros2_msgs/msg/detail/beacon_distance__functions.c.o[0m
[28.206s] [  3%] [32mBuilding C object CMakeFiles/marvelmind_ros2_msgs__rosidl_generator_c.dir/rosidl_generator_c/marvelmind_ros2_msgs/msg/detail/beacon_distance__description.c.o[0m
[28.209s] [  4%] [32mBuilding C object CMakeFiles/marvelmind_ros2_msgs__rosidl_generator_c.dir/rosidl_generator_c/marvelmind_ros2_msgs/msg/detail/beacon_distance__type_support.c.o[0m
[28.221s] [  4%] [32mBuilding C object CMakeFiles/marvelmind_ros2_msgs__rosidl_generator_c.dir/rosidl_generator_c/marvelmind_ros2_msgs/msg/detail/beacon_position_addressed__description.c.o[0m
[28.496s] [  5%] [32mBuilding C object CMakeFiles/marvelmind_ros2_msgs__rosidl_generator_c.dir/rosidl_generator_c/marvelmind_ros2_msgs/msg/detail/beacon_position_addressed__functions.c.o[0m
[28.548s] [  6%] [32mBuilding C object CMakeFiles/marvelmind_ros2_msgs__rosidl_generator_c.dir/rosidl_generator_c/marvelmind_ros2_msgs/msg/detail/beacon_position_addressed__type_support.c.o[0m
[28.555s] [  6%] [32mBuilding C object CMakeFiles/marvelmind_ros2_msgs__rosidl_generator_c.dir/rosidl_generator_c/marvelmind_ros2_msgs/msg/detail/hedge_imu_fusion__description.c.o[0m
[28.654s] [  7%] [32mBuilding C object CMakeFiles/marvelmind_ros2_msgs__rosidl_generator_c.dir/rosidl_generator_c/marvelmind_ros2_msgs/msg/detail/hedge_imu_fusion__functions.c.o[0m
[28.769s] [  8%] [32mBuilding C object CMakeFiles/marvelmind_ros2_msgs__rosidl_generator_c.dir/rosidl_generator_c/marvelmind_ros2_msgs/msg/detail/hedge_imu_fusion__type_support.c.o[0m
[28.808s] [  9%] [32mBuilding C object CMakeFiles/marvelmind_ros2_msgs__rosidl_generator_c.dir/rosidl_generator_c/marvelmind_ros2_msgs/msg/detail/hedge_imu_raw__functions.c.o[0m
[28.814s] [  9%] [32mBuilding C object CMakeFiles/marvelmind_ros2_msgs__rosidl_generator_c.dir/rosidl_generator_c/marvelmind_ros2_msgs/msg/detail/hedge_imu_raw__description.c.o[0m
[29.084s] [ 10%] [32mBuilding C object CMakeFiles/marvelmind_ros2_msgs__rosidl_generator_c.dir/rosidl_generator_c/marvelmind_ros2_msgs/msg/detail/hedge_imu_raw__type_support.c.o[0m
[29.091s] [ 11%] [32mBuilding C object CMakeFiles/marvelmind_ros2_msgs__rosidl_generator_c.dir/rosidl_generator_c/marvelmind_ros2_msgs/msg/detail/hedge_position_addressed__description.c.o[0m
[29.140s] [ 11%] [32mBuilding C object CMakeFiles/marvelmind_ros2_msgs__rosidl_generator_c.dir/rosidl_generator_c/marvelmind_ros2_msgs/msg/detail/hedge_position_addressed__functions.c.o[0m
[29.146s] [ 12%] [32mBuilding C object CMakeFiles/marvelmind_ros2_msgs__rosidl_generator_c.dir/rosidl_generator_c/marvelmind_ros2_msgs/msg/detail/hedge_position_addressed__type_support.c.o[0m
[29.300s] [ 13%] [32mBuilding C object CMakeFiles/marvelmind_ros2_msgs__rosidl_generator_c.dir/rosidl_generator_c/marvelmind_ros2_msgs/msg/detail/hedge_position_angle__description.c.o[0m
[29.370s] [ 13%] [32mBuilding C object CMakeFiles/marvelmind_ros2_msgs__rosidl_generator_c.dir/rosidl_generator_c/marvelmind_ros2_msgs/msg/detail/hedge_position_angle__functions.c.o[0m
[29.382s] [ 14%] [32mBuilding C object CMakeFiles/marvelmind_ros2_msgs__rosidl_generator_c.dir/rosidl_generator_c/marvelmind_ros2_msgs/msg/detail/hedge_position_angle__type_support.c.o[0m
[29.464s] [ 15%] [32mBuilding C object CMakeFiles/marvelmind_ros2_msgs__rosidl_generator_c.dir/rosidl_generator_c/marvelmind_ros2_msgs/msg/detail/hedge_position__description.c.o[0m
[29.575s] [ 15%] [32mBuilding C object CMakeFiles/marvelmind_ros2_msgs__rosidl_generator_c.dir/rosidl_generator_c/marvelmind_ros2_msgs/msg/detail/hedge_position__functions.c.o[0m
[29.601s] [ 16%] [32mBuilding C object CMakeFiles/marvelmind_ros2_msgs__rosidl_generator_c.dir/rosidl_generator_c/marvelmind_ros2_msgs/msg/detail/hedge_position__type_support.c.o[0m
[29.688s] [ 17%] [32mBuilding C object CMakeFiles/marvelmind_ros2_msgs__rosidl_generator_c.dir/rosidl_generator_c/marvelmind_ros2_msgs/msg/detail/hedge_quality__description.c.o[0m
[29.749s] [ 17%] [32mBuilding C object CMakeFiles/marvelmind_ros2_msgs__rosidl_generator_c.dir/rosidl_generator_c/marvelmind_ros2_msgs/msg/detail/hedge_quality__functions.c.o[0m
[29.923s] [ 18%] [32mBuilding C object CMakeFiles/marvelmind_ros2_msgs__rosidl_generator_c.dir/rosidl_generator_c/marvelmind_ros2_msgs/msg/detail/hedge_quality__type_support.c.o[0m
[30.025s] [ 19%] [32mBuilding C object CMakeFiles/marvelmind_ros2_msgs__rosidl_generator_c.dir/rosidl_generator_c/marvelmind_ros2_msgs/msg/detail/hedge_telemetry__description.c.o[0m
[30.031s] [ 20%] [32mBuilding C object CMakeFiles/marvelmind_ros2_msgs__rosidl_generator_c.dir/rosidl_generator_c/marvelmind_ros2_msgs/msg/detail/hedge_telemetry__functions.c.o[0m
[30.223s] [ 20%] [32mBuilding C object CMakeFiles/marvelmind_ros2_msgs__rosidl_generator_c.dir/rosidl_generator_c/marvelmind_ros2_msgs/msg/detail/hedge_telemetry__type_support.c.o[0m
[30.275s] [ 21%] [32mBuilding C object CMakeFiles/marvelmind_ros2_msgs__rosidl_generator_c.dir/rosidl_generator_c/marvelmind_ros2_msgs/msg/detail/marvelmind_waypoint__description.c.o[0m
[30.412s] [ 22%] [32mBuilding C object CMakeFiles/marvelmind_ros2_msgs__rosidl_generator_c.dir/rosidl_generator_c/marvelmind_ros2_msgs/msg/detail/marvelmind_waypoint__functions.c.o[0m
[30.516s] [ 22%] [32mBuilding C object CMakeFiles/marvelmind_ros2_msgs__rosidl_generator_c.dir/rosidl_generator_c/marvelmind_ros2_msgs/msg/detail/marvelmind_waypoint__type_support.c.o[0m
[30.645s] [ 23%] [32mBuilding C object CMakeFiles/marvelmind_ros2_msgs__rosidl_generator_c.dir/rosidl_generator_c/marvelmind_ros2_msgs/msg/detail/marvelmind_user_data__description.c.o[0m
[30.709s] [ 24%] [32mBuilding C object CMakeFiles/marvelmind_ros2_msgs__rosidl_generator_c.dir/rosidl_generator_c/marvelmind_ros2_msgs/msg/detail/marvelmind_user_data__functions.c.o[0m
[30.832s] [ 24%] [32mBuilding C object CMakeFiles/marvelmind_ros2_msgs__rosidl_generator_c.dir/rosidl_generator_c/marvelmind_ros2_msgs/msg/detail/marvelmind_user_data__type_support.c.o[0m
[30.979s] [ 25%] [32mBuilding C object CMakeFiles/marvelmind_ros2_msgs__rosidl_generator_c.dir/rosidl_generator_c/marvelmind_ros2_msgs/srv/detail/marvelmind_api__description.c.o[0m
[31.053s] [ 26%] [32mBuilding C object CMakeFiles/marvelmind_ros2_msgs__rosidl_generator_c.dir/rosidl_generator_c/marvelmind_ros2_msgs/srv/detail/marvelmind_api__functions.c.o[0m
[31.118s] [ 26%] [32mBuilding C object CMakeFiles/marvelmind_ros2_msgs__rosidl_generator_c.dir/rosidl_generator_c/marvelmind_ros2_msgs/srv/detail/marvelmind_api__type_support.c.o[0m
[31.526s] [ 27%] [32m[1mLinking C shared library libmarvelmind_ros2_msgs__rosidl_generator_c.so[0m
[31.812s] [ 27%] Built target marvelmind_ros2_msgs__rosidl_generator_c
[31.886s] [ 28%] [34m[1mGenerating C introspection for ROS interfaces[0m
[31.887s] [ 28%] [34m[1mGenerating C type support dispatch for ROS interfaces[0m
[31.889s] [ 28%] [34m[1mGenerating C++ type support for eProsima Fast-RTPS[0m
[31.892s] [ 29%] [34m[1mGenerating C++ introspection for ROS interfaces[0m
[35.037s] [ 30%] [32mBuilding CXX object CMakeFiles/marvelmind_ros2_msgs__rosidl_typesupport_c.dir/rosidl_typesupport_c/marvelmind_ros2_msgs/msg/beacon_distance__type_support.cpp.o[0m
[35.456s] [ 31%] [32mBuilding CXX object CMakeFiles/marvelmind_ros2_msgs__rosidl_typesupport_c.dir/rosidl_typesupport_c/marvelmind_ros2_msgs/msg/beacon_position_addressed__type_support.cpp.o[0m
[35.783s] [ 32%] [32mBuilding CXX object CMakeFiles/marvelmind_ros2_msgs__rosidl_typesupport_c.dir/rosidl_typesupport_c/marvelmind_ros2_msgs/msg/hedge_imu_fusion__type_support.cpp.o[0m
[36.110s] [ 32%] [32mBuilding CXX object CMakeFiles/marvelmind_ros2_msgs__rosidl_typesupport_c.dir/rosidl_typesupport_c/marvelmind_ros2_msgs/msg/hedge_imu_raw__type_support.cpp.o[0m
[36.206s] [ 32%] [32mBuilding CXX object CMakeFiles/marvelmind_ros2_msgs__rosidl_typesupport_introspection_cpp.dir/rosidl_typesupport_introspection_cpp/marvelmind_ros2_msgs/msg/detail/beacon_distance__type_support.cpp.o[0m
[36.261s] [ 33%] [32mBuilding C object CMakeFiles/marvelmind_ros2_msgs__rosidl_typesupport_introspection_c.dir/rosidl_typesupport_introspection_c/marvelmind_ros2_msgs/msg/detail/beacon_distance__type_support.c.o[0m
[36.422s] [ 34%] [32mBuilding CXX object CMakeFiles/marvelmind_ros2_msgs__rosidl_typesupport_c.dir/rosidl_typesupport_c/marvelmind_ros2_msgs/msg/hedge_position_addressed__type_support.cpp.o[0m
[36.613s] [ 34%] [32mBuilding C object CMakeFiles/marvelmind_ros2_msgs__rosidl_typesupport_introspection_c.dir/rosidl_typesupport_introspection_c/marvelmind_ros2_msgs/msg/detail/beacon_position_addressed__type_support.c.o[0m
[36.857s] [ 35%] [32mBuilding CXX object CMakeFiles/marvelmind_ros2_msgs__rosidl_typesupport_c.dir/rosidl_typesupport_c/marvelmind_ros2_msgs/msg/hedge_position_angle__type_support.cpp.o[0m
[36.895s] [ 36%] [32mBuilding C object CMakeFiles/marvelmind_ros2_msgs__rosidl_typesupport_introspection_c.dir/rosidl_typesupport_introspection_c/marvelmind_ros2_msgs/msg/detail/hedge_imu_fusion__type_support.c.o[0m
[37.231s] [ 37%] [32mBuilding C object CMakeFiles/marvelmind_ros2_msgs__rosidl_typesupport_introspection_c.dir/rosidl_typesupport_introspection_c/marvelmind_ros2_msgs/msg/detail/hedge_imu_raw__type_support.c.o[0m
[37.261s] [ 37%] [32mBuilding CXX object CMakeFiles/marvelmind_ros2_msgs__rosidl_typesupport_c.dir/rosidl_typesupport_c/marvelmind_ros2_msgs/msg/hedge_position__type_support.cpp.o[0m
[37.553s] [ 38%] [32mBuilding C object CMakeFiles/marvelmind_ros2_msgs__rosidl_typesupport_introspection_c.dir/rosidl_typesupport_introspection_c/marvelmind_ros2_msgs/msg/detail/hedge_position_addressed__type_support.c.o[0m
[37.696s] [ 39%] [32mBuilding CXX object CMakeFiles/marvelmind_ros2_msgs__rosidl_typesupport_c.dir/rosidl_typesupport_c/marvelmind_ros2_msgs/msg/hedge_quality__type_support.cpp.o[0m
[37.851s] [ 39%] [32mBuilding C object CMakeFiles/marvelmind_ros2_msgs__rosidl_typesupport_introspection_c.dir/rosidl_typesupport_introspection_c/marvelmind_ros2_msgs/msg/detail/hedge_position_angle__type_support.c.o[0m
[38.004s] [ 40%] [32mBuilding CXX object CMakeFiles/marvelmind_ros2_msgs__rosidl_typesupport_c.dir/rosidl_typesupport_c/marvelmind_ros2_msgs/msg/hedge_telemetry__type_support.cpp.o[0m
[38.127s] [ 41%] [32mBuilding C object CMakeFiles/marvelmind_ros2_msgs__rosidl_typesupport_introspection_c.dir/rosidl_typesupport_introspection_c/marvelmind_ros2_msgs/msg/detail/hedge_position__type_support.c.o[0m
[38.159s] [ 42%] [32mBuilding CXX object CMakeFiles/marvelmind_ros2_msgs__rosidl_typesupport_fastrtps_cpp.dir/rosidl_typesupport_fastrtps_cpp/marvelmind_ros2_msgs/msg/detail/dds_fastrtps/beacon_distance__type_support.cpp.o[0m
[38.335s] [ 42%] [32mBuilding CXX object CMakeFiles/marvelmind_ros2_msgs__rosidl_typesupport_c.dir/rosidl_typesupport_c/marvelmind_ros2_msgs/msg/marvelmind_waypoint__type_support.cpp.o[0m
[38.403s] [ 43%] [32mBuilding C object CMakeFiles/marvelmind_ros2_msgs__rosidl_typesupport_introspection_c.dir/rosidl_typesupport_introspection_c/marvelmind_ros2_msgs/msg/detail/hedge_quality__type_support.c.o[0m
[38.642s] [ 44%] [32mBuilding CXX object CMakeFiles/marvelmind_ros2_msgs__rosidl_typesupport_c.dir/rosidl_typesupport_c/marvelmind_ros2_msgs/msg/marvelmind_user_data__type_support.cpp.o[0m
[38.655s] [ 44%] [32mBuilding C object CMakeFiles/marvelmind_ros2_msgs__rosidl_typesupport_introspection_c.dir/rosidl_typesupport_introspection_c/marvelmind_ros2_msgs/msg/detail/hedge_telemetry__type_support.c.o[0m
[38.976s] [ 45%] [32mBuilding C object CMakeFiles/marvelmind_ros2_msgs__rosidl_typesupport_introspection_c.dir/rosidl_typesupport_introspection_c/marvelmind_ros2_msgs/msg/detail/marvelmind_waypoint__type_support.c.o[0m
[39.014s] [ 46%] [32mBuilding CXX object CMakeFiles/marvelmind_ros2_msgs__rosidl_typesupport_c.dir/rosidl_typesupport_c/marvelmind_ros2_msgs/srv/marvelmind_api__type_support.cpp.o[0m
[39.244s] [ 47%] [32mBuilding CXX object CMakeFiles/marvelmind_ros2_msgs__rosidl_typesupport_introspection_cpp.dir/rosidl_typesupport_introspection_cpp/marvelmind_ros2_msgs/msg/detail/beacon_position_addressed__type_support.cpp.o[0m
[39.327s] [ 48%] [32mBuilding C object CMakeFiles/marvelmind_ros2_msgs__rosidl_typesupport_introspection_c.dir/rosidl_typesupport_introspection_c/marvelmind_ros2_msgs/msg/detail/marvelmind_user_data__type_support.c.o[0m
[39.371s] [ 48%] [32m[1mLinking CXX shared library libmarvelmind_ros2_msgs__rosidl_typesupport_c.so[0m
[39.625s] [ 48%] [32mBuilding C object CMakeFiles/marvelmind_ros2_msgs__rosidl_typesupport_introspection_c.dir/rosidl_typesupport_introspection_c/marvelmind_ros2_msgs/srv/detail/marvelmind_api__type_support.c.o[0m
[39.696s] [ 48%] Built target marvelmind_ros2_msgs__rosidl_typesupport_c
[39.772s] [ 49%] [34m[1mGenerating C++ type support dispatch for ROS interfaces[0m
[40.027s] [ 50%] [32m[1mLinking C shared library libmarvelmind_ros2_msgs__rosidl_typesupport_introspection_c.so[0m
[40.424s] [ 50%] Built target marvelmind_ros2_msgs__rosidl_typesupport_introspection_c
[40.494s] [ 51%] [32mBuilding CXX object CMakeFiles/marvelmind_ros2_msgs__rosidl_typesupport_fastrtps_cpp.dir/rosidl_typesupport_fastrtps_cpp/marvelmind_ros2_msgs/msg/detail/dds_fastrtps/beacon_position_addressed__type_support.cpp.o[0m
[41.514s] [ 52%] [32mBuilding CXX object CMakeFiles/marvelmind_ros2_msgs__rosidl_typesupport_introspection_cpp.dir/rosidl_typesupport_introspection_cpp/marvelmind_ros2_msgs/msg/detail/hedge_imu_fusion__type_support.cpp.o[0m
[41.817s] [ 52%] [32mBuilding CXX object CMakeFiles/marvelmind_ros2_msgs__rosidl_typesupport_fastrtps_cpp.dir/rosidl_typesupport_fastrtps_cpp/marvelmind_ros2_msgs/msg/detail/dds_fastrtps/hedge_imu_fusion__type_support.cpp.o[0m
[43.811s] [ 53%] [32mBuilding CXX object CMakeFiles/marvelmind_ros2_msgs__rosidl_typesupport_cpp.dir/rosidl_typesupport_cpp/marvelmind_ros2_msgs/msg/beacon_distance__type_support.cpp.o[0m
[43.885s] [ 53%] [32mBuilding CXX object CMakeFiles/marvelmind_ros2_msgs__rosidl_typesupport_introspection_cpp.dir/rosidl_typesupport_introspection_cpp/marvelmind_ros2_msgs/msg/detail/hedge_imu_raw__type_support.cpp.o[0m
[44.704s] [ 53%] [32mBuilding CXX object CMakeFiles/marvelmind_ros2_msgs__rosidl_typesupport_cpp.dir/rosidl_typesupport_cpp/marvelmind_ros2_msgs/msg/beacon_position_addressed__type_support.cpp.o[0m
[46.120s] [ 54%] [32mBuilding CXX object CMakeFiles/marvelmind_ros2_msgs__rosidl_typesupport_fastrtps_cpp.dir/rosidl_typesupport_fastrtps_cpp/marvelmind_ros2_msgs/msg/detail/dds_fastrtps/hedge_imu_raw__type_support.cpp.o[0m
[46.472s] [ 55%] [34m[1mGenerating C type support for eProsima Fast-RTPS[0m
[46.497s] [ 56%] [32mBuilding CXX object CMakeFiles/marvelmind_ros2_msgs__rosidl_typesupport_introspection_cpp.dir/rosidl_typesupport_introspection_cpp/marvelmind_ros2_msgs/msg/detail/hedge_position_addressed__type_support.cpp.o[0m
[46.989s] [ 57%] [32mBuilding CXX object CMakeFiles/marvelmind_ros2_msgs__rosidl_typesupport_cpp.dir/rosidl_typesupport_cpp/marvelmind_ros2_msgs/msg/hedge_imu_fusion__type_support.cpp.o[0m
[48.715s] [ 58%] [32mBuilding CXX object CMakeFiles/marvelmind_ros2_msgs__rosidl_typesupport_introspection_cpp.dir/rosidl_typesupport_introspection_cpp/marvelmind_ros2_msgs/msg/detail/hedge_position_angle__type_support.cpp.o[0m
[49.295s] [ 59%] [32mBuilding CXX object CMakeFiles/marvelmind_ros2_msgs__rosidl_typesupport_cpp.dir/rosidl_typesupport_cpp/marvelmind_ros2_msgs/msg/hedge_imu_raw__type_support.cpp.o[0m
[49.493s] [ 60%] [32mBuilding CXX object CMakeFiles/marvelmind_ros2_msgs__rosidl_typesupport_fastrtps_cpp.dir/rosidl_typesupport_fastrtps_cpp/marvelmind_ros2_msgs/msg/detail/dds_fastrtps/hedge_position_addressed__type_support.cpp.o[0m
[51.813s] [ 61%] [32mBuilding CXX object CMakeFiles/marvelmind_ros2_msgs__rosidl_typesupport_introspection_cpp.dir/rosidl_typesupport_introspection_cpp/marvelmind_ros2_msgs/msg/detail/hedge_position__type_support.cpp.o[0m
[52.205s] [ 62%] [32mBuilding CXX object CMakeFiles/marvelmind_ros2_msgs__rosidl_typesupport_cpp.dir/rosidl_typesupport_cpp/marvelmind_ros2_msgs/msg/hedge_position_addressed__type_support.cpp.o[0m
[53.410s] [ 63%] [32mBuilding CXX object CMakeFiles/marvelmind_ros2_msgs__rosidl_typesupport_fastrtps_cpp.dir/rosidl_typesupport_fastrtps_cpp/marvelmind_ros2_msgs/msg/detail/dds_fastrtps/hedge_position_angle__type_support.cpp.o[0m
[53.573s] [ 63%] [32mBuilding CXX object CMakeFiles/marvelmind_ros2_msgs__rosidl_typesupport_fastrtps_c.dir/rosidl_typesupport_fastrtps_c/marvelmind_ros2_msgs/msg/detail/beacon_distance__type_support_c.cpp.o[0m
[54.144s] [ 63%] [32mBuilding CXX object CMakeFiles/marvelmind_ros2_msgs__rosidl_typesupport_introspection_cpp.dir/rosidl_typesupport_introspection_cpp/marvelmind_ros2_msgs/msg/detail/hedge_quality__type_support.cpp.o[0m
[54.538s] [ 63%] [32mBuilding CXX object CMakeFiles/marvelmind_ros2_msgs__rosidl_typesupport_cpp.dir/rosidl_typesupport_cpp/marvelmind_ros2_msgs/msg/hedge_position_angle__type_support.cpp.o[0m
[56.463s] [ 64%] [32mBuilding CXX object CMakeFiles/marvelmind_ros2_msgs__rosidl_typesupport_introspection_cpp.dir/rosidl_typesupport_introspection_cpp/marvelmind_ros2_msgs/msg/detail/hedge_telemetry__type_support.cpp.o[0m
[57.584s] [ 65%] [32mBuilding CXX object CMakeFiles/marvelmind_ros2_msgs__rosidl_typesupport_fastrtps_c.dir/rosidl_typesupport_fastrtps_c/marvelmind_ros2_msgs/msg/detail/beacon_position_addressed__type_support_c.cpp.o[0m
[57.613s] [ 66%] [32mBuilding CXX object CMakeFiles/marvelmind_ros2_msgs__rosidl_typesupport_cpp.dir/rosidl_typesupport_cpp/marvelmind_ros2_msgs/msg/hedge_position__type_support.cpp.o[0m
[57.767s] [ 66%] [32mBuilding CXX object CMakeFiles/marvelmind_ros2_msgs__rosidl_typesupport_fastrtps_cpp.dir/rosidl_typesupport_fastrtps_cpp/marvelmind_ros2_msgs/msg/detail/dds_fastrtps/hedge_position__type_support.cpp.o[0m
[58.767s] [ 67%] [32mBuilding CXX object CMakeFiles/marvelmind_ros2_msgs__rosidl_typesupport_introspection_cpp.dir/rosidl_typesupport_introspection_cpp/marvelmind_ros2_msgs/msg/detail/marvelmind_waypoint__type_support.cpp.o[0m
[60.005s] [ 68%] [32mBuilding CXX object CMakeFiles/marvelmind_ros2_msgs__rosidl_typesupport_cpp.dir/rosidl_typesupport_cpp/marvelmind_ros2_msgs/msg/hedge_quality__type_support.cpp.o[0m
[61.090s] [ 69%] [32mBuilding CXX object CMakeFiles/marvelmind_ros2_msgs__rosidl_typesupport_fastrtps_c.dir/rosidl_typesupport_fastrtps_c/marvelmind_ros2_msgs/msg/detail/hedge_imu_fusion__type_support_c.cpp.o[0m
[61.100s] [ 70%] [32mBuilding CXX object CMakeFiles/marvelmind_ros2_msgs__rosidl_typesupport_fastrtps_cpp.dir/rosidl_typesupport_fastrtps_cpp/marvelmind_ros2_msgs/msg/detail/dds_fastrtps/hedge_quality__type_support.cpp.o[0m
[61.227s] [ 70%] [32mBuilding CXX object CMakeFiles/marvelmind_ros2_msgs__rosidl_typesupport_introspection_cpp.dir/rosidl_typesupport_introspection_cpp/marvelmind_ros2_msgs/msg/detail/marvelmind_user_data__type_support.cpp.o[0m
[62.319s] [ 70%] [32mBuilding CXX object CMakeFiles/marvelmind_ros2_msgs__rosidl_typesupport_cpp.dir/rosidl_typesupport_cpp/marvelmind_ros2_msgs/msg/hedge_telemetry__type_support.cpp.o[0m
[64.518s] [ 71%] [32mBuilding CXX object CMakeFiles/marvelmind_ros2_msgs__rosidl_typesupport_introspection_cpp.dir/rosidl_typesupport_introspection_cpp/marvelmind_ros2_msgs/srv/detail/marvelmind_api__type_support.cpp.o[0m
[64.548s] [ 72%] [32mBuilding CXX object CMakeFiles/marvelmind_ros2_msgs__rosidl_typesupport_fastrtps_cpp.dir/rosidl_typesupport_fastrtps_cpp/marvelmind_ros2_msgs/msg/detail/dds_fastrtps/hedge_telemetry__type_support.cpp.o[0m
[65.248s] [ 73%] [32mBuilding CXX object CMakeFiles/marvelmind_ros2_msgs__rosidl_typesupport_fastrtps_c.dir/rosidl_typesupport_fastrtps_c/marvelmind_ros2_msgs/msg/detail/hedge_imu_raw__type_support_c.cpp.o[0m
[65.304s] [ 74%] [32mBuilding CXX object CMakeFiles/marvelmind_ros2_msgs__rosidl_typesupport_cpp.dir/rosidl_typesupport_cpp/marvelmind_ros2_msgs/msg/marvelmind_waypoint__type_support.cpp.o[0m
[67.707s] [ 75%] [32mBuilding CXX object CMakeFiles/marvelmind_ros2_msgs__rosidl_typesupport_cpp.dir/rosidl_typesupport_cpp/marvelmind_ros2_msgs/msg/marvelmind_user_data__type_support.cpp.o[0m
[67.875s] [ 75%] [32mBuilding CXX object CMakeFiles/marvelmind_ros2_msgs__rosidl_typesupport_fastrtps_cpp.dir/rosidl_typesupport_fastrtps_cpp/marvelmind_ros2_msgs/msg/detail/dds_fastrtps/marvelmind_waypoint__type_support.cpp.o[0m
[67.964s] [ 76%] [32m[1mLinking CXX shared library libmarvelmind_ros2_msgs__rosidl_typesupport_introspection_cpp.so[0m
[68.489s] [ 76%] Built target marvelmind_ros2_msgs__rosidl_typesupport_introspection_cpp
[68.559s] [ 76%] [32mBuilding CXX object CMakeFiles/marvelmind_ros2_msgs__rosidl_typesupport_fastrtps_c.dir/rosidl_typesupport_fastrtps_c/marvelmind_ros2_msgs/msg/detail/hedge_position_addressed__type_support_c.cpp.o[0m
[68.932s] [ 77%] [32mBuilding CXX object CMakeFiles/marvelmind_ros2_msgs__rosidl_typesupport_fastrtps_c.dir/rosidl_typesupport_fastrtps_c/marvelmind_ros2_msgs/msg/detail/hedge_position_angle__type_support_c.cpp.o[0m
[70.302s] [ 77%] [32mBuilding CXX object CMakeFiles/marvelmind_ros2_msgs__rosidl_typesupport_cpp.dir/rosidl_typesupport_cpp/marvelmind_ros2_msgs/srv/marvelmind_api__type_support.cpp.o[0m
[71.937s] [ 78%] [32mBuilding CXX object CMakeFiles/marvelmind_ros2_msgs__rosidl_typesupport_fastrtps_cpp.dir/rosidl_typesupport_fastrtps_cpp/marvelmind_ros2_msgs/msg/detail/dds_fastrtps/marvelmind_user_data__type_support.cpp.o[0m
[72.460s] [ 79%] [32mBuilding CXX object CMakeFiles/marvelmind_ros2_msgs__rosidl_typesupport_fastrtps_c.dir/rosidl_typesupport_fastrtps_c/marvelmind_ros2_msgs/msg/detail/hedge_position__type_support_c.cpp.o[0m
[72.835s] [ 79%] [32mBuilding CXX object CMakeFiles/marvelmind_ros2_msgs__rosidl_typesupport_fastrtps_c.dir/rosidl_typesupport_fastrtps_c/marvelmind_ros2_msgs/msg/detail/hedge_quality__type_support_c.cpp.o[0m
[73.699s] [ 80%] [32m[1mLinking CXX shared library libmarvelmind_ros2_msgs__rosidl_typesupport_cpp.so[0m
[74.414s] [ 80%] Built target marvelmind_ros2_msgs__rosidl_typesupport_cpp
[74.480s] [ 81%] [32mBuilding CXX object CMakeFiles/marvelmind_ros2_msgs__rosidl_typesupport_fastrtps_c.dir/rosidl_typesupport_fastrtps_c/marvelmind_ros2_msgs/msg/detail/hedge_telemetry__type_support_c.cpp.o[0m
[75.834s] [ 82%] [32mBuilding CXX object CMakeFiles/marvelmind_ros2_msgs__rosidl_typesupport_fastrtps_cpp.dir/rosidl_typesupport_fastrtps_cpp/marvelmind_ros2_msgs/srv/detail/dds_fastrtps/marvelmind_api__type_support.cpp.o[0m
[76.118s] [ 83%] [32mBuilding CXX object CMakeFiles/marvelmind_ros2_msgs__rosidl_typesupport_fastrtps_c.dir/rosidl_typesupport_fastrtps_c/marvelmind_ros2_msgs/msg/detail/marvelmind_waypoint__type_support_c.cpp.o[0m
[76.237s] [ 83%] [32mBuilding CXX object CMakeFiles/marvelmind_ros2_msgs__rosidl_typesupport_fastrtps_c.dir/rosidl_typesupport_fastrtps_c/marvelmind_ros2_msgs/msg/detail/marvelmind_user_data__type_support_c.cpp.o[0m
[78.479s] [ 84%] [32mBuilding CXX object CMakeFiles/marvelmind_ros2_msgs__rosidl_typesupport_fastrtps_c.dir/rosidl_typesupport_fastrtps_c/marvelmind_ros2_msgs/srv/detail/marvelmind_api__type_support_c.cpp.o[0m
[81.055s] [ 84%] [32m[1mLinking CXX shared library libmarvelmind_ros2_msgs__rosidl_typesupport_fastrtps_cpp.so[0m
[81.526s] [ 84%] Built target marvelmind_ros2_msgs__rosidl_typesupport_fastrtps_cpp
[81.664s] [ 85%] [32m[1mLinking CXX shared library libmarvelmind_ros2_msgs__rosidl_typesupport_fastrtps_c.so[0m
[81.972s] [ 85%] Built target marvelmind_ros2_msgs__rosidl_typesupport_fastrtps_c
[82.083s] [ 85%] Built target marvelmind_ros2_msgs
[82.194s] [ 86%] [34m[1mGenerating Python code for ROS interfaces[0m
[87.802s] [ 86%] Built target marvelmind_ros2_msgs__py
[87.926s] [ 87%] [32mBuilding C object CMakeFiles/marvelmind_ros2_msgs__rosidl_generator_py.dir/rosidl_generator_py/marvelmind_ros2_msgs/msg/_beacon_distance_s.c.o[0m
[87.928s] [ 87%] [32mBuilding C object CMakeFiles/marvelmind_ros2_msgs__rosidl_generator_py.dir/rosidl_generator_py/marvelmind_ros2_msgs/msg/_beacon_position_addressed_s.c.o[0m
[87.929s] [ 88%] [32mBuilding C object CMakeFiles/marvelmind_ros2_msgs__rosidl_generator_py.dir/rosidl_generator_py/marvelmind_ros2_msgs/msg/_hedge_imu_fusion_s.c.o[0m
[87.939s] [ 89%] [32mBuilding C object CMakeFiles/marvelmind_ros2_msgs__rosidl_generator_py.dir/rosidl_generator_py/marvelmind_ros2_msgs/msg/_hedge_imu_raw_s.c.o[0m
[88.945s] [ 90%] [32mBuilding C object CMakeFiles/marvelmind_ros2_msgs__rosidl_generator_py.dir/rosidl_generator_py/marvelmind_ros2_msgs/msg/_hedge_position_addressed_s.c.o[0m
[88.983s] [ 91%] [32mBuilding C object CMakeFiles/marvelmind_ros2_msgs__rosidl_generator_py.dir/rosidl_generator_py/marvelmind_ros2_msgs/msg/_hedge_position_s.c.o[0m
[89.003s] [ 91%] [32mBuilding C object CMakeFiles/marvelmind_ros2_msgs__rosidl_generator_py.dir/rosidl_generator_py/marvelmind_ros2_msgs/msg/_hedge_position_angle_s.c.o[0m
[89.035s] [ 92%] [32mBuilding C object CMakeFiles/marvelmind_ros2_msgs__rosidl_generator_py.dir/rosidl_generator_py/marvelmind_ros2_msgs/msg/_hedge_quality_s.c.o[0m
[89.927s] [ 92%] [32mBuilding C object CMakeFiles/marvelmind_ros2_msgs__rosidl_generator_py.dir/rosidl_generator_py/marvelmind_ros2_msgs/msg/_hedge_telemetry_s.c.o[0m
[90.060s] [ 93%] [32mBuilding C object CMakeFiles/marvelmind_ros2_msgs__rosidl_generator_py.dir/rosidl_generator_py/marvelmind_ros2_msgs/msg/_marvelmind_waypoint_s.c.o[0m
[90.173s] [ 94%] [32mBuilding C object CMakeFiles/marvelmind_ros2_msgs__rosidl_generator_py.dir/rosidl_generator_py/marvelmind_ros2_msgs/msg/_marvelmind_user_data_s.c.o[0m
[90.683s] [ 94%] [32mBuilding C object CMakeFiles/marvelmind_ros2_msgs__rosidl_generator_py.dir/rosidl_generator_py/marvelmind_ros2_msgs/srv/_marvelmind_api_s.c.o[0m
[91.630s] [ 95%] [32m[1mLinking C shared library libmarvelmind_ros2_msgs__rosidl_generator_py.so[0m
[91.929s] [ 95%] Built target marvelmind_ros2_msgs__rosidl_generator_py
[92.043s] [ 95%] [32mBuilding C object CMakeFiles/marvelmind_ros2_msgs_s__rosidl_typesupport_fastrtps_c.dir/rosidl_generator_py/marvelmind_ros2_msgs/_marvelmind_ros2_msgs_s.ep.rosidl_typesupport_fastrtps_c.c.o[0m
[92.046s] [ 96%] [32mBuilding C object CMakeFiles/marvelmind_ros2_msgs_s__rosidl_typesupport_introspection_c.dir/rosidl_generator_py/marvelmind_ros2_msgs/_marvelmind_ros2_msgs_s.ep.rosidl_typesupport_introspection_c.c.o[0m
[92.050s] [ 97%] [32mBuilding C object CMakeFiles/marvelmind_ros2_msgs_s__rosidl_typesupport_c.dir/rosidl_generator_py/marvelmind_ros2_msgs/_marvelmind_ros2_msgs_s.ep.rosidl_typesupport_c.c.o[0m
[92.828s] [ 98%] [32m[1mLinking C shared module rosidl_generator_py/marvelmind_ros2_msgs/marvelmind_ros2_msgs_s__rosidl_typesupport_c.so[0m
[92.867s] [100%] [32m[1mLinking C shared module rosidl_generator_py/marvelmind_ros2_msgs/marvelmind_ros2_msgs_s__rosidl_typesupport_fastrtps_c.so[0m
[92.868s] [100%] [32m[1mLinking C shared module rosidl_generator_py/marvelmind_ros2_msgs/marvelmind_ros2_msgs_s__rosidl_typesupport_introspection_c.so[0m
[93.027s] [100%] Built target marvelmind_ros2_msgs_s__rosidl_typesupport_c
[93.062s] [100%] Built target marvelmind_ros2_msgs_s__rosidl_typesupport_fastrtps_c
[93.066s] [100%] Built target marvelmind_ros2_msgs_s__rosidl_typesupport_introspection_c
[93.132s] Invoked command in '/home/hutalia/ROS2_Hutalia/ros2_ws/build/marvelmind_ros2_msgs' returned '0': CMAKE_PREFIX_PATH=/opt/ros/jazzy /usr/bin/cmake --build /home/hutalia/ROS2_Hutalia/ros2_ws/build/marvelmind_ros2_msgs -- -j4 -l4
[93.180s] Invoking command in '/home/hutalia/ROS2_Hutalia/ros2_ws/build/marvelmind_ros2_msgs': CMAKE_PREFIX_PATH=/opt/ros/jazzy /usr/bin/cmake --install /home/hutalia/ROS2_Hutalia/ros2_ws/build/marvelmind_ros2_msgs
[93.219s] -- Install configuration: ""
[93.221s] -- Execute custom install script
[93.223s] -- Symlinking: /home/hutalia/ROS2_Hutalia/ros2_ws/install/marvelmind_ros2_msgs/share/ament_index/resource_index/rosidl_interfaces/marvelmind_ros2_msgs
[93.267s] -- Symlinking: /home/hutalia/ROS2_Hutalia/ros2_ws/install/marvelmind_ros2_msgs/share/marvelmind_ros2_msgs/msg/BeaconDistance.json
[93.311s] -- Symlinking: /home/hutalia/ROS2_Hutalia/ros2_ws/install/marvelmind_ros2_msgs/share/marvelmind_ros2_msgs/msg/BeaconPositionAddressed.json
[93.354s] -- Symlinking: /home/hutalia/ROS2_Hutalia/ros2_ws/install/marvelmind_ros2_msgs/share/marvelmind_ros2_msgs/msg/HedgeImuFusion.json
[93.398s] -- Symlinking: /home/hutalia/ROS2_Hutalia/ros2_ws/install/marvelmind_ros2_msgs/share/marvelmind_ros2_msgs/msg/HedgeImuRaw.json
[93.442s] -- Symlinking: /home/hutalia/ROS2_Hutalia/ros2_ws/install/marvelmind_ros2_msgs/share/marvelmind_ros2_msgs/msg/HedgePositionAddressed.json
[93.485s] -- Symlinking: /home/hutalia/ROS2_Hutalia/ros2_ws/install/marvelmind_ros2_msgs/share/marvelmind_ros2_msgs/msg/HedgePositionAngle.json
[93.529s] -- Symlinking: /home/hutalia/ROS2_Hutalia/ros2_ws/install/marvelmind_ros2_msgs/share/marvelmind_ros2_msgs/msg/HedgePosition.json
[93.574s] -- Symlinking: /home/hutalia/ROS2_Hutalia/ros2_ws/install/marvelmind_ros2_msgs/share/marvelmind_ros2_msgs/msg/HedgeQuality.json
[93.619s] -- Symlinking: /home/hutalia/ROS2_Hutalia/ros2_ws/install/marvelmind_ros2_msgs/share/marvelmind_ros2_msgs/msg/HedgeTelemetry.json
[93.663s] -- Symlinking: /home/hutalia/ROS2_Hutalia/ros2_ws/install/marvelmind_ros2_msgs/share/marvelmind_ros2_msgs/msg/MarvelmindWaypoint.json
[93.710s] -- Symlinking: /home/hutalia/ROS2_Hutalia/ros2_ws/install/marvelmind_ros2_msgs/share/marvelmind_ros2_msgs/msg/MarvelmindUserData.json
[93.754s] -- Symlinking: /home/hutalia/ROS2_Hutalia/ros2_ws/install/marvelmind_ros2_msgs/share/marvelmind_ros2_msgs/srv/MarvelmindAPI.json
[93.810s] -- Symlinking: /home/hutalia/ROS2_Hutalia/ros2_ws/install/marvelmind_ros2_msgs/include/marvelmind_ros2_msgs/marvelmind_ros2_msgs/msg/beacon_distance.h
[93.855s] -- Symlinking: /home/hutalia/ROS2_Hutalia/ros2_ws/install/marvelmind_ros2_msgs/include/marvelmind_ros2_msgs/marvelmind_ros2_msgs/msg/beacon_position_addressed.h
[93.901s] -- Symlinking: /home/hutalia/ROS2_Hutalia/ros2_ws/install/marvelmind_ros2_msgs/include/marvelmind_ros2_msgs/marvelmind_ros2_msgs/msg/detail/beacon_distance__functions.h
[93.943s] -- Symlinking: /home/hutalia/ROS2_Hutalia/ros2_ws/install/marvelmind_ros2_msgs/include/marvelmind_ros2_msgs/marvelmind_ros2_msgs/msg/detail/beacon_distance__struct.h
[93.986s] -- Symlinking: /home/hutalia/ROS2_Hutalia/ros2_ws/install/marvelmind_ros2_msgs/include/marvelmind_ros2_msgs/marvelmind_ros2_msgs/msg/detail/beacon_distance__type_support.h
[94.030s] -- Symlinking: /home/hutalia/ROS2_Hutalia/ros2_ws/install/marvelmind_ros2_msgs/include/marvelmind_ros2_msgs/marvelmind_ros2_msgs/msg/detail/beacon_position_addressed__functions.h
[94.074s] -- Symlinking: /home/hutalia/ROS2_Hutalia/ros2_ws/install/marvelmind_ros2_msgs/include/marvelmind_ros2_msgs/marvelmind_ros2_msgs/msg/detail/beacon_position_addressed__struct.h
[94.118s] -- Symlinking: /home/hutalia/ROS2_Hutalia/ros2_ws/install/marvelmind_ros2_msgs/include/marvelmind_ros2_msgs/marvelmind_ros2_msgs/msg/detail/beacon_position_addressed__type_support.h
[94.161s] -- Symlinking: /home/hutalia/ROS2_Hutalia/ros2_ws/install/marvelmind_ros2_msgs/include/marvelmind_ros2_msgs/marvelmind_ros2_msgs/msg/detail/hedge_imu_fusion__functions.h
[94.204s] -- Symlinking: /home/hutalia/ROS2_Hutalia/ros2_ws/install/marvelmind_ros2_msgs/include/marvelmind_ros2_msgs/marvelmind_ros2_msgs/msg/detail/hedge_imu_fusion__struct.h
[94.248s] -- Symlinking: /home/hutalia/ROS2_Hutalia/ros2_ws/install/marvelmind_ros2_msgs/include/marvelmind_ros2_msgs/marvelmind_ros2_msgs/msg/detail/hedge_imu_fusion__type_support.h
[94.292s] -- Symlinking: /home/hutalia/ROS2_Hutalia/ros2_ws/install/marvelmind_ros2_msgs/include/marvelmind_ros2_msgs/marvelmind_ros2_msgs/msg/detail/hedge_imu_raw__functions.h
[94.336s] -- Symlinking: /home/hutalia/ROS2_Hutalia/ros2_ws/install/marvelmind_ros2_msgs/include/marvelmind_ros2_msgs/marvelmind_ros2_msgs/msg/detail/hedge_imu_raw__struct.h
[94.379s] -- Symlinking: /home/hutalia/ROS2_Hutalia/ros2_ws/install/marvelmind_ros2_msgs/include/marvelmind_ros2_msgs/marvelmind_ros2_msgs/msg/detail/hedge_imu_raw__type_support.h
[94.423s] -- Symlinking: /home/hutalia/ROS2_Hutalia/ros2_ws/install/marvelmind_ros2_msgs/include/marvelmind_ros2_msgs/marvelmind_ros2_msgs/msg/detail/hedge_position__functions.h
[94.467s] -- Symlinking: /home/hutalia/ROS2_Hutalia/ros2_ws/install/marvelmind_ros2_msgs/include/marvelmind_ros2_msgs/marvelmind_ros2_msgs/msg/detail/hedge_position__struct.h
[94.512s] -- Symlinking: /home/hutalia/ROS2_Hutalia/ros2_ws/install/marvelmind_ros2_msgs/include/marvelmind_ros2_msgs/marvelmind_ros2_msgs/msg/detail/hedge_position__type_support.h
[94.557s] -- Symlinking: /home/hutalia/ROS2_Hutalia/ros2_ws/install/marvelmind_ros2_msgs/include/marvelmind_ros2_msgs/marvelmind_ros2_msgs/msg/detail/hedge_position_addressed__functions.h
[94.602s] -- Symlinking: /home/hutalia/ROS2_Hutalia/ros2_ws/install/marvelmind_ros2_msgs/include/marvelmind_ros2_msgs/marvelmind_ros2_msgs/msg/detail/hedge_position_addressed__struct.h
[94.646s] -- Symlinking: /home/hutalia/ROS2_Hutalia/ros2_ws/install/marvelmind_ros2_msgs/include/marvelmind_ros2_msgs/marvelmind_ros2_msgs/msg/detail/hedge_position_addressed__type_support.h
[94.690s] -- Symlinking: /home/hutalia/ROS2_Hutalia/ros2_ws/install/marvelmind_ros2_msgs/include/marvelmind_ros2_msgs/marvelmind_ros2_msgs/msg/detail/hedge_position_angle__functions.h
[94.734s] -- Symlinking: /home/hutalia/ROS2_Hutalia/ros2_ws/install/marvelmind_ros2_msgs/include/marvelmind_ros2_msgs/marvelmind_ros2_msgs/msg/detail/hedge_position_angle__struct.h
[94.778s] -- Symlinking: /home/hutalia/ROS2_Hutalia/ros2_ws/install/marvelmind_ros2_msgs/include/marvelmind_ros2_msgs/marvelmind_ros2_msgs/msg/detail/hedge_position_angle__type_support.h
[94.822s] -- Symlinking: /home/hutalia/ROS2_Hutalia/ros2_ws/install/marvelmind_ros2_msgs/include/marvelmind_ros2_msgs/marvelmind_ros2_msgs/msg/detail/hedge_quality__functions.h
[94.866s] -- Symlinking: /home/hutalia/ROS2_Hutalia/ros2_ws/install/marvelmind_ros2_msgs/include/marvelmind_ros2_msgs/marvelmind_ros2_msgs/msg/detail/hedge_quality__struct.h
[94.910s] -- Symlinking: /home/hutalia/ROS2_Hutalia/ros2_ws/install/marvelmind_ros2_msgs/include/marvelmind_ros2_msgs/marvelmind_ros2_msgs/msg/detail/hedge_quality__type_support.h
[94.958s] -- Symlinking: /home/hutalia/ROS2_Hutalia/ros2_ws/install/marvelmind_ros2_msgs/include/marvelmind_ros2_msgs/marvelmind_ros2_msgs/msg/detail/hedge_telemetry__functions.h
[95.001s] -- Symlinking: /home/hutalia/ROS2_Hutalia/ros2_ws/install/marvelmind_ros2_msgs/include/marvelmind_ros2_msgs/marvelmind_ros2_msgs/msg/detail/hedge_telemetry__struct.h
[95.045s] -- Symlinking: /home/hutalia/ROS2_Hutalia/ros2_ws/install/marvelmind_ros2_msgs/include/marvelmind_ros2_msgs/marvelmind_ros2_msgs/msg/detail/hedge_telemetry__type_support.h
[95.091s] -- Symlinking: /home/hutalia/ROS2_Hutalia/ros2_ws/install/marvelmind_ros2_msgs/include/marvelmind_ros2_msgs/marvelmind_ros2_msgs/msg/detail/marvelmind_user_data__functions.h
[95.134s] -- Symlinking: /home/hutalia/ROS2_Hutalia/ros2_ws/install/marvelmind_ros2_msgs/include/marvelmind_ros2_msgs/marvelmind_ros2_msgs/msg/detail/marvelmind_user_data__struct.h
[95.178s] -- Symlinking: /home/hutalia/ROS2_Hutalia/ros2_ws/install/marvelmind_ros2_msgs/include/marvelmind_ros2_msgs/marvelmind_ros2_msgs/msg/detail/marvelmind_user_data__type_support.h
[95.222s] -- Symlinking: /home/hutalia/ROS2_Hutalia/ros2_ws/install/marvelmind_ros2_msgs/include/marvelmind_ros2_msgs/marvelmind_ros2_msgs/msg/detail/marvelmind_waypoint__functions.h
[95.266s] -- Symlinking: /home/hutalia/ROS2_Hutalia/ros2_ws/install/marvelmind_ros2_msgs/include/marvelmind_ros2_msgs/marvelmind_ros2_msgs/msg/detail/marvelmind_waypoint__struct.h
[95.309s] -- Symlinking: /home/hutalia/ROS2_Hutalia/ros2_ws/install/marvelmind_ros2_msgs/include/marvelmind_ros2_msgs/marvelmind_ros2_msgs/msg/detail/marvelmind_waypoint__type_support.h
[95.353s] -- Symlinking: /home/hutalia/ROS2_Hutalia/ros2_ws/install/marvelmind_ros2_msgs/include/marvelmind_ros2_msgs/marvelmind_ros2_msgs/msg/hedge_imu_fusion.h
[95.396s] -- Symlinking: /home/hutalia/ROS2_Hutalia/ros2_ws/install/marvelmind_ros2_msgs/include/marvelmind_ros2_msgs/marvelmind_ros2_msgs/msg/hedge_imu_raw.h
[95.441s] -- Symlinking: /home/hutalia/ROS2_Hutalia/ros2_ws/install/marvelmind_ros2_msgs/include/marvelmind_ros2_msgs/marvelmind_ros2_msgs/msg/hedge_position.h
[95.484s] -- Symlinking: /home/hutalia/ROS2_Hutalia/ros2_ws/install/marvelmind_ros2_msgs/include/marvelmind_ros2_msgs/marvelmind_ros2_msgs/msg/hedge_position_addressed.h
[95.528s] -- Symlinking: /home/hutalia/ROS2_Hutalia/ros2_ws/install/marvelmind_ros2_msgs/include/marvelmind_ros2_msgs/marvelmind_ros2_msgs/msg/hedge_position_angle.h
[95.572s] -- Symlinking: /home/hutalia/ROS2_Hutalia/ros2_ws/install/marvelmind_ros2_msgs/include/marvelmind_ros2_msgs/marvelmind_ros2_msgs/msg/hedge_quality.h
[95.616s] -- Symlinking: /home/hutalia/ROS2_Hutalia/ros2_ws/install/marvelmind_ros2_msgs/include/marvelmind_ros2_msgs/marvelmind_ros2_msgs/msg/hedge_telemetry.h
[95.659s] -- Symlinking: /home/hutalia/ROS2_Hutalia/ros2_ws/install/marvelmind_ros2_msgs/include/marvelmind_ros2_msgs/marvelmind_ros2_msgs/msg/marvelmind_user_data.h
[95.704s] -- Symlinking: /home/hutalia/ROS2_Hutalia/ros2_ws/install/marvelmind_ros2_msgs/include/marvelmind_ros2_msgs/marvelmind_ros2_msgs/msg/marvelmind_waypoint.h
[95.749s] -- Symlinking: /home/hutalia/ROS2_Hutalia/ros2_ws/install/marvelmind_ros2_msgs/include/marvelmind_ros2_msgs/marvelmind_ros2_msgs/msg/rosidl_generator_c__visibility_control.h
[95.795s] -- Symlinking: /home/hutalia/ROS2_Hutalia/ros2_ws/install/marvelmind_ros2_msgs/include/marvelmind_ros2_msgs/marvelmind_ros2_msgs/srv/detail/marvelmind_api__functions.h
[95.848s] -- Symlinking: /home/hutalia/ROS2_Hutalia/ros2_ws/install/marvelmind_ros2_msgs/include/marvelmind_ros2_msgs/marvelmind_ros2_msgs/srv/detail/marvelmind_api__struct.h
[95.895s] -- Symlinking: /home/hutalia/ROS2_Hutalia/ros2_ws/install/marvelmind_ros2_msgs/include/marvelmind_ros2_msgs/marvelmind_ros2_msgs/srv/detail/marvelmind_api__type_support.h
[95.952s] -- Symlinking: /home/hutalia/ROS2_Hutalia/ros2_ws/install/marvelmind_ros2_msgs/include/marvelmind_ros2_msgs/marvelmind_ros2_msgs/srv/marvelmind_api.h
[96.001s] -- Symlinking: /home/hutalia/ROS2_Hutalia/ros2_ws/install/marvelmind_ros2_msgs/share/marvelmind_ros2_msgs/environment/library_path.sh
[96.052s] -- Symlinking: /home/hutalia/ROS2_Hutalia/ros2_ws/install/marvelmind_ros2_msgs/share/marvelmind_ros2_msgs/environment/library_path.dsv
[96.109s] -- Symlinking: /home/hutalia/ROS2_Hutalia/ros2_ws/install/marvelmind_ros2_msgs/include/marvelmind_ros2_msgs/marvelmind_ros2_msgs/msg/detail/beacon_distance__rosidl_typesupport_fastrtps_c.h
[96.154s] -- Symlinking: /home/hutalia/ROS2_Hutalia/ros2_ws/install/marvelmind_ros2_msgs/include/marvelmind_ros2_msgs/marvelmind_ros2_msgs/msg/detail/beacon_position_addressed__rosidl_typesupport_fastrtps_c.h
[96.202s] -- Symlinking: /home/hutalia/ROS2_Hutalia/ros2_ws/install/marvelmind_ros2_msgs/include/marvelmind_ros2_msgs/marvelmind_ros2_msgs/msg/detail/hedge_imu_fusion__rosidl_typesupport_fastrtps_c.h
[96.246s] -- Symlinking: /home/hutalia/ROS2_Hutalia/ros2_ws/install/marvelmind_ros2_msgs/include/marvelmind_ros2_msgs/marvelmind_ros2_msgs/msg/detail/hedge_imu_raw__rosidl_typesupport_fastrtps_c.h
[96.292s] -- Symlinking: /home/hutalia/ROS2_Hutalia/ros2_ws/install/marvelmind_ros2_msgs/include/marvelmind_ros2_msgs/marvelmind_ros2_msgs/msg/detail/hedge_position__rosidl_typesupport_fastrtps_c.h
[96.339s] -- Symlinking: /home/hutalia/ROS2_Hutalia/ros2_ws/install/marvelmind_ros2_msgs/include/marvelmind_ros2_msgs/marvelmind_ros2_msgs/msg/detail/hedge_position_addressed__rosidl_typesupport_fastrtps_c.h
[96.388s] -- Symlinking: /home/hutalia/ROS2_Hutalia/ros2_ws/install/marvelmind_ros2_msgs/include/marvelmind_ros2_msgs/marvelmind_ros2_msgs/msg/detail/hedge_position_angle__rosidl_typesupport_fastrtps_c.h
[96.436s] -- Symlinking: /home/hutalia/ROS2_Hutalia/ros2_ws/install/marvelmind_ros2_msgs/include/marvelmind_ros2_msgs/marvelmind_ros2_msgs/msg/detail/hedge_quality__rosidl_typesupport_fastrtps_c.h
[96.483s] -- Symlinking: /home/hutalia/ROS2_Hutalia/ros2_ws/install/marvelmind_ros2_msgs/include/marvelmind_ros2_msgs/marvelmind_ros2_msgs/msg/detail/hedge_telemetry__rosidl_typesupport_fastrtps_c.h
[96.533s] -- Symlinking: /home/hutalia/ROS2_Hutalia/ros2_ws/install/marvelmind_ros2_msgs/include/marvelmind_ros2_msgs/marvelmind_ros2_msgs/msg/detail/marvelmind_user_data__rosidl_typesupport_fastrtps_c.h
[96.583s] -- Symlinking: /home/hutalia/ROS2_Hutalia/ros2_ws/install/marvelmind_ros2_msgs/include/marvelmind_ros2_msgs/marvelmind_ros2_msgs/msg/detail/marvelmind_waypoint__rosidl_typesupport_fastrtps_c.h
[96.630s] -- Symlinking: /home/hutalia/ROS2_Hutalia/ros2_ws/install/marvelmind_ros2_msgs/include/marvelmind_ros2_msgs/marvelmind_ros2_msgs/msg/rosidl_typesupport_fastrtps_c__visibility_control.h
[96.686s] -- Symlinking: /home/hutalia/ROS2_Hutalia/ros2_ws/install/marvelmind_ros2_msgs/include/marvelmind_ros2_msgs/marvelmind_ros2_msgs/srv/detail/marvelmind_api__rosidl_typesupport_fastrtps_c.h
[96.761s] -- Symlinking: /home/hutalia/ROS2_Hutalia/ros2_ws/install/marvelmind_ros2_msgs/include/marvelmind_ros2_msgs/marvelmind_ros2_msgs/msg/detail/beacon_distance__rosidl_typesupport_introspection_c.h
[96.830s] -- Symlinking: /home/hutalia/ROS2_Hutalia/ros2_ws/install/marvelmind_ros2_msgs/include/marvelmind_ros2_msgs/marvelmind_ros2_msgs/msg/detail/beacon_position_addressed__rosidl_typesupport_introspection_c.h
[96.876s] -- Symlinking: /home/hutalia/ROS2_Hutalia/ros2_ws/install/marvelmind_ros2_msgs/include/marvelmind_ros2_msgs/marvelmind_ros2_msgs/msg/detail/hedge_imu_fusion__rosidl_typesupport_introspection_c.h
[96.920s] -- Symlinking: /home/hutalia/ROS2_Hutalia/ros2_ws/install/marvelmind_ros2_msgs/include/marvelmind_ros2_msgs/marvelmind_ros2_msgs/msg/detail/hedge_imu_raw__rosidl_typesupport_introspection_c.h
[96.965s] -- Symlinking: /home/hutalia/ROS2_Hutalia/ros2_ws/install/marvelmind_ros2_msgs/include/marvelmind_ros2_msgs/marvelmind_ros2_msgs/msg/detail/hedge_position__rosidl_typesupport_introspection_c.h
[97.009s] -- Symlinking: /home/hutalia/ROS2_Hutalia/ros2_ws/install/marvelmind_ros2_msgs/include/marvelmind_ros2_msgs/marvelmind_ros2_msgs/msg/detail/hedge_position_addressed__rosidl_typesupport_introspection_c.h
[97.053s] -- Symlinking: /home/hutalia/ROS2_Hutalia/ros2_ws/install/marvelmind_ros2_msgs/include/marvelmind_ros2_msgs/marvelmind_ros2_msgs/msg/detail/hedge_position_angle__rosidl_typesupport_introspection_c.h
[97.097s] -- Symlinking: /home/hutalia/ROS2_Hutalia/ros2_ws/install/marvelmind_ros2_msgs/include/marvelmind_ros2_msgs/marvelmind_ros2_msgs/msg/detail/hedge_quality__rosidl_typesupport_introspection_c.h
[97.142s] -- Symlinking: /home/hutalia/ROS2_Hutalia/ros2_ws/install/marvelmind_ros2_msgs/include/marvelmind_ros2_msgs/marvelmind_ros2_msgs/msg/detail/hedge_telemetry__rosidl_typesupport_introspection_c.h
[97.185s] -- Symlinking: /home/hutalia/ROS2_Hutalia/ros2_ws/install/marvelmind_ros2_msgs/include/marvelmind_ros2_msgs/marvelmind_ros2_msgs/msg/detail/marvelmind_user_data__rosidl_typesupport_introspection_c.h
[97.229s] -- Symlinking: /home/hutalia/ROS2_Hutalia/ros2_ws/install/marvelmind_ros2_msgs/include/marvelmind_ros2_msgs/marvelmind_ros2_msgs/msg/detail/marvelmind_waypoint__rosidl_typesupport_introspection_c.h
[97.273s] -- Symlinking: /home/hutalia/ROS2_Hutalia/ros2_ws/install/marvelmind_ros2_msgs/include/marvelmind_ros2_msgs/marvelmind_ros2_msgs/msg/rosidl_typesupport_introspection_c__visibility_control.h
[97.317s] -- Symlinking: /home/hutalia/ROS2_Hutalia/ros2_ws/install/marvelmind_ros2_msgs/include/marvelmind_ros2_msgs/marvelmind_ros2_msgs/srv/detail/marvelmind_api__rosidl_typesupport_introspection_c.h
[97.370s] -- Symlinking: /home/hutalia/ROS2_Hutalia/ros2_ws/install/marvelmind_ros2_msgs/include/marvelmind_ros2_msgs/marvelmind_ros2_msgs/msg/beacon_distance.hpp
[97.414s] -- Symlinking: /home/hutalia/ROS2_Hutalia/ros2_ws/install/marvelmind_ros2_msgs/include/marvelmind_ros2_msgs/marvelmind_ros2_msgs/msg/beacon_position_addressed.hpp
[97.457s] -- Symlinking: /home/hutalia/ROS2_Hutalia/ros2_ws/install/marvelmind_ros2_msgs/include/marvelmind_ros2_msgs/marvelmind_ros2_msgs/msg/detail/beacon_distance__builder.hpp
[97.503s] -- Symlinking: /home/hutalia/ROS2_Hutalia/ros2_ws/install/marvelmind_ros2_msgs/include/marvelmind_ros2_msgs/marvelmind_ros2_msgs/msg/detail/beacon_distance__struct.hpp
[97.547s] -- Symlinking: /home/hutalia/ROS2_Hutalia/ros2_ws/install/marvelmind_ros2_msgs/include/marvelmind_ros2_msgs/marvelmind_ros2_msgs/msg/detail/beacon_distance__traits.hpp
[97.590s] -- Symlinking: /home/hutalia/ROS2_Hutalia/ros2_ws/install/marvelmind_ros2_msgs/include/marvelmind_ros2_msgs/marvelmind_ros2_msgs/msg/detail/beacon_distance__type_support.hpp
[97.634s] -- Symlinking: /home/hutalia/ROS2_Hutalia/ros2_ws/install/marvelmind_ros2_msgs/include/marvelmind_ros2_msgs/marvelmind_ros2_msgs/msg/detail/beacon_position_addressed__builder.hpp
[97.679s] -- Symlinking: /home/hutalia/ROS2_Hutalia/ros2_ws/install/marvelmind_ros2_msgs/include/marvelmind_ros2_msgs/marvelmind_ros2_msgs/msg/detail/beacon_position_addressed__struct.hpp
[97.722s] -- Symlinking: /home/hutalia/ROS2_Hutalia/ros2_ws/install/marvelmind_ros2_msgs/include/marvelmind_ros2_msgs/marvelmind_ros2_msgs/msg/detail/beacon_position_addressed__traits.hpp
[97.767s] -- Symlinking: /home/hutalia/ROS2_Hutalia/ros2_ws/install/marvelmind_ros2_msgs/include/marvelmind_ros2_msgs/marvelmind_ros2_msgs/msg/detail/beacon_position_addressed__type_support.hpp
[97.811s] -- Symlinking: /home/hutalia/ROS2_Hutalia/ros2_ws/install/marvelmind_ros2_msgs/include/marvelmind_ros2_msgs/marvelmind_ros2_msgs/msg/detail/hedge_imu_fusion__builder.hpp
[97.856s] -- Symlinking: /home/hutalia/ROS2_Hutalia/ros2_ws/install/marvelmind_ros2_msgs/include/marvelmind_ros2_msgs/marvelmind_ros2_msgs/msg/detail/hedge_imu_fusion__struct.hpp
[97.900s] -- Symlinking: /home/hutalia/ROS2_Hutalia/ros2_ws/install/marvelmind_ros2_msgs/include/marvelmind_ros2_msgs/marvelmind_ros2_msgs/msg/detail/hedge_imu_fusion__traits.hpp
[97.943s] -- Symlinking: /home/hutalia/ROS2_Hutalia/ros2_ws/install/marvelmind_ros2_msgs/include/marvelmind_ros2_msgs/marvelmind_ros2_msgs/msg/detail/hedge_imu_fusion__type_support.hpp
[97.987s] -- Symlinking: /home/hutalia/ROS2_Hutalia/ros2_ws/install/marvelmind_ros2_msgs/include/marvelmind_ros2_msgs/marvelmind_ros2_msgs/msg/detail/hedge_imu_raw__builder.hpp
[98.032s] -- Symlinking: /home/hutalia/ROS2_Hutalia/ros2_ws/install/marvelmind_ros2_msgs/include/marvelmind_ros2_msgs/marvelmind_ros2_msgs/msg/detail/hedge_imu_raw__struct.hpp
[98.077s] -- Symlinking: /home/hutalia/ROS2_Hutalia/ros2_ws/install/marvelmind_ros2_msgs/include/marvelmind_ros2_msgs/marvelmind_ros2_msgs/msg/detail/hedge_imu_raw__traits.hpp
[98.122s] -- Symlinking: /home/hutalia/ROS2_Hutalia/ros2_ws/install/marvelmind_ros2_msgs/include/marvelmind_ros2_msgs/marvelmind_ros2_msgs/msg/detail/hedge_imu_raw__type_support.hpp
[98.166s] -- Symlinking: /home/hutalia/ROS2_Hutalia/ros2_ws/install/marvelmind_ros2_msgs/include/marvelmind_ros2_msgs/marvelmind_ros2_msgs/msg/detail/hedge_position__builder.hpp
[98.211s] -- Symlinking: /home/hutalia/ROS2_Hutalia/ros2_ws/install/marvelmind_ros2_msgs/include/marvelmind_ros2_msgs/marvelmind_ros2_msgs/msg/detail/hedge_position__struct.hpp
[98.254s] -- Symlinking: /home/hutalia/ROS2_Hutalia/ros2_ws/install/marvelmind_ros2_msgs/include/marvelmind_ros2_msgs/marvelmind_ros2_msgs/msg/detail/hedge_position__traits.hpp
[98.297s] -- Symlinking: /home/hutalia/ROS2_Hutalia/ros2_ws/install/marvelmind_ros2_msgs/include/marvelmind_ros2_msgs/marvelmind_ros2_msgs/msg/detail/hedge_position__type_support.hpp
[98.341s] -- Symlinking: /home/hutalia/ROS2_Hutalia/ros2_ws/install/marvelmind_ros2_msgs/include/marvelmind_ros2_msgs/marvelmind_ros2_msgs/msg/detail/hedge_position_addressed__builder.hpp
[98.386s] -- Symlinking: /home/hutalia/ROS2_Hutalia/ros2_ws/install/marvelmind_ros2_msgs/include/marvelmind_ros2_msgs/marvelmind_ros2_msgs/msg/detail/hedge_position_addressed__struct.hpp
[98.430s] -- Symlinking: /home/hutalia/ROS2_Hutalia/ros2_ws/install/marvelmind_ros2_msgs/include/marvelmind_ros2_msgs/marvelmind_ros2_msgs/msg/detail/hedge_position_addressed__traits.hpp
[98.474s] -- Symlinking: /home/hutalia/ROS2_Hutalia/ros2_ws/install/marvelmind_ros2_msgs/include/marvelmind_ros2_msgs/marvelmind_ros2_msgs/msg/detail/hedge_position_addressed__type_support.hpp
[98.520s] -- Symlinking: /home/hutalia/ROS2_Hutalia/ros2_ws/install/marvelmind_ros2_msgs/include/marvelmind_ros2_msgs/marvelmind_ros2_msgs/msg/detail/hedge_position_angle__builder.hpp
[98.563s] -- Symlinking: /home/hutalia/ROS2_Hutalia/ros2_ws/install/marvelmind_ros2_msgs/include/marvelmind_ros2_msgs/marvelmind_ros2_msgs/msg/detail/hedge_position_angle__struct.hpp
[98.608s] -- Symlinking: /home/hutalia/ROS2_Hutalia/ros2_ws/install/marvelmind_ros2_msgs/include/marvelmind_ros2_msgs/marvelmind_ros2_msgs/msg/detail/hedge_position_angle__traits.hpp
[98.652s] -- Symlinking: /home/hutalia/ROS2_Hutalia/ros2_ws/install/marvelmind_ros2_msgs/include/marvelmind_ros2_msgs/marvelmind_ros2_msgs/msg/detail/hedge_position_angle__type_support.hpp
[98.696s] -- Symlinking: /home/hutalia/ROS2_Hutalia/ros2_ws/install/marvelmind_ros2_msgs/include/marvelmind_ros2_msgs/marvelmind_ros2_msgs/msg/detail/hedge_quality__builder.hpp
[98.744s] -- Symlinking: /home/hutalia/ROS2_Hutalia/ros2_ws/install/marvelmind_ros2_msgs/include/marvelmind_ros2_msgs/marvelmind_ros2_msgs/msg/detail/hedge_quality__struct.hpp
[98.787s] -- Symlinking: /home/hutalia/ROS2_Hutalia/ros2_ws/install/marvelmind_ros2_msgs/include/marvelmind_ros2_msgs/marvelmind_ros2_msgs/msg/detail/hedge_quality__traits.hpp
[98.835s] -- Symlinking: /home/hutalia/ROS2_Hutalia/ros2_ws/install/marvelmind_ros2_msgs/include/marvelmind_ros2_msgs/marvelmind_ros2_msgs/msg/detail/hedge_quality__type_support.hpp
[98.880s] -- Symlinking: /home/hutalia/ROS2_Hutalia/ros2_ws/install/marvelmind_ros2_msgs/include/marvelmind_ros2_msgs/marvelmind_ros2_msgs/msg/detail/hedge_telemetry__builder.hpp
[98.924s] -- Symlinking: /home/hutalia/ROS2_Hutalia/ros2_ws/install/marvelmind_ros2_msgs/include/marvelmind_ros2_msgs/marvelmind_ros2_msgs/msg/detail/hedge_telemetry__struct.hpp
[98.969s] -- Symlinking: /home/hutalia/ROS2_Hutalia/ros2_ws/install/marvelmind_ros2_msgs/include/marvelmind_ros2_msgs/marvelmind_ros2_msgs/msg/detail/hedge_telemetry__traits.hpp
[99.014s] -- Symlinking: /home/hutalia/ROS2_Hutalia/ros2_ws/install/marvelmind_ros2_msgs/include/marvelmind_ros2_msgs/marvelmind_ros2_msgs/msg/detail/hedge_telemetry__type_support.hpp
[99.058s] -- Symlinking: /home/hutalia/ROS2_Hutalia/ros2_ws/install/marvelmind_ros2_msgs/include/marvelmind_ros2_msgs/marvelmind_ros2_msgs/msg/detail/marvelmind_user_data__builder.hpp
[99.102s] -- Symlinking: /home/hutalia/ROS2_Hutalia/ros2_ws/install/marvelmind_ros2_msgs/include/marvelmind_ros2_msgs/marvelmind_ros2_msgs/msg/detail/marvelmind_user_data__struct.hpp
[99.146s] -- Symlinking: /home/hutalia/ROS2_Hutalia/ros2_ws/install/marvelmind_ros2_msgs/include/marvelmind_ros2_msgs/marvelmind_ros2_msgs/msg/detail/marvelmind_user_data__traits.hpp
[99.190s] -- Symlinking: /home/hutalia/ROS2_Hutalia/ros2_ws/install/marvelmind_ros2_msgs/include/marvelmind_ros2_msgs/marvelmind_ros2_msgs/msg/detail/marvelmind_user_data__type_support.hpp
[99.235s] -- Symlinking: /home/hutalia/ROS2_Hutalia/ros2_ws/install/marvelmind_ros2_msgs/include/marvelmind_ros2_msgs/marvelmind_ros2_msgs/msg/detail/marvelmind_waypoint__builder.hpp
[99.278s] -- Symlinking: /home/hutalia/ROS2_Hutalia/ros2_ws/install/marvelmind_ros2_msgs/include/marvelmind_ros2_msgs/marvelmind_ros2_msgs/msg/detail/marvelmind_waypoint__struct.hpp
[99.322s] -- Symlinking: /home/hutalia/ROS2_Hutalia/ros2_ws/install/marvelmind_ros2_msgs/include/marvelmind_ros2_msgs/marvelmind_ros2_msgs/msg/detail/marvelmind_waypoint__traits.hpp
[99.366s] -- Symlinking: /home/hutalia/ROS2_Hutalia/ros2_ws/install/marvelmind_ros2_msgs/include/marvelmind_ros2_msgs/marvelmind_ros2_msgs/msg/detail/marvelmind_waypoint__type_support.hpp
[99.410s] -- Symlinking: /home/hutalia/ROS2_Hutalia/ros2_ws/install/marvelmind_ros2_msgs/include/marvelmind_ros2_msgs/marvelmind_ros2_msgs/msg/hedge_imu_fusion.hpp
[99.453s] -- Symlinking: /home/hutalia/ROS2_Hutalia/ros2_ws/install/marvelmind_ros2_msgs/include/marvelmind_ros2_msgs/marvelmind_ros2_msgs/msg/hedge_imu_raw.hpp
[99.498s] -- Symlinking: /home/hutalia/ROS2_Hutalia/ros2_ws/install/marvelmind_ros2_msgs/include/marvelmind_ros2_msgs/marvelmind_ros2_msgs/msg/hedge_position.hpp
[99.542s] -- Symlinking: /home/hutalia/ROS2_Hutalia/ros2_ws/install/marvelmind_ros2_msgs/include/marvelmind_ros2_msgs/marvelmind_ros2_msgs/msg/hedge_position_addressed.hpp
[99.586s] -- Symlinking: /home/hutalia/ROS2_Hutalia/ros2_ws/install/marvelmind_ros2_msgs/include/marvelmind_ros2_msgs/marvelmind_ros2_msgs/msg/hedge_position_angle.hpp
[99.630s] -- Symlinking: /home/hutalia/ROS2_Hutalia/ros2_ws/install/marvelmind_ros2_msgs/include/marvelmind_ros2_msgs/marvelmind_ros2_msgs/msg/hedge_quality.hpp
[99.673s] -- Symlinking: /home/hutalia/ROS2_Hutalia/ros2_ws/install/marvelmind_ros2_msgs/include/marvelmind_ros2_msgs/marvelmind_ros2_msgs/msg/hedge_telemetry.hpp
[99.719s] -- Symlinking: /home/hutalia/ROS2_Hutalia/ros2_ws/install/marvelmind_ros2_msgs/include/marvelmind_ros2_msgs/marvelmind_ros2_msgs/msg/marvelmind_user_data.hpp
[99.763s] -- Symlinking: /home/hutalia/ROS2_Hutalia/ros2_ws/install/marvelmind_ros2_msgs/include/marvelmind_ros2_msgs/marvelmind_ros2_msgs/msg/marvelmind_waypoint.hpp
[99.807s] -- Symlinking: /home/hutalia/ROS2_Hutalia/ros2_ws/install/marvelmind_ros2_msgs/include/marvelmind_ros2_msgs/marvelmind_ros2_msgs/msg/rosidl_generator_cpp__visibility_control.hpp
[99.851s] -- Symlinking: /home/hutalia/ROS2_Hutalia/ros2_ws/install/marvelmind_ros2_msgs/include/marvelmind_ros2_msgs/marvelmind_ros2_msgs/srv/detail/marvelmind_api__builder.hpp
[99.895s] -- Symlinking: /home/hutalia/ROS2_Hutalia/ros2_ws/install/marvelmind_ros2_msgs/include/marvelmind_ros2_msgs/marvelmind_ros2_msgs/srv/detail/marvelmind_api__struct.hpp
[99.940s] -- Symlinking: /home/hutalia/ROS2_Hutalia/ros2_ws/install/marvelmind_ros2_msgs/include/marvelmind_ros2_msgs/marvelmind_ros2_msgs/srv/detail/marvelmind_api__traits.hpp
[99.985s] -- Symlinking: /home/hutalia/ROS2_Hutalia/ros2_ws/install/marvelmind_ros2_msgs/include/marvelmind_ros2_msgs/marvelmind_ros2_msgs/srv/detail/marvelmind_api__type_support.hpp
[100.030s] -- Symlinking: /home/hutalia/ROS2_Hutalia/ros2_ws/install/marvelmind_ros2_msgs/include/marvelmind_ros2_msgs/marvelmind_ros2_msgs/srv/marvelmind_api.hpp
[100.081s] -- Symlinking: /home/hutalia/ROS2_Hutalia/ros2_ws/install/marvelmind_ros2_msgs/include/marvelmind_ros2_msgs/marvelmind_ros2_msgs/msg/detail/beacon_distance__rosidl_typesupport_fastrtps_cpp.hpp
[100.124s] -- Symlinking: /home/hutalia/ROS2_Hutalia/ros2_ws/install/marvelmind_ros2_msgs/include/marvelmind_ros2_msgs/marvelmind_ros2_msgs/msg/detail/beacon_position_addressed__rosidl_typesupport_fastrtps_cpp.hpp
[100.169s] -- Symlinking: /home/hutalia/ROS2_Hutalia/ros2_ws/install/marvelmind_ros2_msgs/include/marvelmind_ros2_msgs/marvelmind_ros2_msgs/msg/detail/hedge_imu_fusion__rosidl_typesupport_fastrtps_cpp.hpp
[100.214s] -- Symlinking: /home/hutalia/ROS2_Hutalia/ros2_ws/install/marvelmind_ros2_msgs/include/marvelmind_ros2_msgs/marvelmind_ros2_msgs/msg/detail/hedge_imu_raw__rosidl_typesupport_fastrtps_cpp.hpp
[100.258s] -- Symlinking: /home/hutalia/ROS2_Hutalia/ros2_ws/install/marvelmind_ros2_msgs/include/marvelmind_ros2_msgs/marvelmind_ros2_msgs/msg/detail/hedge_position__rosidl_typesupport_fastrtps_cpp.hpp
[100.302s] -- Symlinking: /home/hutalia/ROS2_Hutalia/ros2_ws/install/marvelmind_ros2_msgs/include/marvelmind_ros2_msgs/marvelmind_ros2_msgs/msg/detail/hedge_position_addressed__rosidl_typesupport_fastrtps_cpp.hpp
[100.347s] -- Symlinking: /home/hutalia/ROS2_Hutalia/ros2_ws/install/marvelmind_ros2_msgs/include/marvelmind_ros2_msgs/marvelmind_ros2_msgs/msg/detail/hedge_position_angle__rosidl_typesupport_fastrtps_cpp.hpp
[100.390s] -- Symlinking: /home/hutalia/ROS2_Hutalia/ros2_ws/install/marvelmind_ros2_msgs/include/marvelmind_ros2_msgs/marvelmind_ros2_msgs/msg/detail/hedge_quality__rosidl_typesupport_fastrtps_cpp.hpp
[100.434s] -- Symlinking: /home/hutalia/ROS2_Hutalia/ros2_ws/install/marvelmind_ros2_msgs/include/marvelmind_ros2_msgs/marvelmind_ros2_msgs/msg/detail/hedge_telemetry__rosidl_typesupport_fastrtps_cpp.hpp
[100.477s] -- Symlinking: /home/hutalia/ROS2_Hutalia/ros2_ws/install/marvelmind_ros2_msgs/include/marvelmind_ros2_msgs/marvelmind_ros2_msgs/msg/detail/marvelmind_user_data__rosidl_typesupport_fastrtps_cpp.hpp
[100.521s] -- Symlinking: /home/hutalia/ROS2_Hutalia/ros2_ws/install/marvelmind_ros2_msgs/include/marvelmind_ros2_msgs/marvelmind_ros2_msgs/msg/detail/marvelmind_waypoint__rosidl_typesupport_fastrtps_cpp.hpp
[100.565s] -- Symlinking: /home/hutalia/ROS2_Hutalia/ros2_ws/install/marvelmind_ros2_msgs/include/marvelmind_ros2_msgs/marvelmind_ros2_msgs/msg/rosidl_typesupport_fastrtps_cpp__visibility_control.h
[100.609s] -- Symlinking: /home/hutalia/ROS2_Hutalia/ros2_ws/install/marvelmind_ros2_msgs/include/marvelmind_ros2_msgs/marvelmind_ros2_msgs/srv/detail/marvelmind_api__rosidl_typesupport_fastrtps_cpp.hpp
[100.657s] -- Symlinking: /home/hutalia/ROS2_Hutalia/ros2_ws/install/marvelmind_ros2_msgs/include/marvelmind_ros2_msgs/marvelmind_ros2_msgs/msg/detail/beacon_distance__rosidl_typesupport_introspection_cpp.hpp
[100.704s] -- Symlinking: /home/hutalia/ROS2_Hutalia/ros2_ws/install/marvelmind_ros2_msgs/include/marvelmind_ros2_msgs/marvelmind_ros2_msgs/msg/detail/beacon_position_addressed__rosidl_typesupport_introspection_cpp.hpp
[100.750s] -- Symlinking: /home/hutalia/ROS2_Hutalia/ros2_ws/install/marvelmind_ros2_msgs/include/marvelmind_ros2_msgs/marvelmind_ros2_msgs/msg/detail/hedge_imu_fusion__rosidl_typesupport_introspection_cpp.hpp
[100.793s] -- Symlinking: /home/hutalia/ROS2_Hutalia/ros2_ws/install/marvelmind_ros2_msgs/include/marvelmind_ros2_msgs/marvelmind_ros2_msgs/msg/detail/hedge_imu_raw__rosidl_typesupport_introspection_cpp.hpp
[100.837s] -- Symlinking: /home/hutalia/ROS2_Hutalia/ros2_ws/install/marvelmind_ros2_msgs/include/marvelmind_ros2_msgs/marvelmind_ros2_msgs/msg/detail/hedge_position__rosidl_typesupport_introspection_cpp.hpp
[100.881s] -- Symlinking: /home/hutalia/ROS2_Hutalia/ros2_ws/install/marvelmind_ros2_msgs/include/marvelmind_ros2_msgs/marvelmind_ros2_msgs/msg/detail/hedge_position_addressed__rosidl_typesupport_introspection_cpp.hpp
[100.925s] -- Symlinking: /home/hutalia/ROS2_Hutalia/ros2_ws/install/marvelmind_ros2_msgs/include/marvelmind_ros2_msgs/marvelmind_ros2_msgs/msg/detail/hedge_position_angle__rosidl_typesupport_introspection_cpp.hpp
[100.969s] -- Symlinking: /home/hutalia/ROS2_Hutalia/ros2_ws/install/marvelmind_ros2_msgs/include/marvelmind_ros2_msgs/marvelmind_ros2_msgs/msg/detail/hedge_quality__rosidl_typesupport_introspection_cpp.hpp
[101.013s] -- Symlinking: /home/hutalia/ROS2_Hutalia/ros2_ws/install/marvelmind_ros2_msgs/include/marvelmind_ros2_msgs/marvelmind_ros2_msgs/msg/detail/hedge_telemetry__rosidl_typesupport_introspection_cpp.hpp
[101.057s] -- Symlinking: /home/hutalia/ROS2_Hutalia/ros2_ws/install/marvelmind_ros2_msgs/include/marvelmind_ros2_msgs/marvelmind_ros2_msgs/msg/detail/marvelmind_user_data__rosidl_typesupport_introspection_cpp.hpp
[101.101s] -- Symlinking: /home/hutalia/ROS2_Hutalia/ros2_ws/install/marvelmind_ros2_msgs/include/marvelmind_ros2_msgs/marvelmind_ros2_msgs/msg/detail/marvelmind_waypoint__rosidl_typesupport_introspection_cpp.hpp
[101.145s] -- Symlinking: /home/hutalia/ROS2_Hutalia/ros2_ws/install/marvelmind_ros2_msgs/include/marvelmind_ros2_msgs/marvelmind_ros2_msgs/srv/detail/marvelmind_api__rosidl_typesupport_introspection_cpp.hpp
[101.190s] -- Symlinking: /home/hutalia/ROS2_Hutalia/ros2_ws/install/marvelmind_ros2_msgs/share/marvelmind_ros2_msgs/environment/pythonpath.sh
[101.234s] -- Symlinking: /home/hutalia/ROS2_Hutalia/ros2_ws/install/marvelmind_ros2_msgs/share/marvelmind_ros2_msgs/environment/pythonpath.dsv
[101.279s] -- Symlinking: /home/hutalia/ROS2_Hutalia/ros2_ws/install/marvelmind_ros2_msgs/lib/python3.12/site-packages/marvelmind_ros2_msgs-1.0.2-py3.12.egg-info/PKG-INFO
[101.325s] -- Symlinking: /home/hutalia/ROS2_Hutalia/ros2_ws/install/marvelmind_ros2_msgs/lib/python3.12/site-packages/marvelmind_ros2_msgs-1.0.2-py3.12.egg-info/SOURCES.txt
[101.369s] -- Symlinking: /home/hutalia/ROS2_Hutalia/ros2_ws/install/marvelmind_ros2_msgs/lib/python3.12/site-packages/marvelmind_ros2_msgs-1.0.2-py3.12.egg-info/dependency_links.txt
[101.413s] -- Symlinking: /home/hutalia/ROS2_Hutalia/ros2_ws/install/marvelmind_ros2_msgs/lib/python3.12/site-packages/marvelmind_ros2_msgs-1.0.2-py3.12.egg-info/top_level.txt
[101.466s] -- Symlinking: /home/hutalia/ROS2_Hutalia/ros2_ws/install/marvelmind_ros2_msgs/lib/python3.12/site-packages/marvelmind_ros2_msgs/__init__.py
[101.510s] -- Symlinking: /home/hutalia/ROS2_Hutalia/ros2_ws/install/marvelmind_ros2_msgs/lib/python3.12/site-packages/marvelmind_ros2_msgs/_marvelmind_ros2_msgs_s.ep.rosidl_typesupport_c.c
[101.556s] -- Symlinking: /home/hutalia/ROS2_Hutalia/ros2_ws/install/marvelmind_ros2_msgs/lib/python3.12/site-packages/marvelmind_ros2_msgs/_marvelmind_ros2_msgs_s.ep.rosidl_typesupport_fastrtps_c.c
[101.600s] -- Symlinking: /home/hutalia/ROS2_Hutalia/ros2_ws/install/marvelmind_ros2_msgs/lib/python3.12/site-packages/marvelmind_ros2_msgs/_marvelmind_ros2_msgs_s.ep.rosidl_typesupport_introspection_c.c
[101.645s] -- Symlinking: /home/hutalia/ROS2_Hutalia/ros2_ws/install/marvelmind_ros2_msgs/lib/python3.12/site-packages/marvelmind_ros2_msgs/marvelmind_ros2_msgs_s__rosidl_typesupport_c.so
[101.688s] -- Symlinking: /home/hutalia/ROS2_Hutalia/ros2_ws/install/marvelmind_ros2_msgs/lib/python3.12/site-packages/marvelmind_ros2_msgs/marvelmind_ros2_msgs_s__rosidl_typesupport_fastrtps_c.so
[101.732s] -- Symlinking: /home/hutalia/ROS2_Hutalia/ros2_ws/install/marvelmind_ros2_msgs/lib/python3.12/site-packages/marvelmind_ros2_msgs/marvelmind_ros2_msgs_s__rosidl_typesupport_introspection_c.so
[101.775s] -- Symlinking: /home/hutalia/ROS2_Hutalia/ros2_ws/install/marvelmind_ros2_msgs/lib/python3.12/site-packages/marvelmind_ros2_msgs/msg/__init__.py
[101.820s] -- Symlinking: /home/hutalia/ROS2_Hutalia/ros2_ws/install/marvelmind_ros2_msgs/lib/python3.12/site-packages/marvelmind_ros2_msgs/msg/_beacon_distance.py
[101.864s] -- Symlinking: /home/hutalia/ROS2_Hutalia/ros2_ws/install/marvelmind_ros2_msgs/lib/python3.12/site-packages/marvelmind_ros2_msgs/msg/_beacon_distance_s.c
[101.909s] -- Symlinking: /home/hutalia/ROS2_Hutalia/ros2_ws/install/marvelmind_ros2_msgs/lib/python3.12/site-packages/marvelmind_ros2_msgs/msg/_beacon_position_addressed.py
[101.952s] -- Symlinking: /home/hutalia/ROS2_Hutalia/ros2_ws/install/marvelmind_ros2_msgs/lib/python3.12/site-packages/marvelmind_ros2_msgs/msg/_beacon_position_addressed_s.c
[101.998s] -- Symlinking: /home/hutalia/ROS2_Hutalia/ros2_ws/install/marvelmind_ros2_msgs/lib/python3.12/site-packages/marvelmind_ros2_msgs/msg/_hedge_imu_fusion.py
[102.044s] -- Symlinking: /home/hutalia/ROS2_Hutalia/ros2_ws/install/marvelmind_ros2_msgs/lib/python3.12/site-packages/marvelmind_ros2_msgs/msg/_hedge_imu_fusion_s.c
[102.093s] -- Symlinking: /home/hutalia/ROS2_Hutalia/ros2_ws/install/marvelmind_ros2_msgs/lib/python3.12/site-packages/marvelmind_ros2_msgs/msg/_hedge_imu_raw.py
[102.141s] -- Symlinking: /home/hutalia/ROS2_Hutalia/ros2_ws/install/marvelmind_ros2_msgs/lib/python3.12/site-packages/marvelmind_ros2_msgs/msg/_hedge_imu_raw_s.c
[102.188s] -- Symlinking: /home/hutalia/ROS2_Hutalia/ros2_ws/install/marvelmind_ros2_msgs/lib/python3.12/site-packages/marvelmind_ros2_msgs/msg/_hedge_position.py
[102.234s] -- Symlinking: /home/hutalia/ROS2_Hutalia/ros2_ws/install/marvelmind_ros2_msgs/lib/python3.12/site-packages/marvelmind_ros2_msgs/msg/_hedge_position_addressed.py
[102.279s] -- Symlinking: /home/hutalia/ROS2_Hutalia/ros2_ws/install/marvelmind_ros2_msgs/lib/python3.12/site-packages/marvelmind_ros2_msgs/msg/_hedge_position_addressed_s.c
[102.325s] -- Symlinking: /home/hutalia/ROS2_Hutalia/ros2_ws/install/marvelmind_ros2_msgs/lib/python3.12/site-packages/marvelmind_ros2_msgs/msg/_hedge_position_angle.py
[102.370s] -- Symlinking: /home/hutalia/ROS2_Hutalia/ros2_ws/install/marvelmind_ros2_msgs/lib/python3.12/site-packages/marvelmind_ros2_msgs/msg/_hedge_position_angle_s.c
[102.416s] -- Symlinking: /home/hutalia/ROS2_Hutalia/ros2_ws/install/marvelmind_ros2_msgs/lib/python3.12/site-packages/marvelmind_ros2_msgs/msg/_hedge_position_s.c
[102.461s] -- Symlinking: /home/hutalia/ROS2_Hutalia/ros2_ws/install/marvelmind_ros2_msgs/lib/python3.12/site-packages/marvelmind_ros2_msgs/msg/_hedge_quality.py
[102.506s] -- Symlinking: /home/hutalia/ROS2_Hutalia/ros2_ws/install/marvelmind_ros2_msgs/lib/python3.12/site-packages/marvelmind_ros2_msgs/msg/_hedge_quality_s.c
[102.553s] -- Symlinking: /home/hutalia/ROS2_Hutalia/ros2_ws/install/marvelmind_ros2_msgs/lib/python3.12/site-packages/marvelmind_ros2_msgs/msg/_hedge_telemetry.py
[102.602s] -- Symlinking: /home/hutalia/ROS2_Hutalia/ros2_ws/install/marvelmind_ros2_msgs/lib/python3.12/site-packages/marvelmind_ros2_msgs/msg/_hedge_telemetry_s.c
[102.654s] -- Symlinking: /home/hutalia/ROS2_Hutalia/ros2_ws/install/marvelmind_ros2_msgs/lib/python3.12/site-packages/marvelmind_ros2_msgs/msg/_marvelmind_user_data.py
[102.701s] -- Symlinking: /home/hutalia/ROS2_Hutalia/ros2_ws/install/marvelmind_ros2_msgs/lib/python3.12/site-packages/marvelmind_ros2_msgs/msg/_marvelmind_user_data_s.c
[102.750s] -- Symlinking: /home/hutalia/ROS2_Hutalia/ros2_ws/install/marvelmind_ros2_msgs/lib/python3.12/site-packages/marvelmind_ros2_msgs/msg/_marvelmind_waypoint.py
[102.803s] -- Symlinking: /home/hutalia/ROS2_Hutalia/ros2_ws/install/marvelmind_ros2_msgs/lib/python3.12/site-packages/marvelmind_ros2_msgs/msg/_marvelmind_waypoint_s.c
[102.853s] -- Symlinking: /home/hutalia/ROS2_Hutalia/ros2_ws/install/marvelmind_ros2_msgs/lib/python3.12/site-packages/marvelmind_ros2_msgs/srv/__init__.py
[102.901s] -- Symlinking: /home/hutalia/ROS2_Hutalia/ros2_ws/install/marvelmind_ros2_msgs/lib/python3.12/site-packages/marvelmind_ros2_msgs/srv/_marvelmind_api.py
[102.971s] -- Symlinking: /home/hutalia/ROS2_Hutalia/ros2_ws/install/marvelmind_ros2_msgs/lib/python3.12/site-packages/marvelmind_ros2_msgs/srv/_marvelmind_api_s.c
[103.038s] -- Up-to-date symlink: /home/hutalia/ROS2_Hutalia/ros2_ws/install/marvelmind_ros2_msgs/lib/python3.12/site-packages/marvelmind_ros2_msgs/marvelmind_ros2_msgs_s__rosidl_typesupport_fastrtps_c.so
[103.041s] -- Up-to-date symlink: /home/hutalia/ROS2_Hutalia/ros2_ws/install/marvelmind_ros2_msgs/lib/python3.12/site-packages/marvelmind_ros2_msgs/marvelmind_ros2_msgs_s__rosidl_typesupport_introspection_c.so
[103.043s] -- Up-to-date symlink: /home/hutalia/ROS2_Hutalia/ros2_ws/install/marvelmind_ros2_msgs/lib/python3.12/site-packages/marvelmind_ros2_msgs/marvelmind_ros2_msgs_s__rosidl_typesupport_c.so
[103.045s] -- Symlinking: /home/hutalia/ROS2_Hutalia/ros2_ws/install/marvelmind_ros2_msgs/share/ament_index/resource_index/rust_packages/marvelmind_ros2_msgs
[103.105s] -- Symlinking: /home/hutalia/ROS2_Hutalia/ros2_ws/install/marvelmind_ros2_msgs/share/marvelmind_ros2_msgs/rust/Cargo.toml
[103.150s] -- Symlinking: /home/hutalia/ROS2_Hutalia/ros2_ws/install/marvelmind_ros2_msgs/share/marvelmind_ros2_msgs/rust/build.rs
[103.195s] -- Symlinking: /home/hutalia/ROS2_Hutalia/ros2_ws/install/marvelmind_ros2_msgs/share/marvelmind_ros2_msgs/rust/src/lib.rs
[103.239s] -- Symlinking: /home/hutalia/ROS2_Hutalia/ros2_ws/install/marvelmind_ros2_msgs/share/marvelmind_ros2_msgs/rust/src/msg.rs
[103.282s] -- Symlinking: /home/hutalia/ROS2_Hutalia/ros2_ws/install/marvelmind_ros2_msgs/share/marvelmind_ros2_msgs/rust/src/msg/rmw.rs
[103.326s] -- Symlinking: /home/hutalia/ROS2_Hutalia/ros2_ws/install/marvelmind_ros2_msgs/share/marvelmind_ros2_msgs/rust/src/srv.rs
[103.370s] -- Symlinking: /home/hutalia/ROS2_Hutalia/ros2_ws/install/marvelmind_ros2_msgs/share/marvelmind_ros2_msgs/rust/src/srv/rmw.rs
[103.416s] -- Symlinking: /home/hutalia/ROS2_Hutalia/ros2_ws/install/marvelmind_ros2_msgs/share/marvelmind_ros2_msgs/msg/BeaconDistance.idl
[103.460s] -- Symlinking: /home/hutalia/ROS2_Hutalia/ros2_ws/install/marvelmind_ros2_msgs/share/marvelmind_ros2_msgs/msg/BeaconPositionAddressed.idl
[103.505s] -- Symlinking: /home/hutalia/ROS2_Hutalia/ros2_ws/install/marvelmind_ros2_msgs/share/marvelmind_ros2_msgs/msg/HedgeImuFusion.idl
[103.549s] -- Symlinking: /home/hutalia/ROS2_Hutalia/ros2_ws/install/marvelmind_ros2_msgs/share/marvelmind_ros2_msgs/msg/HedgeImuRaw.idl
[103.593s] -- Symlinking: /home/hutalia/ROS2_Hutalia/ros2_ws/install/marvelmind_ros2_msgs/share/marvelmind_ros2_msgs/msg/HedgePositionAddressed.idl
[103.637s] -- Symlinking: /home/hutalia/ROS2_Hutalia/ros2_ws/install/marvelmind_ros2_msgs/share/marvelmind_ros2_msgs/msg/HedgePositionAngle.idl
[103.682s] -- Symlinking: /home/hutalia/ROS2_Hutalia/ros2_ws/install/marvelmind_ros2_msgs/share/marvelmind_ros2_msgs/msg/HedgePosition.idl
[103.726s] -- Symlinking: /home/hutalia/ROS2_Hutalia/ros2_ws/install/marvelmind_ros2_msgs/share/marvelmind_ros2_msgs/msg/HedgeQuality.idl
[103.771s] -- Symlinking: /home/hutalia/ROS2_Hutalia/ros2_ws/install/marvelmind_ros2_msgs/share/marvelmind_ros2_msgs/msg/HedgeTelemetry.idl
[103.819s] -- Symlinking: /home/hutalia/ROS2_Hutalia/ros2_ws/install/marvelmind_ros2_msgs/share/marvelmind_ros2_msgs/msg/MarvelmindWaypoint.idl
[103.862s] -- Symlinking: /home/hutalia/ROS2_Hutalia/ros2_ws/install/marvelmind_ros2_msgs/share/marvelmind_ros2_msgs/msg/MarvelmindUserData.idl
[103.908s] -- Symlinking: /home/hutalia/ROS2_Hutalia/ros2_ws/install/marvelmind_ros2_msgs/share/marvelmind_ros2_msgs/srv/MarvelmindAPI.idl
[103.951s] -- Symlinking: /home/hutalia/ROS2_Hutalia/ros2_ws/install/marvelmind_ros2_msgs/share/marvelmind_ros2_msgs/msg/BeaconDistance.msg
[103.995s] -- Symlinking: /home/hutalia/ROS2_Hutalia/ros2_ws/install/marvelmind_ros2_msgs/share/marvelmind_ros2_msgs/msg/BeaconPositionAddressed.msg
[104.039s] -- Symlinking: /home/hutalia/ROS2_Hutalia/ros2_ws/install/marvelmind_ros2_msgs/share/marvelmind_ros2_msgs/msg/HedgeImuFusion.msg
[104.083s] -- Symlinking: /home/hutalia/ROS2_Hutalia/ros2_ws/install/marvelmind_ros2_msgs/share/marvelmind_ros2_msgs/msg/HedgeImuRaw.msg
[104.128s] -- Symlinking: /home/hutalia/ROS2_Hutalia/ros2_ws/install/marvelmind_ros2_msgs/share/marvelmind_ros2_msgs/msg/HedgePositionAddressed.msg
[104.172s] -- Symlinking: /home/hutalia/ROS2_Hutalia/ros2_ws/install/marvelmind_ros2_msgs/share/marvelmind_ros2_msgs/msg/HedgePositionAngle.msg
[104.220s] -- Symlinking: /home/hutalia/ROS2_Hutalia/ros2_ws/install/marvelmind_ros2_msgs/share/marvelmind_ros2_msgs/msg/HedgePosition.msg
[104.264s] -- Symlinking: /home/hutalia/ROS2_Hutalia/ros2_ws/install/marvelmind_ros2_msgs/share/marvelmind_ros2_msgs/msg/HedgeQuality.msg
[104.308s] -- Symlinking: /home/hutalia/ROS2_Hutalia/ros2_ws/install/marvelmind_ros2_msgs/share/marvelmind_ros2_msgs/msg/HedgeTelemetry.msg
[104.353s] -- Symlinking: /home/hutalia/ROS2_Hutalia/ros2_ws/install/marvelmind_ros2_msgs/share/marvelmind_ros2_msgs/msg/MarvelmindWaypoint.msg
[104.398s] -- Symlinking: /home/hutalia/ROS2_Hutalia/ros2_ws/install/marvelmind_ros2_msgs/share/marvelmind_ros2_msgs/msg/MarvelmindUserData.msg
[104.443s] -- Symlinking: /home/hutalia/ROS2_Hutalia/ros2_ws/install/marvelmind_ros2_msgs/share/marvelmind_ros2_msgs/srv/MarvelmindAPI.srv
[104.487s] -- Symlinking: /home/hutalia/ROS2_Hutalia/ros2_ws/install/marvelmind_ros2_msgs/share/ament_index/resource_index/package_run_dependencies/marvelmind_ros2_msgs
[104.531s] -- Symlinking: /home/hutalia/ROS2_Hutalia/ros2_ws/install/marvelmind_ros2_msgs/share/ament_index/resource_index/parent_prefix_path/marvelmind_ros2_msgs
[104.575s] -- Symlinking: /home/hutalia/ROS2_Hutalia/ros2_ws/install/marvelmind_ros2_msgs/share/marvelmind_ros2_msgs/environment/ament_prefix_path.sh
[104.620s] -- Symlinking: /home/hutalia/ROS2_Hutalia/ros2_ws/install/marvelmind_ros2_msgs/share/marvelmind_ros2_msgs/environment/ament_prefix_path.dsv
[104.664s] -- Symlinking: /home/hutalia/ROS2_Hutalia/ros2_ws/install/marvelmind_ros2_msgs/share/marvelmind_ros2_msgs/environment/path.sh
[104.709s] -- Symlinking: /home/hutalia/ROS2_Hutalia/ros2_ws/install/marvelmind_ros2_msgs/share/marvelmind_ros2_msgs/environment/path.dsv
[104.752s] -- Symlinking: /home/hutalia/ROS2_Hutalia/ros2_ws/install/marvelmind_ros2_msgs/share/marvelmind_ros2_msgs/local_setup.bash
[104.797s] -- Symlinking: /home/hutalia/ROS2_Hutalia/ros2_ws/install/marvelmind_ros2_msgs/share/marvelmind_ros2_msgs/local_setup.sh
[104.841s] -- Symlinking: /home/hutalia/ROS2_Hutalia/ros2_ws/install/marvelmind_ros2_msgs/share/marvelmind_ros2_msgs/local_setup.zsh
[104.884s] -- Symlinking: /home/hutalia/ROS2_Hutalia/ros2_ws/install/marvelmind_ros2_msgs/share/marvelmind_ros2_msgs/local_setup.dsv
[104.931s] -- Symlinking: /home/hutalia/ROS2_Hutalia/ros2_ws/install/marvelmind_ros2_msgs/share/marvelmind_ros2_msgs/package.dsv
[104.975s] -- Symlinking: /home/hutalia/ROS2_Hutalia/ros2_ws/install/marvelmind_ros2_msgs/share/ament_index/resource_index/packages/marvelmind_ros2_msgs
[105.021s] -- Symlinking: /home/hutalia/ROS2_Hutalia/ros2_ws/install/marvelmind_ros2_msgs/share/marvelmind_ros2_msgs/cmake/rosidl_cmake-extras.cmake
[105.065s] -- Symlinking: /home/hutalia/ROS2_Hutalia/ros2_ws/install/marvelmind_ros2_msgs/share/marvelmind_ros2_msgs/cmake/ament_cmake_export_dependencies-extras.cmake
[105.109s] -- Symlinking: /home/hutalia/ROS2_Hutalia/ros2_ws/install/marvelmind_ros2_msgs/share/marvelmind_ros2_msgs/cmake/ament_cmake_export_include_directories-extras.cmake
[105.155s] -- Symlinking: /home/hutalia/ROS2_Hutalia/ros2_ws/install/marvelmind_ros2_msgs/share/marvelmind_ros2_msgs/cmake/ament_cmake_export_libraries-extras.cmake
[105.200s] -- Symlinking: /home/hutalia/ROS2_Hutalia/ros2_ws/install/marvelmind_ros2_msgs/share/marvelmind_ros2_msgs/cmake/ament_cmake_export_targets-extras.cmake
[105.246s] -- Symlinking: /home/hutalia/ROS2_Hutalia/ros2_ws/install/marvelmind_ros2_msgs/share/marvelmind_ros2_msgs/cmake/rosidl_cmake_export_typesupport_targets-extras.cmake
[105.290s] -- Symlinking: /home/hutalia/ROS2_Hutalia/ros2_ws/install/marvelmind_ros2_msgs/share/marvelmind_ros2_msgs/cmake/rosidl_cmake_export_typesupport_libraries-extras.cmake
[105.335s] -- Symlinking: /home/hutalia/ROS2_Hutalia/ros2_ws/install/marvelmind_ros2_msgs/share/marvelmind_ros2_msgs/cmake/marvelmind_ros2_msgsConfig.cmake
[105.379s] -- Symlinking: /home/hutalia/ROS2_Hutalia/ros2_ws/install/marvelmind_ros2_msgs/share/marvelmind_ros2_msgs/cmake/marvelmind_ros2_msgsConfig-version.cmake
[105.426s] -- Symlinking: /home/hutalia/ROS2_Hutalia/ros2_ws/install/marvelmind_ros2_msgs/share/marvelmind_ros2_msgs/package.xml
[105.470s] -- Installing: /home/hutalia/ROS2_Hutalia/ros2_ws/install/marvelmind_ros2_msgs/lib/libmarvelmind_ros2_msgs__rosidl_generator_c.so
[105.474s] -- Set non-toolchain portion of runtime path of "/home/hutalia/ROS2_Hutalia/ros2_ws/install/marvelmind_ros2_msgs/lib/libmarvelmind_ros2_msgs__rosidl_generator_c.so" to ""
[105.475s] -- Installing: /home/hutalia/ROS2_Hutalia/ros2_ws/install/marvelmind_ros2_msgs/lib/libmarvelmind_ros2_msgs__rosidl_typesupport_fastrtps_c.so
[105.479s] -- Set non-toolchain portion of runtime path of "/home/hutalia/ROS2_Hutalia/ros2_ws/install/marvelmind_ros2_msgs/lib/libmarvelmind_ros2_msgs__rosidl_typesupport_fastrtps_c.so" to ""
[105.480s] -- Installing: /home/hutalia/ROS2_Hutalia/ros2_ws/install/marvelmind_ros2_msgs/lib/libmarvelmind_ros2_msgs__rosidl_typesupport_introspection_c.so
[105.483s] -- Set non-toolchain portion of runtime path of "/home/hutalia/ROS2_Hutalia/ros2_ws/install/marvelmind_ros2_msgs/lib/libmarvelmind_ros2_msgs__rosidl_typesupport_introspection_c.so" to ""
[105.484s] -- Installing: /home/hutalia/ROS2_Hutalia/ros2_ws/install/marvelmind_ros2_msgs/lib/libmarvelmind_ros2_msgs__rosidl_typesupport_c.so
[105.487s] -- Set non-toolchain portion of runtime path of "/home/hutalia/ROS2_Hutalia/ros2_ws/install/marvelmind_ros2_msgs/lib/libmarvelmind_ros2_msgs__rosidl_typesupport_c.so" to ""
[105.487s] -- Installing: /home/hutalia/ROS2_Hutalia/ros2_ws/install/marvelmind_ros2_msgs/lib/libmarvelmind_ros2_msgs__rosidl_typesupport_fastrtps_cpp.so
[105.493s] -- Set non-toolchain portion of runtime path of "/home/hutalia/ROS2_Hutalia/ros2_ws/install/marvelmind_ros2_msgs/lib/libmarvelmind_ros2_msgs__rosidl_typesupport_fastrtps_cpp.so" to ""
[105.493s] -- Installing: /home/hutalia/ROS2_Hutalia/ros2_ws/install/marvelmind_ros2_msgs/lib/libmarvelmind_ros2_msgs__rosidl_typesupport_introspection_cpp.so
[105.497s] -- Set non-toolchain portion of runtime path of "/home/hutalia/ROS2_Hutalia/ros2_ws/install/marvelmind_ros2_msgs/lib/libmarvelmind_ros2_msgs__rosidl_typesupport_introspection_cpp.so" to ""
[105.498s] -- Installing: /home/hutalia/ROS2_Hutalia/ros2_ws/install/marvelmind_ros2_msgs/lib/libmarvelmind_ros2_msgs__rosidl_typesupport_cpp.so
[105.502s] -- Set non-toolchain portion of runtime path of "/home/hutalia/ROS2_Hutalia/ros2_ws/install/marvelmind_ros2_msgs/lib/libmarvelmind_ros2_msgs__rosidl_typesupport_cpp.so" to ""
[105.759s] Listing '/home/hutalia/ROS2_Hutalia/ros2_ws/install/marvelmind_ros2_msgs/lib/python3.12/site-packages/marvelmind_ros2_msgs'...
[105.761s] Compiling '/home/hutalia/ROS2_Hutalia/ros2_ws/install/marvelmind_ros2_msgs/lib/python3.12/site-packages/marvelmind_ros2_msgs/__init__.py'...
[105.762s] Listing '/home/hutalia/ROS2_Hutalia/ros2_ws/install/marvelmind_ros2_msgs/lib/python3.12/site-packages/marvelmind_ros2_msgs/msg'...
[105.763s] Compiling '/home/hutalia/ROS2_Hutalia/ros2_ws/install/marvelmind_ros2_msgs/lib/python3.12/site-packages/marvelmind_ros2_msgs/msg/__init__.py'...
[105.765s] Compiling '/home/hutalia/ROS2_Hutalia/ros2_ws/install/marvelmind_ros2_msgs/lib/python3.12/site-packages/marvelmind_ros2_msgs/msg/_beacon_distance.py'...
[105.765s] Compiling '/home/hutalia/ROS2_Hutalia/ros2_ws/install/marvelmind_ros2_msgs/lib/python3.12/site-packages/marvelmind_ros2_msgs/msg/_beacon_position_addressed.py'...
[105.767s] Compiling '/home/hutalia/ROS2_Hutalia/ros2_ws/install/marvelmind_ros2_msgs/lib/python3.12/site-packages/marvelmind_ros2_msgs/msg/_hedge_imu_fusion.py'...
[105.768s] Compiling '/home/hutalia/ROS2_Hutalia/ros2_ws/install/marvelmind_ros2_msgs/lib/python3.12/site-packages/marvelmind_ros2_msgs/msg/_hedge_imu_raw.py'...
[105.770s] Compiling '/home/hutalia/ROS2_Hutalia/ros2_ws/install/marvelmind_ros2_msgs/lib/python3.12/site-packages/marvelmind_ros2_msgs/msg/_hedge_position.py'...
[105.771s] Compiling '/home/hutalia/ROS2_Hutalia/ros2_ws/install/marvelmind_ros2_msgs/lib/python3.12/site-packages/marvelmind_ros2_msgs/msg/_hedge_position_addressed.py'...
[105.773s] Compiling '/home/hutalia/ROS2_Hutalia/ros2_ws/install/marvelmind_ros2_msgs/lib/python3.12/site-packages/marvelmind_ros2_msgs/msg/_hedge_position_angle.py'...
[105.774s] Compiling '/home/hutalia/ROS2_Hutalia/ros2_ws/install/marvelmind_ros2_msgs/lib/python3.12/site-packages/marvelmind_ros2_msgs/msg/_hedge_quality.py'...
[105.775s] Compiling '/home/hutalia/ROS2_Hutalia/ros2_ws/install/marvelmind_ros2_msgs/lib/python3.12/site-packages/marvelmind_ros2_msgs/msg/_hedge_telemetry.py'...
[105.776s] Compiling '/home/hutalia/ROS2_Hutalia/ros2_ws/install/marvelmind_ros2_msgs/lib/python3.12/site-packages/marvelmind_ros2_msgs/msg/_marvelmind_user_data.py'...
[105.777s] Compiling '/home/hutalia/ROS2_Hutalia/ros2_ws/install/marvelmind_ros2_msgs/lib/python3.12/site-packages/marvelmind_ros2_msgs/msg/_marvelmind_waypoint.py'...
[105.778s] Listing '/home/hutalia/ROS2_Hutalia/ros2_ws/install/marvelmind_ros2_msgs/lib/python3.12/site-packages/marvelmind_ros2_msgs/srv'...
[105.778s] Compiling '/home/hutalia/ROS2_Hutalia/ros2_ws/install/marvelmind_ros2_msgs/lib/python3.12/site-packages/marvelmind_ros2_msgs/srv/__init__.py'...
[105.779s] Compiling '/home/hutalia/ROS2_Hutalia/ros2_ws/install/marvelmind_ros2_msgs/lib/python3.12/site-packages/marvelmind_ros2_msgs/srv/_marvelmind_api.py'...
[105.794s] -- Installing: /home/hutalia/ROS2_Hutalia/ros2_ws/install/marvelmind_ros2_msgs/lib/libmarvelmind_ros2_msgs__rosidl_generator_py.so
[105.797s] -- Set non-toolchain portion of runtime path of "/home/hutalia/ROS2_Hutalia/ros2_ws/install/marvelmind_ros2_msgs/lib/libmarvelmind_ros2_msgs__rosidl_generator_py.so" to ""
[105.798s] -- Installing: /home/hutalia/ROS2_Hutalia/ros2_ws/install/marvelmind_ros2_msgs/share/marvelmind_ros2_msgs/cmake/export_marvelmind_ros2_msgs__rosidl_generator_cExport.cmake
[105.800s] -- Installing: /home/hutalia/ROS2_Hutalia/ros2_ws/install/marvelmind_ros2_msgs/share/marvelmind_ros2_msgs/cmake/export_marvelmind_ros2_msgs__rosidl_generator_cExport-noconfig.cmake
[105.801s] -- Installing: /home/hutalia/ROS2_Hutalia/ros2_ws/install/marvelmind_ros2_msgs/share/marvelmind_ros2_msgs/cmake/export_marvelmind_ros2_msgs__rosidl_typesupport_fastrtps_cExport.cmake
[105.803s] -- Installing: /home/hutalia/ROS2_Hutalia/ros2_ws/install/marvelmind_ros2_msgs/share/marvelmind_ros2_msgs/cmake/export_marvelmind_ros2_msgs__rosidl_typesupport_fastrtps_cExport-noconfig.cmake
[105.805s] -- Installing: /home/hutalia/ROS2_Hutalia/ros2_ws/install/marvelmind_ros2_msgs/share/marvelmind_ros2_msgs/cmake/marvelmind_ros2_msgs__rosidl_typesupport_introspection_cExport.cmake
[105.807s] -- Installing: /home/hutalia/ROS2_Hutalia/ros2_ws/install/marvelmind_ros2_msgs/share/marvelmind_ros2_msgs/cmake/marvelmind_ros2_msgs__rosidl_typesupport_introspection_cExport-noconfig.cmake
[105.808s] -- Installing: /home/hutalia/ROS2_Hutalia/ros2_ws/install/marvelmind_ros2_msgs/share/marvelmind_ros2_msgs/cmake/marvelmind_ros2_msgs__rosidl_typesupport_cExport.cmake
[105.810s] -- Installing: /home/hutalia/ROS2_Hutalia/ros2_ws/install/marvelmind_ros2_msgs/share/marvelmind_ros2_msgs/cmake/marvelmind_ros2_msgs__rosidl_typesupport_cExport-noconfig.cmake
[105.812s] -- Installing: /home/hutalia/ROS2_Hutalia/ros2_ws/install/marvelmind_ros2_msgs/share/marvelmind_ros2_msgs/cmake/export_marvelmind_ros2_msgs__rosidl_generator_cppExport.cmake
[105.814s] -- Installing: /home/hutalia/ROS2_Hutalia/ros2_ws/install/marvelmind_ros2_msgs/share/marvelmind_ros2_msgs/cmake/export_marvelmind_ros2_msgs__rosidl_typesupport_fastrtps_cppExport.cmake
[105.815s] -- Installing: /home/hutalia/ROS2_Hutalia/ros2_ws/install/marvelmind_ros2_msgs/share/marvelmind_ros2_msgs/cmake/export_marvelmind_ros2_msgs__rosidl_typesupport_fastrtps_cppExport-noconfig.cmake
[105.817s] -- Installing: /home/hutalia/ROS2_Hutalia/ros2_ws/install/marvelmind_ros2_msgs/share/marvelmind_ros2_msgs/cmake/marvelmind_ros2_msgs__rosidl_typesupport_introspection_cppExport.cmake
[105.819s] -- Installing: /home/hutalia/ROS2_Hutalia/ros2_ws/install/marvelmind_ros2_msgs/share/marvelmind_ros2_msgs/cmake/marvelmind_ros2_msgs__rosidl_typesupport_introspection_cppExport-noconfig.cmake
[105.821s] -- Installing: /home/hutalia/ROS2_Hutalia/ros2_ws/install/marvelmind_ros2_msgs/share/marvelmind_ros2_msgs/cmake/marvelmind_ros2_msgs__rosidl_typesupport_cppExport.cmake
[105.822s] -- Installing: /home/hutalia/ROS2_Hutalia/ros2_ws/install/marvelmind_ros2_msgs/share/marvelmind_ros2_msgs/cmake/marvelmind_ros2_msgs__rosidl_typesupport_cppExport-noconfig.cmake
[105.824s] -- Installing: /home/hutalia/ROS2_Hutalia/ros2_ws/install/marvelmind_ros2_msgs/share/marvelmind_ros2_msgs/cmake/export_marvelmind_ros2_msgs__rosidl_generator_pyExport.cmake
[105.826s] -- Installing: /home/hutalia/ROS2_Hutalia/ros2_ws/install/marvelmind_ros2_msgs/share/marvelmind_ros2_msgs/cmake/export_marvelmind_ros2_msgs__rosidl_generator_pyExport-noconfig.cmake
[105.836s] Invoked command in '/home/hutalia/ROS2_Hutalia/ros2_ws/build/marvelmind_ros2_msgs' returned '0': CMAKE_PREFIX_PATH=/opt/ros/jazzy /usr/bin/cmake --install /home/hutalia/ROS2_Hutalia/ros2_ws/build/marvelmind_ros2_msgs
